Timestamp                          |  2018-11-28 13:00:06
==========================================================================================
Starting...
==========================================================================================
  Tool version                     |  2.4.1
  Command line args                |  -mode:Remove 
  Execution path                   |  X:\ISS_delivery\CBD1800257_D01\external\ThirdParty\McalIntegrationHelper\3rdPartyMcalIntegrationHelper.exe
  Calling path                     |  X:\ISS_delivery\CBD1800257_D01\external\ThirdParty\Mcal_S32k\VectorIntegration
  Config file                      |  X:\ISS_delivery\CBD1800257_D01\external\ThirdParty\Mcal_S32k\VectorIntegration\MIPconfig.xml
==========================================================================================
Parsing config...
==========================================================================================
  Schema version                   |  2.0.7
  SipBase absolute path            |  X:\ISS_delivery\CBD1800257_D01\external
  McalSupply absolute path         |  X:\ISS_delivery\CBD1800257_D01\external\ThirdParty\Mcal_S32k\Supply
------------------------------------------------------------------------------------------
Configured packages                
------------------------------------------------------------------------------------------
  Summary                          |  
  Summary                          |  MCAL Package
  NameExpected                     |  S32K14X_MCAL4_0_RTM_HF2_1_0_1
  UsesStructureExpected            |  False
  NameDescription                  |  S32K14X_MCAL4_0_RTM_HF2_1_0_1
  Description                      |  S32K14X_MCAL4_0_RTM_HF2_1_0_1 - NXP's Mcal for S32K14x incl. HF2
  Mandatory                        |  True
  Id                               |  1
  UsesRegex                        |  False
  ----------------------------------------------------------------------------------------
  Summary                          |  Tresos Tool
  NameExpected                     |  Tresos
  UsesStructureExpected            |  False
  NameDescription                  |  Tresos
  Description                      |  Contains the 3rd party configuration and generation tool chain.
  Mandatory                        |  True
  Id                               |  2
  UsesRegex                        |  False
  ----------------------------------------------------------------------------------------
  Summary                          |  Sample Application
  NameExpected                     |  S32K14X_MCAL4_0_RTM_1_0_1
  UsesStructureExpected            |  False
  NameDescription                  |  S32K14X_MCAL4_0_RTM_1_0_1
  Description                      |  S32K14X_MCAL4_0_RTM_1_0_1 - NXP's Mcal for S32K14x incl. Sample Application
  Mandatory                        |  False
  Id                               |  3
  UsesRegex                        |  False
  ----------------------------------------------------------------------------------------
  Summary                          |  Eep Package
  NameExpected                     |  S32K14X_MCAL4_0_RTM_P1_1_0_1_EEPonly
  UsesStructureExpected            |  False
  NameDescription                  |  S32K14X_MCAL4_0_RTM_P1_1_0_1_EEPonly
  Description                      |  S32K14X_MCAL4_0_RTM_P1_1_0_1_EEPonly - NXP's Eep driver package for S32K14x
  Mandatory                        |  False
  Id                               |  4
  UsesRegex                        |  False
  ----------------------------------------------------------------------------------------
  Summary                          |  CSEC Package
  NameExpected                     |  S32K14X_CSEC_MCAL4_0_RTM_P2_1_0_1
  UsesStructureExpected            |  False
  NameDescription                  |  S32K14X_CSEC_MCAL4_0_RTM_P2_1_0_1
  Description                      |  S32K14X_CSEC_MCAL4_0_RTM_P2_1_0_1 - NXP's AUTOSAR 4.0 Security package for S32K14x
  Mandatory                        |  False
  Id                               |  5
  UsesRegex                        |  False
  ----------------------------------------------------------------------------------------
  ----------------------------------------------------------------------------------------
  Summary                          |  
  Summary                          |  MCAL Package
  NameExpected                     |  S32K14X_MCAL4_0_RTM_HF1_1_0_3
  UsesStructureExpected            |  False
  NameDescription                  |  S32K14X_MCAL4_0_RTM_HF1_1_0_3
  Description                      |  S32K14X_MCAL4_0_RTM_HF1_1_0_3 - NXP's Mcal for S32K14x
  Mandatory                        |  True
  Id                               |  1
  UsesRegex                        |  False
  ----------------------------------------------------------------------------------------
  Summary                          |  Tresos Tool
  NameExpected                     |  Tresos
  UsesStructureExpected            |  False
  NameDescription                  |  Tresos
  Description                      |  Contains the 3rd party configuration and generation tool chain.
  Mandatory                        |  True
  Id                               |  2
  UsesRegex                        |  False
  ----------------------------------------------------------------------------------------
  Summary                          |  CSEC Package
  NameExpected                     |  S32K14X_CSEC_MCAL4_0_RTM_1_0_3
  UsesStructureExpected            |  False
  NameDescription                  |  S32K14X_CSEC_MCAL4_0_RTM_1_0_3
  Description                      |  S32K14X_CSEC_MCAL4_0_RTM_1_0_3 - NXP's AUTOSAR 4.0 Security package for S32K14x
  Mandatory                        |  False
  Id                               |  5
  UsesRegex                        |  False
  ----------------------------------------------------------------------------------------
  ----------------------------------------------------------------------------------------
  Summary                          |  
  Summary                          |  MCAL Package
  NameExpected                     |  S32K14X_MCAL4_2_RTM_HF2_1_0_0
  UsesStructureExpected            |  False
  NameDescription                  |  S32K14X_MCAL4_2_RTM_HF2_1_0_0
  Description                      |  S32K14X_MCAL4_2_RTM_HF2_1_0_0 - NXP's AUTOSAR 4.2 Mcal for S32K14x
  Mandatory                        |  True
  Id                               |  1
  UsesRegex                        |  False
  ----------------------------------------------------------------------------------------
  Summary                          |  Tresos Tool
  NameExpected                     |  Tresos
  UsesStructureExpected            |  False
  NameDescription                  |  Tresos
  Description                      |  Contains the 3rd party configuration and generation tool chain.
  Mandatory                        |  True
  Id                               |  2
  UsesRegex                        |  False
  ----------------------------------------------------------------------------------------
  Summary                          |  Sample Application
  NameExpected                     |  S32K14X_MCAL4_2_RTM_1_0_0
  UsesStructureExpected            |  False
  NameDescription                  |  S32K14X_MCAL4_2_RTM_1_0_0
  Description                      |  S32K14X_MCAL4_2_RTM_1_0_0 - NXP's Mcal for S32K14x incl. Sample Application
  Mandatory                        |  False
  Id                               |  3
  UsesRegex                        |  False
  ----------------------------------------------------------------------------------------
  Summary                          |  CSEC Package
  NameExpected                     |  S32K14X_CSEC_MCAL4_2_RTM_1_0_0
  UsesStructureExpected            |  False
  NameDescription                  |  S32K14X_CSEC_MCAL4_2_RTM_1_0_0
  Description                      |  S32K14X_CSEC_MCAL4_2_RTM_1_0_0 - NXP's AUTOSAR 4.2 Security package for S32K14x
  Mandatory                        |  False
  Id                               |  5
  UsesRegex                        |  False
  ----------------------------------------------------------------------------------------
  ----------------------------------------------------------------------------------------
  Summary                          |  
  Summary                          |  MCAL Package
  NameExpected                     |  S32K14X_MCAL4_2_RTM_HF3_1_0_1
  UsesStructureExpected            |  False
  NameDescription                  |  S32K14X_MCAL4_2_RTM_HF3_1_0_1
  Description                      |  S32K14X_MCAL4_2_RTM_HF3_1_0_1 - NXP's AUTOSAR 4.2 Mcal for S32K14x
  Mandatory                        |  True
  Id                               |  1
  UsesRegex                        |  False
  ----------------------------------------------------------------------------------------
  Summary                          |  Tresos Tool
  NameExpected                     |  Tresos
  UsesStructureExpected            |  False
  NameDescription                  |  Tresos
  Description                      |  Contains the 3rd party configuration and generation tool chain.
  Mandatory                        |  True
  Id                               |  2
  UsesRegex                        |  False
  ----------------------------------------------------------------------------------------
  Summary                          |  CSEC Package
  NameExpected                     |  S32K14X_CSEC_MCAL4_2_RTM_1_0_1
  UsesStructureExpected            |  False
  NameDescription                  |  S32K14X_CSEC_MCAL4_2_RTM_1_0_1
  Description                      |  S32K14X_CSEC_MCAL4_2_RTM_1_0_1 - NXP's AUTOSAR 4.2 Security package for S32K14x
  Mandatory                        |  False
  Id                               |  5
  UsesRegex                        |  False
  ----------------------------------------------------------------------------------------
  ----------------------------------------------------------------------------------------
==========================================================================================
Packages found in SIP
==========================================================================================
  Name                             |  S32K14X_CSEC_MCAL4_2_RTM_1_0_0
  Path_Abs                         |  X:\ISS_delivery\CBD1800257_D01\external\ThirdParty\Mcal_S32k\Supply\S32K14X_CSEC_MCAL4_2_RTM_1_0_0
  PackageIdentified                |  False
  ----------------------------------------------------------------------------------------
  Name                             |  S32K14X_MCAL4_2_RTM_1_0_0
  Path_Abs                         |  X:\ISS_delivery\CBD1800257_D01\external\ThirdParty\Mcal_S32k\Supply\S32K14X_MCAL4_2_RTM_1_0_0
  PackageIdentified                |  False
  ----------------------------------------------------------------------------------------
  Name                             |  S32K14X_MCAL4_2_RTM_HF2_1_0_0
  Path_Abs                         |  X:\ISS_delivery\CBD1800257_D01\external\ThirdParty\Mcal_S32k\Supply\S32K14X_MCAL4_2_RTM_HF2_1_0_0
  PackageIdentified                |  False
  ----------------------------------------------------------------------------------------
  Name                             |  Tresos
  Path_Abs                         |  X:\ISS_delivery\CBD1800257_D01\external\ThirdParty\Mcal_S32k\Supply\Tresos
  PackageIdentified                |  False
  ----------------------------------------------------------------------------------------
==========================================================================================
Result after matching/merging config and SIP
==========================================================================================
  Abstract                         |  MCAL Package
  Description                      |  S32K14X_MCAL4_2_RTM_HF2_1_0_0 - NXP's AUTOSAR 4.2 Mcal for S32K14x
  NameExpected                     |  S32K14X_MCAL4_2_RTM_HF2_1_0_0
  NameDescription                  |  S32K14X_MCAL4_2_RTM_HF2_1_0_0
  NameAvailableInSip               |  S32K14X_MCAL4_2_RTM_HF2_1_0_0
  NameDistance                     |  0
  IsMandatory                      |  True
  State                            |  AVAILABLE_EXPECTED
  CopyFrom_Abs                     |  
  PathInSip_Rel                    |  ThirdParty\Mcal_S32k\Supply\S32K14X_MCAL4_2_RTM_HF2_1_0_0
  ActionSelected                   |  IGNORE
  ----------------------------------------------------------------------------------------
  Abstract                         |  Tresos Tool
  Description                      |  Contains the 3rd party configuration and generation tool chain.
  NameExpected                     |  Tresos
  NameDescription                  |  Tresos
  NameAvailableInSip               |  Tresos
  NameDistance                     |  0
  IsMandatory                      |  True
  State                            |  AVAILABLE_EXPECTED
  CopyFrom_Abs                     |  
  PathInSip_Rel                    |  ThirdParty\Mcal_S32k\Supply\Tresos
  ActionSelected                   |  IGNORE
  ----------------------------------------------------------------------------------------
  Abstract                         |  Sample Application
  Description                      |  S32K14X_MCAL4_2_RTM_1_0_0 - NXP's Mcal for S32K14x incl. Sample Application
  NameExpected                     |  S32K14X_MCAL4_2_RTM_1_0_0
  NameDescription                  |  S32K14X_MCAL4_2_RTM_1_0_0
  NameAvailableInSip               |  S32K14X_MCAL4_2_RTM_1_0_0
  NameDistance                     |  0
  IsMandatory                      |  False
  State                            |  AVAILABLE_EXPECTED
  CopyFrom_Abs                     |  
  PathInSip_Rel                    |  ThirdParty\Mcal_S32k\Supply\S32K14X_MCAL4_2_RTM_1_0_0
  ActionSelected                   |  IGNORE
  ----------------------------------------------------------------------------------------
  Abstract                         |  CSEC Package
  Description                      |  S32K14X_CSEC_MCAL4_2_RTM_1_0_0 - NXP's AUTOSAR 4.2 Security package for S32K14x
  NameExpected                     |  S32K14X_CSEC_MCAL4_2_RTM_1_0_0
  NameDescription                  |  S32K14X_CSEC_MCAL4_2_RTM_1_0_0
  NameAvailableInSip               |  S32K14X_CSEC_MCAL4_2_RTM_1_0_0
  NameDistance                     |  0
  IsMandatory                      |  False
  State                            |  AVAILABLE_EXPECTED
  CopyFrom_Abs                     |  
  PathInSip_Rel                    |  ThirdParty\Mcal_S32k\Supply\S32K14X_CSEC_MCAL4_2_RTM_1_0_0
  ActionSelected                   |  IGNORE
  ----------------------------------------------------------------------------------------
==========================================================================================
Package status according to user settings
==========================================================================================
  Abstract                         |  MCAL Package
  Description                      |  S32K14X_MCAL4_2_RTM_HF2_1_0_0 - NXP's AUTOSAR 4.2 Mcal for S32K14x
  NameExpected                     |  S32K14X_MCAL4_2_RTM_HF2_1_0_0
  NameDescription                  |  S32K14X_MCAL4_2_RTM_HF2_1_0_0
  NameAvailableInSip               |  S32K14X_MCAL4_2_RTM_HF2_1_0_0
  NameDistance                     |  0
  IsMandatory                      |  True
  State                            |  AVAILABLE_EXPECTED
  CopyFrom_Abs                     |  
  PathInSip_Rel                    |  ThirdParty\Mcal_S32k\Supply\S32K14X_MCAL4_2_RTM_HF2_1_0_0
  ActionSelected                   |  KEEP
  ----------------------------------------------------------------------------------------
  Abstract                         |  Tresos Tool
  Description                      |  Contains the 3rd party configuration and generation tool chain.
  NameExpected                     |  Tresos
  NameDescription                  |  Tresos
  NameAvailableInSip               |  Tresos
  NameDistance                     |  0
  IsMandatory                      |  True
  State                            |  AVAILABLE_EXPECTED
  CopyFrom_Abs                     |  
  PathInSip_Rel                    |  ThirdParty\Mcal_S32k\Supply\Tresos
  ActionSelected                   |  KEEP
  ----------------------------------------------------------------------------------------
  Abstract                         |  Sample Application
  Description                      |  S32K14X_MCAL4_2_RTM_1_0_0 - NXP's Mcal for S32K14x incl. Sample Application
  NameExpected                     |  S32K14X_MCAL4_2_RTM_1_0_0
  NameDescription                  |  S32K14X_MCAL4_2_RTM_1_0_0
  NameAvailableInSip               |  S32K14X_MCAL4_2_RTM_1_0_0
  NameDistance                     |  0
  IsMandatory                      |  False
  State                            |  AVAILABLE_EXPECTED
  CopyFrom_Abs                     |  
  PathInSip_Rel                    |  ThirdParty\Mcal_S32k\Supply\S32K14X_MCAL4_2_RTM_1_0_0
  ActionSelected                   |  KEEP
  ----------------------------------------------------------------------------------------
  Abstract                         |  CSEC Package
  Description                      |  S32K14X_CSEC_MCAL4_2_RTM_1_0_0 - NXP's AUTOSAR 4.2 Security package for S32K14x
  NameExpected                     |  S32K14X_CSEC_MCAL4_2_RTM_1_0_0
  NameDescription                  |  S32K14X_CSEC_MCAL4_2_RTM_1_0_0
  NameAvailableInSip               |  S32K14X_CSEC_MCAL4_2_RTM_1_0_0
  NameDistance                     |  0
  IsMandatory                      |  False
  State                            |  AVAILABLE_EXPECTED
  CopyFrom_Abs                     |  
  PathInSip_Rel                    |  ThirdParty\Mcal_S32k\Supply\S32K14X_CSEC_MCAL4_2_RTM_1_0_0
  ActionSelected                   |  KEEP
  ----------------------------------------------------------------------------------------
==========================================================================================
Evaluate configured actions of packages...
==========================================================================================
    ActionRemovePackage            |  Remove package: MCAL Package |   path: ThirdParty\Mcal_S32k\Supply\S32K14X_MCAL4_2_RTM_HF2_1_0_0
    ActionRemovePackage            |  Remove package: Tresos Tool |   path: ThirdParty\Mcal_S32k\Supply\Tresos
    ActionRemovePackage            |  Remove package: Sample Application |   path: ThirdParty\Mcal_S32k\Supply\S32K14X_MCAL4_2_RTM_1_0_0
    ActionRemovePackage            |  Remove package: CSEC Package |   path: ThirdParty\Mcal_S32k\Supply\S32K14X_CSEC_MCAL4_2_RTM_1_0_0
    ActionRemove                   |  Remove internal process file:  |   path: ?CONST.Supply_PathRel?
==========================================================================================
Start execution of actions...
==========================================================================================
Start action                       |  Remove package: MCAL Package |   path: ThirdParty\Mcal_S32k\Supply\S32K14X_MCAL4_2_RTM_HF2_1_0_0
  Remove directory, path           |  X:\ISS_delivery\CBD1800257_D01\external\ThirdParty\Mcal_S32k\Supply\S32K14X_MCAL4_2_RTM_HF2_1_0_0
Result                             |  Finished
------------------------------------------------------------------------------------------
Start action                       |  Remove package: Tresos Tool |   path: ThirdParty\Mcal_S32k\Supply\Tresos
  Remove directory, path           |  X:\ISS_delivery\CBD1800257_D01\external\ThirdParty\Mcal_S32k\Supply\Tresos
Result                             |  Finished
------------------------------------------------------------------------------------------
Start action                       |  Remove package: Sample Application |   path: ThirdParty\Mcal_S32k\Supply\S32K14X_MCAL4_2_RTM_1_0_0
  Remove directory, path           |  X:\ISS_delivery\CBD1800257_D01\external\ThirdParty\Mcal_S32k\Supply\S32K14X_MCAL4_2_RTM_1_0_0
Result                             |  Finished
------------------------------------------------------------------------------------------
Start action                       |  Remove package: CSEC Package |   path: ThirdParty\Mcal_S32k\Supply\S32K14X_CSEC_MCAL4_2_RTM_1_0_0
  Remove directory, path           |  X:\ISS_delivery\CBD1800257_D01\external\ThirdParty\Mcal_S32k\Supply\S32K14X_CSEC_MCAL4_2_RTM_1_0_0
Result                             |  Finished
------------------------------------------------------------------------------------------
Start action                       |  Remove internal process file:  |   path: ?CONST.Supply_PathRel?
  Path pattern                     |  ?CONST.Supply_PathRel?
    deleting                       |  X:\ISS_delivery\CBD1800257_D01\external\ThirdParty\Mcal_S32k\Supply
Result                             |  Finished
All actions completed
==========================================================================================
Exit with code                     |  OK
