2026-01-29 - 21:24:27
Workflow 'Update workflow.' started.
              Using DaVinci Configurator  5.18.37 SP1 (x86_64).
 21:24:27 - Action 'Validate workflow environment' started.
 21:24:27 - Action 'Validate dpa file' started.
 21:24:29 - Action 'Validate dpa file' successfully finished.
 21:24:29 - Action 'SLP conformance check' started.
 21:24:29 - Action 'SLP conformance check' successfully finished.
 21:24:29 - Action 'Validate workflow environment' successfully finished.
 21:24:29 - Action 'Input File Pre-Processing' started.
 21:24:29 - Action 'Converting legacy file(s) to AUTOSAR files' started.
 21:24:29 - Action 'Converting legacy file(s) to AUTOSAR files' started.
              Convert legacy file(s) to System Description.
              Used executable: D:\Vector SIP\SIP-S32K14x\AUTOSAR_TOOLs\S32K144_SIP\MICROSAR\CBD1800257_D01_S32K1xx\Generators\LegacyDb2SystemDescrConverter\LegacyDb2SystemDescrConverter.exe.
              Arguments: "D:\Vector SIP\SIP-S32K14x\AUTOSAR_TOOLs\S32K144_SIP\MICROSAR\CBD1800257_D01_S32K1xx\Applications\S32K144_Start_new_IAR\Inputfiles\CAN.dbc" -o "C:\Users\LIN\AppData\Local\Temp\DaVinci\Cfg-2340412\LegacyConverterResults\1769693069486-0\ConvertedLegacy" -r 42 -e -v 19.
              
              Vector Legacy Database Converter.
              Version: 1.8.24.0.
              Copyright (c) 2018 Vector Informatik GmbH.
              License is restricted to the usage with CBD1800257 (D01) for MSR_Vector_SLP4.
              
              [info] SIP License found as D:\Vector SIP\SIP-S32K14x\AUTOSAR_TOOLs\S32K144_SIP\MICROSAR\CBD1800257_D01_S32K1xx\SipLicense.lic.
              [info] Command line: "D:\Vector SIP\SIP-S32K14x\AUTOSAR_TOOLs\S32K144_SIP\MICROSAR\CBD1800257_D01_S32K1xx\Generators\LegacyDb2SystemDescrConverter\LegacyDb2SystemDescrConverter.exe" "D:\Vector SIP\SIP-S32K14x\AUTOSAR_TOOLs\S32K144_SIP\MICROSAR\CBD1800257_D01_S32K1xx\Applications\S32K144_Start_new_IAR\Inputfiles\CAN.dbc" -o "C:\Users\LIN\AppData\Local\Temp\DaVinci\Cfg-2340412\LegacyConverterResults\1769693069486-0\ConvertedLegacy" -r 42 -e -v 19.
              [info] Converting DBC file D:\Vector SIP\SIP-S32K14x\AUTOSAR_TOOLs\S32K144_SIP\MICROSAR\CBD1800257_D01_S32K1xx\Applications\S32K144_Start_new_IAR\Inputfiles\CAN.dbc.
              [warning] DBC message BatteryStatus has an GenMsgCycleTime value of 0.
                    ==> ISignalIPdu.CyclicTiming.TimePeriod will be 0.
              [info] Writing System Description...
              [info] Writing 3 ECU Extracts...
              
              C:\Users\LIN\AppData\Local\Temp\DaVinci\Cfg-2340412\LegacyConverterResults\1769693069486-0\ConvertedLegacy.arxml.
              C:\Users\LIN\AppData\Local\Temp\DaVinci\Cfg-2340412\LegacyConverterResults\1769693069486-0\ConvertedLegacy_MyECU.arxml.
              C:\Users\LIN\AppData\Local\Temp\DaVinci\Cfg-2340412\LegacyConverterResults\1769693069486-0\ConvertedLegacy_RearECU.arxml.
              C:\Users\LIN\AppData\Local\Temp\DaVinci\Cfg-2340412\LegacyConverterResults\1769693069486-0\ConvertedLegacy_Tester.arxml.
              Elapsed time: 3.150 seconds.
              0 Errors.
              1 Warnings.
              [Warning] Legacy Converter finished with errors/warnings.
 21:24:35 - Action 'Converting legacy file(s) to AUTOSAR files' successfully finished with warnings.
                 [Warning] Legacy Converter finished with errors/warnings.
 21:24:35 - Action 'Converting legacy file(s) to AUTOSAR files' successfully finished with warnings.
                 [Warning] Legacy Converter finished with errors/warnings.
 21:24:35 - Action 'Converting legacy diagnostics file(s) to AUTOSAR files' started.
              [21:24:39] INFO   ----> Process of diagnostic specification.
              [21:24:40] INFO   DDM-Version: 14.0.0 (RELEASE).
              [21:24:40] INFO   Importing ODX file D:\Vector SIP\SIP-S32K14x\AUTOSAR_TOOLs\S32K144_SIP\MICROSAR\CBD1800257_D01_S32K1xx\Applications\S32K144_Start_new_IAR\Inputfiles\ForTraining.cdd, ECU: New_ECU_1, variant: CommonDiagnostics.
              [21:24:40] INFO   Selecting ECU 'New_ECU_1'  Variant 'CommonDiagnostics'  Protocol UDS.
              [21:24:40] INFO   Selecting Manufacturer 'Vector'.
              [21:24:40] INFO   'Vector' was selected and 'Vector' was detected.
              [21:24:40] INFO   Importing Database information.
              [21:24:40] INFO   ----> Importing Variants.
              [21:24:40] INFO   <---- Importing Variants.
              [21:24:40] INFO   ----> Importing StateGroups.
              [21:24:40] INFO   Importing StateMachine information.
              [21:24:40] INFO   <---- Importing StateGroups.
              [21:24:40] INFO   ----> Importing Services.
              [21:24:40] INFO   Importing Service '1001'.
              [21:24:40] INFO   Importing Service '1002'.
              [21:24:40] INFO   Importing Service '1003'.
              [21:24:40] INFO   Importing Service '1101'.
              [21:24:40] INFO   Importing Service '14'.
              [21:24:40] INFO   Importing Service '1901'.
              [21:24:40] INFO   Importing Service '1902'.
              [21:24:40] INFO   Importing Service '1906'.
              [21:24:40] INFO   Importing Service '221000'.
              [21:24:40] INFO   Importing Service '2701'.
              [21:24:40] INFO   Importing Service '2702'.
              [21:24:40] INFO   Importing Service '2E1000'.
              [21:24:40] INFO   Importing Service '3E00'.
              [21:24:40] INFO   Importing Service '8501'.
              [21:24:40] INFO   Importing Service '8502'.
              [21:24:40] INFO   <---- Importing Services.
              [21:24:40] INFO   ----> Importing FaultMemory.
              [21:24:40] INFO   Importing FaultMemory.
              [21:24:40] WARN   Could not extract DTC format.
              [21:24:40] INFO   AddSnapshotRecords for DTC 2.
              [21:24:40] WARN   Could not find SnapshotRecords for DTC (0x2). .
              [21:24:40] INFO   <---- Importing FaultMemory.
              [21:24:40] INFO   ----> Importing FreezeFrame.
              [21:24:40] INFO   <---- Importing FreezeFrame.
              [21:24:40] INFO   ----> Importing DiagSettings.
              [21:24:40] INFO   Importing DiagSettings.
              [21:24:40] WARN   TimeBr > 100: Setting to 100.
              [21:24:40] WARN   TimeCs > 100: Setting to 100.
              [21:24:40] INFO   <---- Importing DiagSettings.
              [21:24:40] INFO   ----> Importing DataCompProps.
              [21:24:40] INFO   <---- Importing DataCompProps.
              [21:24:40] INFO   ODX Import finished successfully.
              [21:24:40] INFO   Shaping imported model.
              [21:24:40] INFO   Adding shaper script to remove freeze frame 0x00.
              [21:24:40] INFO   >>>>>>>>>>>>>>>> SHAPING preparation >>>>>>>>>>>>>>>>.
              [21:24:40] INFO   <<<<<<<<<<<<<<<< SHAPING ready after 0.016s (16ms) <<<<<<<<<<<<<<<<.
              [21:24:40] INFO   >>>>>>>>>>>>>>>> SHAPING started >>>>>>>>>>>>>>>>.
              [21:24:40] INFO   >>>>>>>>>>>>>>>> ShapingStep ServiceSelection >>>>>>>>>>>>>>>>.
              [21:24:40] INFO   <<<<<<<<<<<<<<<< ShapingStep ServiceSelection( completed in 0s (0ms) <<<<<<<<<<<<<<<<.
              [21:24:40] INFO   >>>>>>>>>>>>>>>> ShapingStep DataPreparation >>>>>>>>>>>>>>>>.
              [21:24:40] NOTE     - Shape Data Comp Collections.
              [21:24:40] INFO   At Ecu .
              [21:24:40] INFO     - Fix Unsigned Boolean.
              [21:24:40] INFO     - Convert XInt24/XInt64 to Byte-Array.
              [21:24:40] INFO     - Set Compu-Scale Symbols.
              [21:24:40] INFO   <<<<<<<<<<<<<<<< ShapingStep DataPreparation( completed in 0s (0ms) <<<<<<<<<<<<<<<<.
              [21:24:40] INFO   >>>>>>>>>>>>>>>> ShapingStep ServiceDefinition >>>>>>>>>>>>>>>>.
              [21:24:40] INFO   Finding duplicated services... .
              [21:24:40] INFO   Destroying duplicated services... .
              [21:24:40] INFO   At Service 0x22 SubService 0x1000 .
              [21:24:40] INFO     - Applying service definition shaping to protocol component [RecordDataIdentifier].
              [21:24:40] INFO     - Service has now new definition: 0x22 0x1000 Diag_RWDI_LightOnOffCounter_Read.
              [21:24:40] INFO     - Applying service definition shaping to protocol component [RecordDataIdentifier].
              [21:24:40] INFO     - Service has now new definition: 0x22 0x1000 Diag_RWDI_LightOnOffCounter_Read.
              [21:24:40] INFO   At Service 0x2e SubService 0x1000 .
              [21:24:40] INFO     - Applying service definition shaping to protocol component [RecordDataIdentifier].
              [21:24:40] INFO     - Service has now new definition: 0x2e 0x1000 Diag_RWDI_LightOnOffCounter_Write.
              [21:24:40] INFO     - Applying service definition shaping to protocol component [RecordDataIdentifier].
              [21:24:40] INFO     - Service has now new definition: 0x2e 0x1000 Diag_RWDI_LightOnOffCounter_Write.
              [21:24:40] INFO   <<<<<<<<<<<<<<<< ShapingStep ServiceDefinition( completed in 0s (0ms) <<<<<<<<<<<<<<<<.
              [21:24:40] INFO   >>>>>>>>>>>>>>>> ShapingStep DataDefinition >>>>>>>>>>>>>>>>.
              [21:24:40] INFO   Service: 0x2e 0x1000 Diag_RWDI_LightOnOffCounter_Write shared data components linked to: Service: 0x22 0x1000 Diag_RWDI_LightOnOffCounter_Read !!!.
              [21:24:40] INFO   At Service 0x19 SubService 0x1 (atomic) .
              [21:24:40] INFO     - Attribute 'FaultmemoryData' changed from 'N/A' to 'TESTFAULT'.
              [21:24:40] INFO   At Service 0x10 SubService 0x1 (atomic) .
              [21:24:40] INFO     - Attribute 'FaultmemoryData' changed from 'N/A' to 'TESTFAULT'.
              [21:24:40] INFO   At Service 0x10 SubService 0x1 (atomic) .
              [21:24:40] INFO     - Attribute 'FaultmemoryData' changed from 'N/A' to 'TESTFAULT'.
              [21:24:40] INFO   At Service 0x10 SubService 0x2 (atomic) .
              [21:24:40] INFO     - Attribute 'FaultmemoryData' changed from 'N/A' to 'TESTFAULT'.
              [21:24:40] INFO   At Service 0x10 SubService 0x2 (atomic) .
              [21:24:40] INFO     - Attribute 'FaultmemoryData' changed from 'N/A' to 'TESTFAULT'.
              [21:24:40] INFO   At Service 0x10 SubService 0x3 (atomic) .
              [21:24:40] INFO     - Attribute 'FaultmemoryData' changed from 'N/A' to 'TESTFAULT'.
              [21:24:40] INFO   At Service 0x10 SubService 0x3 (atomic) .
              [21:24:40] INFO     - Attribute 'FaultmemoryData' changed from 'N/A' to 'TESTFAULT'.
              [21:24:40] INFO   At Service 0x22 SubService 0x1000 (atomic) .
              [21:24:40] INFO     - Attribute 'FaultmemoryData' changed from 'N/A' to 'TESTFAULT'.
              [21:24:40] INFO   At Service 0x27 SubService 0x1 (atomic) .
              [21:24:40] INFO     - Attribute 'FaultmemoryData' changed from 'N/A' to 'TESTFAULT'.
              [21:24:40] INFO   At Service 0x27 SubService 0x2 (atomic) .
              [21:24:40] INFO     - Attribute 'FaultmemoryData' changed from 'N/A' to 'TESTFAULT'.
              [21:24:40] NOTE     - Building Service Dids.
              [21:24:40] NOTE     - Building Routines.
              [21:24:40] NOTE     - Shape Routine Parameter Names.
              [21:24:40] INFO   <<<<<<<<<<<<<<<< ShapingStep DataDefinition( completed in 0s (0ms) <<<<<<<<<<<<<<<<.
              [21:24:40] INFO   >>>>>>>>>>>>>>>> ShapingStep DataIdentifier >>>>>>>>>>>>>>>>.
              [21:24:40] INFO   <<<<<<<<<<<<<<<< ShapingStep DataIdentifier( completed in 0s (0ms) <<<<<<<<<<<<<<<<.
              [21:24:40] INFO   >>>>>>>>>>>>>>>> ShapingStep Service >>>>>>>>>>>>>>>>.
              [21:24:40] INFO   At Service 0x10 .
              [21:24:40] INFO     - Qualifier changed from 'DefaultSession_Start' to 'DiagSessionControl'.
              [21:24:40] INFO     - Service action qualifier set to 'SessionControl'.
              [21:24:40] INFO   At Service 0x10 SubService 0x1 .
              [21:24:40] INFO     - SubService action qualifier set to 'StartSession'.
              [21:24:40] INFO   At Service 0x10 SubService 0x2 .
              [21:24:40] INFO     - SubService action qualifier set to 'StartSession'.
              [21:24:40] INFO   At Service 0x10 SubService 0x3 .
              [21:24:40] INFO     - SubService action qualifier set to 'StartSession'.
              [21:24:40] INFO   At Service 0x10 SubService 0x1 .
              [21:24:40] INFO     - Qualifier changed from 'DefaultSession_Start' to 'Default'.
              [21:24:40] INFO   At Service 0x10 SubService 0x2 .
              [21:24:40] INFO     - Qualifier changed from 'ProgrammingSession_Start' to 'Programming'.
              [21:24:40] INFO   At Service 0x10 SubService 0x3 .
              [21:24:40] INFO     - Qualifier changed from 'ExtendedDiagnosticSession_Start' to 'Extended'.
              [21:24:40] INFO   At Service 0x11 .
              [21:24:40] INFO     - Qualifier changed from 'ECU_Reset_HardReset_Process' to 'EcuReset'.
              [21:24:40] INFO   At Service 0x11 SubService 0x1 .
              [21:24:40] INFO     - SubService action qualifier set to 'EcuReset'.
              [21:24:40] INFO   At Service 0x11 SubService 0x1 .
              [21:24:40] INFO     - Qualifier changed from 'ECU_Reset_HardReset_Process' to 'Hard'.
              [21:24:40] INFO   At Service 0x14 .
              [21:24:40] INFO     - Qualifier changed from 'FaultMemory_Clear' to 'ClearDiagInfo'.
              [21:24:40] INFO   At Service 0x14 SubService .
              [21:24:40] INFO     - SubService action qualifier set to 'Clear'.
              [21:24:40] INFO     - Qualifier changed from 'FaultMemory_Clear' to 'ClearDiagInfo'.
              [21:24:40] INFO   At Service 0x19 .
              [21:24:40] INFO     - Qualifier changed from 'FaultMemory_ReadAllIdentified' to 'ReadDtcInfo'.
              [21:24:40] INFO   At Service 0x19 SubService 0x2 .
              [21:24:40] INFO     - SubService action qualifier set to 'ReadDtc'.
              [21:24:40] INFO   At Service 0x19 SubService 0x1 .
              [21:24:40] INFO     - SubService action qualifier set to 'ReadDtc'.
              [21:24:40] INFO   At Service 0x19 SubService 0x6 .
              [21:24:40] INFO     - SubService action qualifier set to 'ReadDtc'.
              [21:24:40] INFO   At Service 0x19 SubService 0x1 .
              [21:24:40] INFO     - Qualifier changed from 'FaultMemory_ReadNumber' to 'RNODTCBSM'.
              [21:24:40] INFO   At Service 0x19 SubService 0x2 .
              [21:24:40] INFO     - Qualifier changed from 'FaultMemory_ReadAllIdentified' to 'RDTCBSM'.
              [21:24:40] INFO   At Service 0x19 SubService 0x6 .
              [21:24:40] INFO     - Qualifier changed from 'FaultMemory_Read_extended' to 'RDTCEDRBDN'.
              [21:24:40] INFO   At Service 0x22 .
              [21:24:40] INFO     - Qualifier changed from 'Diag_RWDI_LightOnOffCounter_Read' to 'ReadDataById'.
              [21:24:40] INFO     - Service action qualifier set to 'Read'.
              [21:24:40] INFO   At Service 0x22 SubService 0x1000 .
              [21:24:40] INFO     - SubService action qualifier set to 'ReadDid'.
              [21:24:40] INFO   At Service 0x27 .
              [21:24:40] INFO     - Qualifier changed from 'Seed_Level1_Request' to 'SecurityAccess'.
              [21:24:40] INFO     - Service action qualifier set to 'SecurityAccess'.
              [21:24:40] INFO   At Service 0x27 SubService 0x2 .
              [21:24:40] INFO     - SubService action qualifier set to 'SendKey'.
              [21:24:40] INFO   At Service 0x27 SubService 0x1 .
              [21:24:40] INFO     - SubService action qualifier set to 'GetSeed'.
              [21:24:40] INFO   At Service 0x2e .
              [21:24:40] INFO     - Qualifier changed from 'Diag_RWDI_LightOnOffCounter_Write' to 'WriteDataById'.
              [21:24:40] INFO     - Service action qualifier set to 'Write'.
              [21:24:40] INFO   At Service 0x2e SubService 0x1000 .
              [21:24:40] INFO     - SubService action qualifier set to 'WriteDid'.
              [21:24:40] INFO   At Service 0x3e .
              [21:24:40] INFO     - Qualifier changed from 'TesterPresent_Send' to 'TesterPresent'.
              [21:24:40] INFO   At Service 0x3e SubService 0x0 .
              [21:24:40] INFO     - SubService action qualifier set to 'Send'.
              [21:24:40] INFO     - Qualifier changed from 'TesterPresent_Send' to 'TesterPresent'.
              [21:24:40] INFO   At Service 0x85 .
              [21:24:40] INFO     - Qualifier changed from 'ControlDTCSetting_On' to 'ControlDtcSetting'.
              [21:24:40] INFO   At Service 0x85 SubService 0x1 .
              [21:24:40] INFO     - SubService action qualifier set to 'ControlDtcSetting'.
              [21:24:40] INFO   At Service 0x85 SubService 0x2 .
              [21:24:40] INFO     - SubService action qualifier set to 'ControlDtcSetting'.
              [21:24:40] INFO   At Service 0x85 SubService 0x1 .
              [21:24:40] INFO     - Qualifier changed from 'ControlDTCSetting_On' to 'Enable'.
              [21:24:40] INFO   At Service 0x85 SubService 0x2 .
              [21:24:40] INFO     - Qualifier changed from 'ControlDTCSetting_Off' to 'Disable'.
              [21:24:40] INFO   <<<<<<<<<<<<<<<< ShapingStep Service( completed in 0.016s (16ms) <<<<<<<<<<<<<<<<.
              [21:24:40] INFO   >>>>>>>>>>>>>>>> ShapingStep StateMachine >>>>>>>>>>>>>>>>.
              [21:24:40] INFO   At Ecu .
              [21:24:40] INFO     - Session 'Default' does not have any P2 timings! Created default P2: 50ms.
              [21:24:40] INFO     - Session 'Default' does not have any P2Ex timings! Created default P2Ex: 5000ms.
              [21:24:40] INFO     - Session 'Programming' does not have any P2 timings! Created default P2: 50ms.
              [21:24:40] INFO     - Session 'Programming' does not have any P2Ex timings! Created default P2Ex: 5000ms.
              [21:24:40] INFO     - Session 'Extended' does not have any P2 timings! Created default P2: 50ms.
              [21:24:40] INFO     - Session 'Extended' does not have any P2Ex timings! Created default P2Ex: 5000ms.
              [21:24:40] NOTE     - Building Diagnostic Sessions.
              [21:24:40] NOTE     -  + Session 'Default' created.
              [21:24:40] NOTE     -  + Session 'Programming' created.
              [21:24:40] NOTE     -  + Session 'Extended' created.
              [21:24:40] NOTE     - Building Diagnostic Securities.
              [21:24:40] NOTE     -  + Security 'Level_01' created.
              [21:24:40] NOTE     - Building Access Conditions.
              [21:24:40] NOTE     -  + Access Cond '|' created.
              [21:24:40] NOTE     -  + Access Cond '02;03|' created.
              [21:24:40] NOTE     - Building Access Conditions - finshed.
              [21:24:40] INFO   <<<<<<<<<<<<<<<< ShapingStep StateMachine( completed in 0s (0ms) <<<<<<<<<<<<<<<<.
              [21:24:40] INFO   >>>>>>>>>>>>>>>> ShapingStep StateMachine2 >>>>>>>>>>>>>>>>.
              [21:24:40] INFO   <<<<<<<<<<<<<<<< ShapingStep StateMachine2( completed in 0s (0ms) <<<<<<<<<<<<<<<<.
              [21:24:40] INFO   >>>>>>>>>>>>>>>> ShapingStep Settings >>>>>>>>>>>>>>>>.
              [21:24:40] INFO   At Ecu 'New_ECU_1' .
              [21:24:40] INFO     - Set 'periodic rate slow' to default '1000'.
              [21:24:40] INFO     - Set 'periodic rate medium' to default '100'.
              [21:24:40] INFO     - Set 'periodic rate fast' to default '20'.
              [21:24:40] INFO     - Set 'maximum number of dynamically defined dids' to '5'.
              [21:24:40] INFO   <<<<<<<<<<<<<<<< ShapingStep Settings( completed in 0s (0ms) <<<<<<<<<<<<<<<<.
              [21:24:40] INFO   >>>>>>>>>>>>>>>> ShapingStep FaultMemory >>>>>>>>>>>>>>>>.
              [21:24:40] NOTE     - Building Diagnostic Event Memories.
              [21:24:40] INFO   At Ecu .
              [21:24:40] INFO     -  + Event-Memory 'PrimaryMemory' created.
              [21:24:40] INFO   At DTC 0x2 .
              [21:24:40] INFO     - Member Attribute 'DTC_CLASSIFICATION' set to 'NULL'.
              [21:24:40] INFO     - Member Attribute 'READINESS_GROUP' set to 'NULL'.
              [21:24:40] INFO     - Qualifier changed from 'DTC_2' to 'DTC_0x000002'.
              [21:24:40] INFO     - Member Attribute 'DTC_TYPE' set to default value 'Fault'.
              [21:24:40] INFO     - Member Attribute 'PRIORITY' set to '2'.
              [21:24:40] INFO     - Member Attribute 'OPERATION_CYCLE' set to 'DEM_IGNITION'.
              [21:24:40] INFO     - Member Attribute 'AGING_CYCLE' set to 'DEM_IGNITION'.
              [21:24:40] INFO     - Member Attribute 'AGING_COUNTER' set to '1'.
              [21:24:40] INFO     - Member Attribute 'HEALING_CYCLE' set to default value 'NULL'.
              [21:24:40] INFO     - Member Attribute 'HEALING_COUNTER' set to default value 'NULL'.
              [21:24:40] INFO     - Add to 'EventMemory' value(s) 'Primary'.
              [21:24:40] INFO     - Member Attribute 'AGING_ALLOWED' set to 'FALSE'.
              [21:24:40] INFO     - Member Attribute 'DEBOUNCE_SETTING' changed from 'NONE' to 'COUNTER_BASED'.
              [21:24:40] INFO   At DTC 0x2 Debounce type: 'COUNTER_BASED' .
              [21:24:40] INFO     - Counter Debounce Setting 'JUMP_PASSED' set to 'FALSE'.
              [21:24:40] INFO     - Counter Debounce Setting 'JUMP_FAILED' set to 'FALSE'.
              [21:24:40] INFO     - Attribute 'THRESHOLD_STORAGE' setting to default value 'NULL'.
              [21:24:40] INFO     - Attribute 'THRESHOLD_PASSED' setting to default value 'NULL'.
              [21:24:40] INFO     - Attribute 'THRESHOLD_FAILED' setting to default value 'NULL'.
              [21:24:40] INFO     - Counter Debounce Setting 'STEP_SIZE_FAILED' set to '1'.
              [21:24:40] INFO     - Counter Debounce Setting 'STEP_SIZE_PASSED' set to '1'.
              [21:24:40] INFO   At DTC 0x2 DEBOUNCE_SETTING: COUNTER_BASED .
              [21:24:40] INFO     - Counter Debounce Setting 'JUMP_FAILED' changed from 'FALSE' to 'TRUE'.
              [21:24:40] INFO   At Ecu 'New_ECU_1' .
              [21:24:40] INFO     - Set property 'ssrNumeration' to 'calculated'.
              [21:24:40] INFO     - Set property 'ssrUpdatable' to 'true'.
              [21:24:40] INFO     - Set property 'ecgNaming' to 'singleElem'.
              [21:24:40] INFO   <<<<<<<<<<<<<<<< ShapingStep FaultMemory( completed in 0.015s (15ms) <<<<<<<<<<<<<<<<.
              [21:24:40] INFO   >>>>>>>>>>>>>>>> ShapingStep FaultMemory2 >>>>>>>>>>>>>>>>.
              [21:24:40] NOTE     - Building DidSets. WWH-OBD supported: false.
              [21:24:40] INFO   <<<<<<<<<<<<<<<< ShapingStep FaultMemory2( completed in 0s (0ms) <<<<<<<<<<<<<<<<.
              [21:24:40] INFO   >>>>>>>>>>>>>>>> ShapingStep Obd >>>>>>>>>>>>>>>>.
              [21:24:40] NOTE     - Deleting OBD Sub-Services for Pids.
              [21:24:40] INFO   <<<<<<<<<<<<<<<< ShapingStep Obd( completed in 0s (0ms) <<<<<<<<<<<<<<<<.
              [21:24:40] INFO   >>>>>>>>>>>>>>>> ShapingStep CleanUp >>>>>>>>>>>>>>>>.
              [21:24:40] INFO   <<<<<<<<<<<<<<<< ShapingStep CleanUp( completed in 0s (0ms) <<<<<<<<<<<<<<<<.
              [21:24:40] INFO   <<<<<<<<<<<<<<<< SHAPING finished after 0.047s (47ms) <<<<<<<<<<<<<<<<.
              [21:24:40] INFO   Shaping AR-Export.
              [21:24:40] INFO   ----> Shaping DescDataModel.
              [21:24:40] INFO   ----> Shape DID data.
              [21:24:40] INFO   <---- Finished shaping DID data.
              [21:24:40] INFO   ----> Shape service data.
              [21:24:40] INFO   <---- Finished shaping service data.
              [21:24:40] INFO   <---- Finished shaping DescDataModel .
              [21:24:40] INFO   Exporting ECUC module configurations to file: C:\Users\LIN\AppData\Local\Temp\DaVinci\Cfg-2340412\DiagnosticsImportService\1769693079312-0\DiagnosticsDescriptionData4766495751454668004.xml.
              [21:24:40] INFO   ----> Create ECUC from imported diagnostic data.
              [21:24:40] NOTE   Using EcucEx-Parameter 'DemDidQualifierMode' = 'R19' (default).
              [21:24:40] NOTE   Using EcucEx-Parameter 'DcmQualifierMode' = 'R19' (default).
              [21:24:40] INFO   ----> STEP 1: Create ECUC model.
              [21:24:40] INFO   Creating Dcm module configuration...
              [21:24:40] INFO   Creating Dem module configuration...
              [21:24:40] INFO   <---- STEP 1: Finished.
              [21:24:40] INFO   ----> STEP 2: Postprocess created ECUC model.
              [21:24:40] INFO   ----> Decorate imported object qualifiers/shortnames.
              [21:24:40] INFO   <---- Finished decorating qualifiers/shortnames.
              [21:24:40] INFO   ----> Transform imported object qualifiers/shortnames to match AUTOSAR IDENTIFIER pattern restriction (except length limit).
              [21:24:40] INFO   <---- Finished transforming shortnames.
              [21:24:40] INFO   ----> Ensure uniqueness of container shortnames within their scope.
              [21:24:40] INFO   <---- Finished ensuring uniqueness of container shortnames.
              [21:24:40] INFO   ----> Truncate shortnames whose length exceeds the 128 character limit for AUTOSAR shortnames.
              [21:24:40] INFO   <---- Finished truncating shortnames.
              [21:24:40] INFO   ----> Resolve reference parameters.
              [21:24:40] INFO   <---- Finished resolving reference parameters.
              [21:24:40] INFO   <---- STEP 2: Finished.
              [21:24:40] INFO   ----> STEP 3: Serialize ECUC model to XML.
              [21:24:40] INFO   <---- STEP 3: Finished.
              [21:24:40] INFO   <---- Finished creation of ECUC from imported diagnostic data.
              [21:24:40] INFO   <---- Process of diagnostic specification.
 21:24:41 - Action 'Converting legacy diagnostics file(s) to AUTOSAR files' successfully finished.
 21:24:41 - Action 'Input File Pre-Processing' finished.
 21:24:41 - Action 'Create copy of the Project' started.
              Copy project 'D:\Vector SIP\SIP-S32K14x\AUTOSAR_TOOLs\S32K144_SIP\MICROSAR\CBD1800257_D01_S32K1xx\Applications\S32K144_Start_new_IAR' to 'C:\Users\LIN\AppData\Local\Temp\DaVinci\Cfg-2340412\Workflow\1769693081511-0'...
              Adjusting DPA file of copied project...
 21:24:41 - Action 'Create copy of the Project' successfully finished.
 21:24:41 - Action 'Close Project' started.
 21:24:42 - Action 'Close Project' successfully finished.
 21:24:48 - Action 'Prepare System Extract' started.
 21:24:48 - Action 'Preprocessing System Extract' started.
 21:24:48 - Action 'Preprocessing System Extract' successfully finished.
 21:24:48 - Action 'Create OEM Communication Extract' started.
 21:24:48 - Action 'Create OEM Communication Extract' successfully finished.
 21:24:48 - Action 'Prepare System Extract' successfully finished.
 21:24:48 - Action 'Updating the project' started.
 21:24:52 - Action 'Create ECU configuration' started.
 21:24:57 - Action 'Create ECU configuration' successfully finished.
 21:24:57 - Action 'Update ECU configuration' started.
 21:24:57 - Action 'Update ECU configuration' started.
 21:25:05 - Action 'Update ECU configuration' successfully finished.
 21:25:05 - Action 'Update ECU configuration' successfully finished.
 21:25:05 - Action 'Updating the project' successfully finished.
 21:25:05 - Action 'Adapt project file' started.
 21:25:05 - Action 'Adapt project file' successfully finished.
 21:25:05 - Action 'Generate update report' started.
 21:25:14 - Action 'Generate update report' successfully finished.
 21:25:14 - Action 'Execute Solving Actions' started.
              Executing Auto-Solving-Actions...
              Auto-Solving-Actions done.
              Executing update specific Preferred-Solving-Actions...
              Update specific Preferred-Solving-Actions done.
 21:25:19 - Action 'Execute Solving Actions' successfully finished.
 21:25:19 - Action 'Update RTE configuration' started.
              [Warning] [Warning] DataMapping ignored: ContextPort is missing: SenderReceiverToSignalMapping [communicationDirection:null, dataElement:VariableDataPrototypeInSystemInstanceRef [contextComponent:[], contextComposition:null, contextPort:null, targetDataPrototype:/PortInterfaces/port01/Element1], derived-state:false, eventGroup:[], eventHandler:[], serviceInstance:[], systemSignal:null, variationPoint:null].
                        [Warning] DataMapping ignored: System Signal is missing: SenderReceiverToSignalMapping [communicationDirection:null, dataElement:VariableDataPrototypeInSystemInstanceRef [contextComponent:[], contextComposition:null, contextPort:null, targetDataPrototype:/PortInterfaces/port01/Element1], derived-state:false, eventGroup:[], eventHandler:[], serviceInstance:[], systemSignal:null, variationPoint:null].
                        [Warning] DataMapping ignored: ContextPort is missing: SenderReceiverToSignalMapping [communicationDirection:null, dataElement:VariableDataPrototypeInSystemInstanceRef [contextComponent:[], contextComposition:null, contextPort:null, targetDataPrototype:null], derived-state:false, eventGroup:[], eventHandler:[], serviceInstance:[], systemSignal:null, variationPoint:null].
                        [Warning] DataMapping ignored: TargetDataPrototypeReference is missing: SenderReceiverToSignalMapping [communicationDirection:null, dataElement:VariableDataPrototypeInSystemInstanceRef [contextComponent:[], contextComposition:null, contextPort:null, targetDataPrototype:null], derived-state:false, eventGroup:[], eventHandler:[], serviceInstance:[], systemSignal:null, variationPoint:null].
                        [Warning] DataMapping ignored: System Signal is missing: SenderReceiverToSignalMapping [communicationDirection:null, dataElement:VariableDataPrototypeInSystemInstanceRef [contextComponent:[], contextComposition:null, contextPort:null, targetDataPrototype:null], derived-state:false, eventGroup:[], eventHandler:[], serviceInstance:[], systemSignal:null, variationPoint:null].
                        [Warning] DataMapping ignored: ContextPort is missing: SenderReceiverToSignalMapping [communicationDirection:null, dataElement:VariableDataPrototypeInSystemInstanceRef [contextComponent:[], contextComposition:null, contextPort:null, targetDataPrototype:null], derived-state:false, eventGroup:[], eventHandler:[], serviceInstance:[], systemSignal:/Signal/CellVoltage01, variationPoint:null].
                        [Warning] DataMapping ignored: TargetDataPrototypeReference is missing: SenderReceiverToSignalMapping [communicationDirection:null, dataElement:VariableDataPrototypeInSystemInstanceRef [contextComponent:[], contextComposition:null, contextPort:null, targetDataPrototype:null], derived-state:false, eventGroup:[], eventHandler:[], serviceInstance:[], systemSignal:/Signal/CellVoltage01, variationPoint:null].
                        [Warning] DataMapping ignored: ContextPort is missing: SenderReceiverToSignalMapping [communicationDirection:null, dataElement:VariableDataPrototypeInSystemInstanceRef [contextComponent:[], contextComposition:null, contextPort:null, targetDataPrototype:null], derived-state:false, eventGroup:[], eventHandler:[], serviceInstance:[], systemSignal:/Signal/CellVoltage02, variationPoint:null].
                        [Warning] DataMapping ignored: TargetDataPrototypeReference is missing: SenderReceiverToSignalMapping [communicationDirection:null, dataElement:VariableDataPrototypeInSystemInstanceRef [contextComponent:[], contextComposition:null, contextPort:null, targetDataPrototype:null], derived-state:false, eventGroup:[], eventHandler:[], serviceInstance:[], systemSignal:/Signal/CellVoltage02, variationPoint:null].
                        [Warning] DataMapping ignored: ContextPort is missing: SenderReceiverToSignalMapping [communicationDirection:null, dataElement:VariableDataPrototypeInSystemInstanceRef [contextComponent:[], contextComposition:null, contextPort:null, targetDataPrototype:null], derived-state:false, eventGroup:[], eventHandler:[], serviceInstance:[], systemSignal:/Signal/CellVoltage03, variationPoint:null].
                        [Warning] DataMapping ignored: TargetDataPrototypeReference is missing: SenderReceiverToSignalMapping [communicationDirection:null, dataElement:VariableDataPrototypeInSystemInstanceRef [contextComponent:[], contextComposition:null, contextPort:null, targetDataPrototype:null], derived-state:false, eventGroup:[], eventHandler:[], serviceInstance:[], systemSignal:/Signal/CellVoltage03, variationPoint:null].
                        [Warning] DataMapping ignored: ContextPort is missing: SenderReceiverToSignalMapping [communicationDirection:null, dataElement:VariableDataPrototypeInSystemInstanceRef [contextComponent:[], contextComposition:null, contextPort:null, targetDataPrototype:null], derived-state:false, eventGroup:[], eventHandler:[], serviceInstance:[], systemSignal:/Signal/CellVoltage04, variationPoint:null].
                        [Warning] DataMapping ignored: TargetDataPrototypeReference is missing: SenderReceiverToSignalMapping [communicationDirection:null, dataElement:VariableDataPrototypeInSystemInstanceRef [contextComponent:[], contextComposition:null, contextPort:null, targetDataPrototype:null], derived-state:false, eventGroup:[], eventHandler:[], serviceInstance:[], systemSignal:/Signal/CellVoltage04, variationPoint:null].
                        [Warning] DataMapping ignored: ContextPort is missing: SenderReceiverToSignalMapping [communicationDirection:null, dataElement:VariableDataPrototypeInSystemInstanceRef [contextComponent:[], contextComposition:null, contextPort:null, targetDataPrototype:null], derived-state:false, eventGroup:[], eventHandler:[], serviceInstance:[], systemSignal:/Signal/CellVoltage05, variationPoint:null].
                        [Warning] DataMapping ignored: TargetDataPrototypeReference is missing: SenderReceiverToSignalMapping [communicationDirection:null, dataElement:VariableDataPrototypeInSystemInstanceRef [contextComponent:[], contextComposition:null, contextPort:null, targetDataPrototype:null], derived-state:false, eventGroup:[], eventHandler:[], serviceInstance:[], systemSignal:/Signal/CellVoltage05, variationPoint:null].
                        [Warning] DataMapping ignored: ContextPort is missing: SenderReceiverToSignalMapping [communicationDirection:null, dataElement:VariableDataPrototypeInSystemInstanceRef [contextComponent:[], contextComposition:null, contextPort:null, targetDataPrototype:null], derived-state:false, eventGroup:[], eventHandler:[], serviceInstance:[], systemSignal:/Signal/CellVoltage06, variationPoint:null].
                        [Warning] DataMapping ignored: TargetDataPrototypeReference is missing: SenderReceiverToSignalMapping [communicationDirection:null, dataElement:VariableDataPrototypeInSystemInstanceRef [contextComponent:[], contextComposition:null, contextPort:null, targetDataPrototype:null], derived-state:false, eventGroup:[], eventHandler:[], serviceInstance:[], systemSignal:/Signal/CellVoltage06, variationPoint:null].
                        [Warning] DataMapping ignored: ContextPort is missing: SenderReceiverToSignalMapping [communicationDirection:null, dataElement:VariableDataPrototypeInSystemInstanceRef [contextComponent:[], contextComposition:null, contextPort:null, targetDataPrototype:null], derived-state:false, eventGroup:[], eventHandler:[], serviceInstance:[], systemSignal:/Signal/CellVoltage07, variationPoint:null].
                        [Warning] DataMapping ignored: TargetDataPrototypeReference is missing: SenderReceiverToSignalMapping [communicationDirection:null, dataElement:VariableDataPrototypeInSystemInstanceRef [contextComponent:[], contextComposition:null, contextPort:null, targetDataPrototype:null], derived-state:false, eventGroup:[], eventHandler:[], serviceInstance:[], systemSignal:/Signal/CellVoltage07, variationPoint:null].
                        [Warning] DataMapping ignored: ContextPort is missing: SenderReceiverToSignalMapping [communicationDirection:null, dataElement:VariableDataPrototypeInSystemInstanceRef [contextComponent:[], contextComposition:null, contextPort:null, targetDataPrototype:null], derived-state:false, eventGroup:[], eventHandler:[], serviceInstance:[], systemSignal:/Signal/CellVoltage08, variationPoint:null].
                        [Warning] DataMapping ignored: TargetDataPrototypeReference is missing: SenderReceiverToSignalMapping [communicationDirection:null, dataElement:VariableDataPrototypeInSystemInstanceRef [contextComponent:[], contextComposition:null, contextPort:null, targetDataPrototype:null], derived-state:false, eventGroup:[], eventHandler:[], serviceInstance:[], systemSignal:/Signal/CellVoltage08, variationPoint:null].
                        [Warning] DataMapping ignored: ContextPort is missing: SenderReceiverToSignalMapping [communicationDirection:null, dataElement:VariableDataPrototypeInSystemInstanceRef [contextComponent:[], contextComposition:null, contextPort:null, targetDataPrototype:null], derived-state:false, eventGroup:[], eventHandler:[], serviceInstance:[], systemSignal:/Signal/CellVoltage09, variationPoint:null].
                        [Warning] DataMapping ignored: TargetDataPrototypeReference is missing: SenderReceiverToSignalMapping [communicationDirection:null, dataElement:VariableDataPrototypeInSystemInstanceRef [contextComponent:[], contextComposition:null, contextPort:null, targetDataPrototype:null], derived-state:false, eventGroup:[], eventHandler:[], serviceInstance:[], systemSignal:/Signal/CellVoltage09, variationPoint:null].
                        [Warning] DataMapping ignored: ContextPort is missing: SenderReceiverToSignalMapping [communicationDirection:null, dataElement:VariableDataPrototypeInSystemInstanceRef [contextComponent:[], contextComposition:null, contextPort:null, targetDataPrototype:null], derived-state:false, eventGroup:[], eventHandler:[], serviceInstance:[], systemSignal:/Signal/CellVoltage10, variationPoint:null].
                        [Warning] DataMapping ignored: TargetDataPrototypeReference is missing: SenderReceiverToSignalMapping [communicationDirection:null, dataElement:VariableDataPrototypeInSystemInstanceRef [contextComponent:[], contextComposition:null, contextPort:null, targetDataPrototype:null], derived-state:false, eventGroup:[], eventHandler:[], serviceInstance:[], systemSignal:/Signal/CellVoltage10, variationPoint:null].
                        [Warning] DataMapping ignored: ContextPort is missing: SenderReceiverToSignalMapping [communicationDirection:null, dataElement:VariableDataPrototypeInSystemInstanceRef [contextComponent:[], contextComposition:null, contextPort:null, targetDataPrototype:null], derived-state:false, eventGroup:[], eventHandler:[], serviceInstance:[], systemSignal:/Signal/CellVoltage11, variationPoint:null].
                        [Warning] DataMapping ignored: TargetDataPrototypeReference is missing: SenderReceiverToSignalMapping [communicationDirection:null, dataElement:VariableDataPrototypeInSystemInstanceRef [contextComponent:[], contextComposition:null, contextPort:null, targetDataPrototype:null], derived-state:false, eventGroup:[], eventHandler:[], serviceInstance:[], systemSignal:/Signal/CellVoltage11, variationPoint:null].
                        [Warning] DataMapping ignored: ContextPort is missing: SenderReceiverToSignalMapping [communicationDirection:null, dataElement:VariableDataPrototypeInSystemInstanceRef [contextComponent:[], contextComposition:null, contextPort:null, targetDataPrototype:null], derived-state:false, eventGroup:[], eventHandler:[], serviceInstance:[], systemSignal:/Signal/CellVoltage12, variationPoint:null].
                        [Warning] DataMapping ignored: TargetDataPrototypeReference is missing: SenderReceiverToSignalMapping [communicationDirection:null, dataElement:VariableDataPrototypeInSystemInstanceRef [contextComponent:[], contextComposition:null, contextPort:null, targetDataPrototype:null], derived-state:false, eventGroup:[], eventHandler:[], serviceInstance:[], systemSignal:/Signal/CellVoltage12, variationPoint:null].
                        [Warning] DataMapping ignored: ContextPort is missing: SenderReceiverToSignalMapping [communicationDirection:null, dataElement:VariableDataPrototypeInSystemInstanceRef [contextComponent:[], contextComposition:null, contextPort:null, targetDataPrototype:null], derived-state:false, eventGroup:[], eventHandler:[], serviceInstance:[], systemSignal:/Signal/CellVoltage13, variationPoint:null].
                        [Warning] DataMapping ignored: TargetDataPrototypeReference is missing: SenderReceiverToSignalMapping [communicationDirection:null, dataElement:VariableDataPrototypeInSystemInstanceRef [contextComponent:[], contextComposition:null, contextPort:null, targetDataPrototype:null], derived-state:false, eventGroup:[], eventHandler:[], serviceInstance:[], systemSignal:/Signal/CellVoltage13, variationPoint:null].
                        [Warning] DataMapping ignored: ContextPort is missing: SenderReceiverToSignalMapping [communicationDirection:null, dataElement:VariableDataPrototypeInSystemInstanceRef [contextComponent:[], contextComposition:null, contextPort:null, targetDataPrototype:null], derived-state:false, eventGroup:[], eventHandler:[], serviceInstance:[], systemSignal:/Signal/CellVoltage14, variationPoint:null].
                        [Warning] DataMapping ignored: TargetDataPrototypeReference is missing: SenderReceiverToSignalMapping [communicationDirection:null, dataElement:VariableDataPrototypeInSystemInstanceRef [contextComponent:[], contextComposition:null, contextPort:null, targetDataPrototype:null], derived-state:false, eventGroup:[], eventHandler:[], serviceInstance:[], systemSignal:/Signal/CellVoltage14, variationPoint:null].
                        [Warning] DataMapping ignored: ContextPort is missing: SenderReceiverToSignalMapping [communicationDirection:null, dataElement:VariableDataPrototypeInSystemInstanceRef [contextComponent:[], contextComposition:null, contextPort:null, targetDataPrototype:null], derived-state:false, eventGroup:[], eventHandler:[], serviceInstance:[], systemSignal:/Signal/CellVoltage15, variationPoint:null].
                        [Warning] DataMapping ignored: TargetDataPrototypeReference is missing: SenderReceiverToSignalMapping [communicationDirection:null, dataElement:VariableDataPrototypeInSystemInstanceRef [contextComponent:[], contextComposition:null, contextPort:null, targetDataPrototype:null], derived-state:false, eventGroup:[], eventHandler:[], serviceInstance:[], systemSignal:/Signal/CellVoltage15, variationPoint:null].
                        [Warning] DataMapping ignored: ContextPort is missing: SenderReceiverToSignalMapping [communicationDirection:null, dataElement:VariableDataPrototypeInSystemInstanceRef [contextComponent:[], contextComposition:null, contextPort:null, targetDataPrototype:null], derived-state:false, eventGroup:[], eventHandler:[], serviceInstance:[], systemSignal:/Signal/CellVoltage16, variationPoint:null].
                        [Warning] DataMapping ignored: TargetDataPrototypeReference is missing: SenderReceiverToSignalMapping [communicationDirection:null, dataElement:VariableDataPrototypeInSystemInstanceRef [contextComponent:[], contextComposition:null, contextPort:null, targetDataPrototype:null], derived-state:false, eventGroup:[], eventHandler:[], serviceInstance:[], systemSignal:/Signal/CellVoltage16, variationPoint:null].
                        [Warning] DataMapping ignored: ContextPort is missing: SenderReceiverToSignalMapping [communicationDirection:null, dataElement:VariableDataPrototypeInSystemInstanceRef [contextComponent:[], contextComposition:null, contextPort:null, targetDataPrototype:null], derived-state:false, eventGroup:[], eventHandler:[], serviceInstance:[], systemSignal:/Signal/DriverSeatHeatStatus, variationPoint:null].
                        [Warning] DataMapping ignored: TargetDataPrototypeReference is missing: SenderReceiverToSignalMapping [communicationDirection:null, dataElement:VariableDataPrototypeInSystemInstanceRef [contextComponent:[], contextComposition:null, contextPort:null, targetDataPrototype:null], derived-state:false, eventGroup:[], eventHandler:[], serviceInstance:[], systemSignal:/Signal/DriverSeatHeatStatus, variationPoint:null].
                        [Warning] DataMapping ignored: ContextPort is missing: SenderReceiverToSignalMapping [communicationDirection:null, dataElement:VariableDataPrototypeInSystemInstanceRef [contextComponent:[], contextComposition:null, contextPort:null, targetDataPrototype:/myPackage/DoorStatus/data], derived-state:false, eventGroup:[], eventHandler:[], serviceInstance:[], systemSignal:/Signal/DoorStatus, variationPoint:null].
                        [Warning] DataMapping ignored: ContextPort is missing: SenderReceiverToSignalMapping [communicationDirection:null, dataElement:VariableDataPrototypeInSystemInstanceRef [contextComponent:[], contextComposition:null, contextPort:null, targetDataPrototype:/myPackage/DoorStatus/data], derived-state:false, eventGroup:[], eventHandler:[], serviceInstance:[], systemSignal:/Signal/DoorStatus, variationPoint:null].
                        [Warning] DataMapping ignored: ContextPort is missing: SenderReceiverToSignalMapping [communicationDirection:null, dataElement:VariableDataPrototypeInSystemInstanceRef [contextComponent:[], contextComposition:null, contextPort:null, targetDataPrototype:/myPackage/DoorStatus/data], derived-state:false, eventGroup:[], eventHandler:[], serviceInstance:[], systemSignal:/Signal/DoorStatus, variationPoint:null].
                        [Warning] DataMapping ignored: ContextPort is missing: SenderReceiverToSignalMapping [communicationDirection:null, dataElement:VariableDataPrototypeInSystemInstanceRef [contextComponent:[], contextComposition:null, contextPort:null, targetDataPrototype:/PortInterfaces/port01/Element1], derived-state:false, eventGroup:[], eventHandler:[], serviceInstance:[], systemSignal:null, variationPoint:null].
                        [Warning] DataMapping ignored: System Signal is missing: SenderReceiverToSignalMapping [communicationDirection:null, dataElement:VariableDataPrototypeInSystemInstanceRef [contextComponent:[], contextComposition:null, contextPort:null, targetDataPrototype:/PortInterfaces/port01/Element1], derived-state:false, eventGroup:[], eventHandler:[], serviceInstance:[], systemSignal:null, variationPoint:null].
                        [Warning] DataMapping ignored: ContextPort is missing: SenderReceiverToSignalMapping [communicationDirection:null, dataElement:VariableDataPrototypeInSystemInstanceRef [contextComponent:[], contextComposition:null, contextPort:null, targetDataPrototype:null], derived-state:false, eventGroup:[], eventHandler:[], serviceInstance:[], systemSignal:null, variationPoint:null].
                        [Warning] DataMapping ignored: TargetDataPrototypeReference is missing: SenderReceiverToSignalMapping [communicationDirection:null, dataElement:VariableDataPrototypeInSystemInstanceRef [contextComponent:[], contextComposition:null, contextPort:null, targetDataPrototype:null], derived-state:false, eventGroup:[], eventHandler:[], serviceInstance:[], systemSignal:null, variationPoint:null].
                        [Warning] DataMapping ignored: System Signal is missing: SenderReceiverToSignalMapping [communicationDirection:null, dataElement:VariableDataPrototypeInSystemInstanceRef [contextComponent:[], contextComposition:null, contextPort:null, targetDataPrototype:null], derived-state:false, eventGroup:[], eventHandler:[], serviceInstance:[], systemSignal:null, variationPoint:null].
                        [Warning] DataMapping ignored: ContextPort is missing: SenderReceiverToSignalMapping [communicationDirection:null, dataElement:VariableDataPrototypeInSystemInstanceRef [contextComponent:[], contextComposition:null, contextPort:null, targetDataPrototype:null], derived-state:false, eventGroup:[], eventHandler:[], serviceInstance:[], systemSignal:/Signal/CellVoltage01, variationPoint:null].
                        [Warning] DataMapping ignored: TargetDataPrototypeReference is missing: SenderReceiverToSignalMapping [communicationDirection:null, dataElement:VariableDataPrototypeInSystemInstanceRef [contextComponent:[], contextComposition:null, contextPort:null, targetDataPrototype:null], derived-state:false, eventGroup:[], eventHandler:[], serviceInstance:[], systemSignal:/Signal/CellVoltage01, variationPoint:null].
                        [Warning] DataMapping ignored: ContextPort is missing: SenderReceiverToSignalMapping [communicationDirection:null, dataElement:VariableDataPrototypeInSystemInstanceRef [contextComponent:[], contextComposition:null, contextPort:null, targetDataPrototype:null], derived-state:false, eventGroup:[], eventHandler:[], serviceInstance:[], systemSignal:/Signal/CellVoltage02, variationPoint:null].
                        [Warning] DataMapping ignored: TargetDataPrototypeReference is missing: SenderReceiverToSignalMapping [communicationDirection:null, dataElement:VariableDataPrototypeInSystemInstanceRef [contextComponent:[], contextComposition:null, contextPort:null, targetDataPrototype:null], derived-state:false, eventGroup:[], eventHandler:[], serviceInstance:[], systemSignal:/Signal/CellVoltage02, variationPoint:null].
                        [Warning] DataMapping ignored: ContextPort is missing: SenderReceiverToSignalMapping [communicationDirection:null, dataElement:VariableDataPrototypeInSystemInstanceRef [contextComponent:[], contextComposition:null, contextPort:null, targetDataPrototype:null], derived-state:false, eventGroup:[], eventHandler:[], serviceInstance:[], systemSignal:/Signal/CellVoltage03, variationPoint:null].
                        [Warning] DataMapping ignored: TargetDataPrototypeReference is missing: SenderReceiverToSignalMapping [communicationDirection:null, dataElement:VariableDataPrototypeInSystemInstanceRef [contextComponent:[], contextComposition:null, contextPort:null, targetDataPrototype:null], derived-state:false, eventGroup:[], eventHandler:[], serviceInstance:[], systemSignal:/Signal/CellVoltage03, variationPoint:null].
                        [Warning] DataMapping ignored: ContextPort is missing: SenderReceiverToSignalMapping [communicationDirection:null, dataElement:VariableDataPrototypeInSystemInstanceRef [contextComponent:[], contextComposition:null, contextPort:null, targetDataPrototype:null], derived-state:false, eventGroup:[], eventHandler:[], serviceInstance:[], systemSignal:/Signal/CellVoltage04, variationPoint:null].
                        [Warning] DataMapping ignored: TargetDataPrototypeReference is missing: SenderReceiverToSignalMapping [communicationDirection:null, dataElement:VariableDataPrototypeInSystemInstanceRef [contextComponent:[], contextComposition:null, contextPort:null, targetDataPrototype:null], derived-state:false, eventGroup:[], eventHandler:[], serviceInstance:[], systemSignal:/Signal/CellVoltage04, variationPoint:null].
                        [Warning] DataMapping ignored: ContextPort is missing: SenderReceiverToSignalMapping [communicationDirection:null, dataElement:VariableDataPrototypeInSystemInstanceRef [contextComponent:[], contextComposition:null, contextPort:null, targetDataPrototype:null], derived-state:false, eventGroup:[], eventHandler:[], serviceInstance:[], systemSignal:/Signal/CellVoltage05, variationPoint:null].
                        [Warning] DataMapping ignored: TargetDataPrototypeReference is missing: SenderReceiverToSignalMapping [communicationDirection:null, dataElement:VariableDataPrototypeInSystemInstanceRef [contextComponent:[], contextComposition:null, contextPort:null, targetDataPrototype:null], derived-state:false, eventGroup:[], eventHandler:[], serviceInstance:[], systemSignal:/Signal/CellVoltage05, variationPoint:null].
                        [Warning] DataMapping ignored: ContextPort is missing: SenderReceiverToSignalMapping [communicationDirection:null, dataElement:VariableDataPrototypeInSystemInstanceRef [contextComponent:[], contextComposition:null, contextPort:null, targetDataPrototype:null], derived-state:false, eventGroup:[], eventHandler:[], serviceInstance:[], systemSignal:/Signal/CellVoltage06, variationPoint:null].
                        [Warning] DataMapping ignored: TargetDataPrototypeReference is missing: SenderReceiverToSignalMapping [communicationDirection:null, dataElement:VariableDataPrototypeInSystemInstanceRef [contextComponent:[], contextComposition:null, contextPort:null, targetDataPrototype:null], derived-state:false, eventGroup:[], eventHandler:[], serviceInstance:[], systemSignal:/Signal/CellVoltage06, variationPoint:null].
                        [Warning] DataMapping ignored: ContextPort is missing: SenderReceiverToSignalMapping [communicationDirection:null, dataElement:VariableDataPrototypeInSystemInstanceRef [contextComponent:[], contextComposition:null, contextPort:null, targetDataPrototype:null], derived-state:false, eventGroup:[], eventHandler:[], serviceInstance:[], systemSignal:/Signal/CellVoltage07, variationPoint:null].
                        [Warning] DataMapping ignored: TargetDataPrototypeReference is missing: SenderReceiverToSignalMapping [communicationDirection:null, dataElement:VariableDataPrototypeInSystemInstanceRef [contextComponent:[], contextComposition:null, contextPort:null, targetDataPrototype:null], derived-state:false, eventGroup:[], eventHandler:[], serviceInstance:[], systemSignal:/Signal/CellVoltage07, variationPoint:null].
                        [Warning] DataMapping ignored: ContextPort is missing: SenderReceiverToSignalMapping [communicationDirection:null, dataElement:VariableDataPrototypeInSystemInstanceRef [contextComponent:[], contextComposition:null, contextPort:null, targetDataPrototype:null], derived-state:false, eventGroup:[], eventHandler:[], serviceInstance:[], systemSignal:/Signal/CellVoltage08, variationPoint:null].
                        [Warning] DataMapping ignored: TargetDataPrototypeReference is missing: SenderReceiverToSignalMapping [communicationDirection:null, dataElement:VariableDataPrototypeInSystemInstanceRef [contextComponent:[], contextComposition:null, contextPort:null, targetDataPrototype:null], derived-state:false, eventGroup:[], eventHandler:[], serviceInstance:[], systemSignal:/Signal/CellVoltage08, variationPoint:null].
                        [Warning] DataMapping ignored: ContextPort is missing: SenderReceiverToSignalMapping [communicationDirection:null, dataElement:VariableDataPrototypeInSystemInstanceRef [contextComponent:[], contextComposition:null, contextPort:null, targetDataPrototype:null], derived-state:false, eventGroup:[], eventHandler:[], serviceInstance:[], systemSignal:/Signal/CellVoltage09, variationPoint:null].
                        [Warning] DataMapping ignored: TargetDataPrototypeReference is missing: SenderReceiverToSignalMapping [communicationDirection:null, dataElement:VariableDataPrototypeInSystemInstanceRef [contextComponent:[], contextComposition:null, contextPort:null, targetDataPrototype:null], derived-state:false, eventGroup:[], eventHandler:[], serviceInstance:[], systemSignal:/Signal/CellVoltage09, variationPoint:null].
                        [Warning] DataMapping ignored: ContextPort is missing: SenderReceiverToSignalMapping [communicationDirection:null, dataElement:VariableDataPrototypeInSystemInstanceRef [contextComponent:[], contextComposition:null, contextPort:null, targetDataPrototype:null], derived-state:false, eventGroup:[], eventHandler:[], serviceInstance:[], systemSignal:/Signal/CellVoltage10, variationPoint:null].
                        [Warning] DataMapping ignored: TargetDataPrototypeReference is missing: SenderReceiverToSignalMapping [communicationDirection:null, dataElement:VariableDataPrototypeInSystemInstanceRef [contextComponent:[], contextComposition:null, contextPort:null, targetDataPrototype:null], derived-state:false, eventGroup:[], eventHandler:[], serviceInstance:[], systemSignal:/Signal/CellVoltage10, variationPoint:null].
                        [Warning] DataMapping ignored: ContextPort is missing: SenderReceiverToSignalMapping [communicationDirection:null, dataElement:VariableDataPrototypeInSystemInstanceRef [contextComponent:[], contextComposition:null, contextPort:null, targetDataPrototype:null], derived-state:false, eventGroup:[], eventHandler:[], serviceInstance:[], systemSignal:/Signal/CellVoltage11, variationPoint:null].
                        [Warning] DataMapping ignored: TargetDataPrototypeReference is missing: SenderReceiverToSignalMapping [communicationDirection:null, dataElement:VariableDataPrototypeInSystemInstanceRef [contextComponent:[], contextComposition:null, contextPort:null, targetDataPrototype:null], derived-state:false, eventGroup:[], eventHandler:[], serviceInstance:[], systemSignal:/Signal/CellVoltage11, variationPoint:null].
                        [Warning] DataMapping ignored: ContextPort is missing: SenderReceiverToSignalMapping [communicationDirection:null, dataElement:VariableDataPrototypeInSystemInstanceRef [contextComponent:[], contextComposition:null, contextPort:null, targetDataPrototype:null], derived-state:false, eventGroup:[], eventHandler:[], serviceInstance:[], systemSignal:/Signal/CellVoltage12, variationPoint:null].
                        [Warning] DataMapping ignored: TargetDataPrototypeReference is missing: SenderReceiverToSignalMapping [communicationDirection:null, dataElement:VariableDataPrototypeInSystemInstanceRef [contextComponent:[], contextComposition:null, contextPort:null, targetDataPrototype:null], derived-state:false, eventGroup:[], eventHandler:[], serviceInstance:[], systemSignal:/Signal/CellVoltage12, variationPoint:null].
                        [Warning] DataMapping ignored: ContextPort is missing: SenderReceiverToSignalMapping [communicationDirection:null, dataElement:VariableDataPrototypeInSystemInstanceRef [contextComponent:[], contextComposition:null, contextPort:null, targetDataPrototype:null], derived-state:false, eventGroup:[], eventHandler:[], serviceInstance:[], systemSignal:/Signal/CellVoltage13, variationPoint:null].
                        [Warning] DataMapping ignored: TargetDataPrototypeReference is missing: SenderReceiverToSignalMapping [communicationDirection:null, dataElement:VariableDataPrototypeInSystemInstanceRef [contextComponent:[], contextComposition:null, contextPort:null, targetDataPrototype:null], derived-state:false, eventGroup:[], eventHandler:[], serviceInstance:[], systemSignal:/Signal/CellVoltage13, variationPoint:null].
                        [Warning] DataMapping ignored: ContextPort is missing: SenderReceiverToSignalMapping [communicationDirection:null, dataElement:VariableDataPrototypeInSystemInstanceRef [contextComponent:[], contextComposition:null, contextPort:null, targetDataPrototype:null], derived-state:false, eventGroup:[], eventHandler:[], serviceInstance:[], systemSignal:/Signal/CellVoltage14, variationPoint:null].
                        [Warning] DataMapping ignored: TargetDataPrototypeReference is missing: SenderReceiverToSignalMapping [communicationDirection:null, dataElement:VariableDataPrototypeInSystemInstanceRef [contextComponent:[], contextComposition:null, contextPort:null, targetDataPrototype:null], derived-state:false, eventGroup:[], eventHandler:[], serviceInstance:[], systemSignal:/Signal/CellVoltage14, variationPoint:null].
                        [Warning] DataMapping ignored: ContextPort is missing: SenderReceiverToSignalMapping [communicationDirection:null, dataElement:VariableDataPrototypeInSystemInstanceRef [contextComponent:[], contextComposition:null, contextPort:null, targetDataPrototype:null], derived-state:false, eventGroup:[], eventHandler:[], serviceInstance:[], systemSignal:/Signal/CellVoltage15, variationPoint:null].
                        [Warning] DataMapping ignored: TargetDataPrototypeReference is missing: SenderReceiverToSignalMapping [communicationDirection:null, dataElement:VariableDataPrototypeInSystemInstanceRef [contextComponent:[], contextComposition:null, contextPort:null, targetDataPrototype:null], derived-state:false, eventGroup:[], eventHandler:[], serviceInstance:[], systemSignal:/Signal/CellVoltage15, variationPoint:null].
                        [Warning] DataMapping ignored: ContextPort is missing: SenderReceiverToSignalMapping [communicationDirection:null, dataElement:VariableDataPrototypeInSystemInstanceRef [contextComponent:[], contextComposition:null, contextPort:null, targetDataPrototype:null], derived-state:false, eventGroup:[], eventHandler:[], serviceInstance:[], systemSignal:/Signal/CellVoltage16, variationPoint:null].
                        [Warning] DataMapping ignored: TargetDataPrototypeReference is missing: SenderReceiverToSignalMapping [communicationDirection:null, dataElement:VariableDataPrototypeInSystemInstanceRef [contextComponent:[], contextComposition:null, contextPort:null, targetDataPrototype:null], derived-state:false, eventGroup:[], eventHandler:[], serviceInstance:[], systemSignal:/Signal/CellVoltage16, variationPoint:null].
                        [Warning] DataMapping ignored: ContextPort is missing: SenderReceiverToSignalMapping [communicationDirection:null, dataElement:VariableDataPrototypeInSystemInstanceRef [contextComponent:[], contextComposition:null, contextPort:null, targetDataPrototype:null], derived-state:false, eventGroup:[], eventHandler:[], serviceInstance:[], systemSignal:/Signal/DriverSeatHeatStatus, variationPoint:null].
                        [Warning] DataMapping ignored: TargetDataPrototypeReference is missing: SenderReceiverToSignalMapping [communicationDirection:null, dataElement:VariableDataPrototypeInSystemInstanceRef [contextComponent:[], contextComposition:null, contextPort:null, targetDataPrototype:null], derived-state:false, eventGroup:[], eventHandler:[], serviceInstance:[], systemSignal:/Signal/DriverSeatHeatStatus, variationPoint:null].
                        [Warning] DataMapping ignored: ContextPort is missing: SenderReceiverToSignalMapping [communicationDirection:null, dataElement:VariableDataPrototypeInSystemInstanceRef [contextComponent:[], contextComposition:null, contextPort:null, targetDataPrototype:/myPackage/DoorStatus/data], derived-state:false, eventGroup:[], eventHandler:[], serviceInstance:[], systemSignal:/Signal/DoorStatus, variationPoint:null].
                        [Warning] DataMapping ignored: ContextPort is missing: SenderReceiverToSignalMapping [communicationDirection:null, dataElement:VariableDataPrototypeInSystemInstanceRef [contextComponent:[], contextComposition:null, contextPort:null, targetDataPrototype:/myPackage/DoorStatus/data], derived-state:false, eventGroup:[], eventHandler:[], serviceInstance:[], systemSignal:/Signal/DoorStatus, variationPoint:null].
                        [Warning] DataMapping ignored: ContextPort is missing: SenderReceiverToSignalMapping [communicationDirection:null, dataElement:VariableDataPrototypeInSystemInstanceRef [contextComponent:[], contextComposition:null, contextPort:null, targetDataPrototype:/myPackage/DoorStatus/data], derived-state:false, eventGroup:[], eventHandler:[], serviceInstance:[], systemSignal:/Signal/DoorStatus, variationPoint:null].
 21:25:21 - Action 'Update RTE configuration' successfully finished with warnings.
                 [Warning] DataMapping ignored: ContextPort is missing: SenderReceiverToSignalMapping [communicationDirection:null, dataElement:VariableDataPrototypeInSystemInstanceRef [contextComponent:[], contextComposition:null, contextPort:null, targetDataPrototype:/PortInterfaces/port01/Element1], derived-state:false, eventGroup:[], eventHandler:[], serviceInstance:[], systemSignal:null, variationPoint:null].
                   [Warning] DataMapping ignored: System Signal is missing: SenderReceiverToSignalMapping [communicationDirection:null, dataElement:VariableDataPrototypeInSystemInstanceRef [contextComponent:[], contextComposition:null, contextPort:null, targetDataPrototype:/PortInterfaces/port01/Element1], derived-state:false, eventGroup:[], eventHandler:[], serviceInstance:[], systemSignal:null, variationPoint:null].
                   [Warning] DataMapping ignored: ContextPort is missing: SenderReceiverToSignalMapping [communicationDirection:null, dataElement:VariableDataPrototypeInSystemInstanceRef [contextComponent:[], contextComposition:null, contextPort:null, targetDataPrototype:null], derived-state:false, eventGroup:[], eventHandler:[], serviceInstance:[], systemSignal:null, variationPoint:null].
                   [Warning] DataMapping ignored: TargetDataPrototypeReference is missing: SenderReceiverToSignalMapping [communicationDirection:null, dataElement:VariableDataPrototypeInSystemInstanceRef [contextComponent:[], contextComposition:null, contextPort:null, targetDataPrototype:null], derived-state:false, eventGroup:[], eventHandler:[], serviceInstance:[], systemSignal:null, variationPoint:null].
                   [Warning] DataMapping ignored: System Signal is missing: SenderReceiverToSignalMapping [communicationDirection:null, dataElement:VariableDataPrototypeInSystemInstanceRef [contextComponent:[], contextComposition:null, contextPort:null, targetDataPrototype:null], derived-state:false, eventGroup:[], eventHandler:[], serviceInstance:[], systemSignal:null, variationPoint:null].
                   [Warning] DataMapping ignored: ContextPort is missing: SenderReceiverToSignalMapping [communicationDirection:null, dataElement:VariableDataPrototypeInSystemInstanceRef [contextComponent:[], contextComposition:null, contextPort:null, targetDataPrototype:null], derived-state:false, eventGroup:[], eventHandler:[], serviceInstance:[], systemSignal:/Signal/CellVoltage01, variationPoint:null].
                   [Warning] DataMapping ignored: TargetDataPrototypeReference is missing: SenderReceiverToSignalMapping [communicationDirection:null, dataElement:VariableDataPrototypeInSystemInstanceRef [contextComponent:[], contextComposition:null, contextPort:null, targetDataPrototype:null], derived-state:false, eventGroup:[], eventHandler:[], serviceInstance:[], systemSignal:/Signal/CellVoltage01, variationPoint:null].
                   [Warning] DataMapping ignored: ContextPort is missing: SenderReceiverToSignalMapping [communicationDirection:null, dataElement:VariableDataPrototypeInSystemInstanceRef [contextComponent:[], contextComposition:null, contextPort:null, targetDataPrototype:null], derived-state:false, eventGroup:[], eventHandler:[], serviceInstance:[], systemSignal:/Signal/CellVoltage02, variationPoint:null].
                   [Warning] DataMapping ignored: TargetDataPrototypeReference is missing: SenderReceiverToSignalMapping [communicationDirection:null, dataElement:VariableDataPrototypeInSystemInstanceRef [contextComponent:[], contextComposition:null, contextPort:null, targetDataPrototype:null], derived-state:false, eventGroup:[], eventHandler:[], serviceInstance:[], systemSignal:/Signal/CellVoltage02, variationPoint:null].
                   [Warning] DataMapping ignored: ContextPort is missing: SenderReceiverToSignalMapping [communicationDirection:null, dataElement:VariableDataPrototypeInSystemInstanceRef [contextComponent:[], contextComposition:null, contextPort:null, targetDataPrototype:null], derived-state:false, eventGroup:[], eventHandler:[], serviceInstance:[], systemSignal:/Signal/CellVoltage03, variationPoint:null].
                   [Warning] DataMapping ignored: TargetDataPrototypeReference is missing: SenderReceiverToSignalMapping [communicationDirection:null, dataElement:VariableDataPrototypeInSystemInstanceRef [contextComponent:[], contextComposition:null, contextPort:null, targetDataPrototype:null], derived-state:false, eventGroup:[], eventHandler:[], serviceInstance:[], systemSignal:/Signal/CellVoltage03, variationPoint:null].
                   [Warning] DataMapping ignored: ContextPort is missing: SenderReceiverToSignalMapping [communicationDirection:null, dataElement:VariableDataPrototypeInSystemInstanceRef [contextComponent:[], contextComposition:null, contextPort:null, targetDataPrototype:null], derived-state:false, eventGroup:[], eventHandler:[], serviceInstance:[], systemSignal:/Signal/CellVoltage04, variationPoint:null].
                   [Warning] DataMapping ignored: TargetDataPrototypeReference is missing: SenderReceiverToSignalMapping [communicationDirection:null, dataElement:VariableDataPrototypeInSystemInstanceRef [contextComponent:[], contextComposition:null, contextPort:null, targetDataPrototype:null], derived-state:false, eventGroup:[], eventHandler:[], serviceInstance:[], systemSignal:/Signal/CellVoltage04, variationPoint:null].
                   [Warning] DataMapping ignored: ContextPort is missing: SenderReceiverToSignalMapping [communicationDirection:null, dataElement:VariableDataPrototypeInSystemInstanceRef [contextComponent:[], contextComposition:null, contextPort:null, targetDataPrototype:null], derived-state:false, eventGroup:[], eventHandler:[], serviceInstance:[], systemSignal:/Signal/CellVoltage05, variationPoint:null].
                   [Warning] DataMapping ignored: TargetDataPrototypeReference is missing: SenderReceiverToSignalMapping [communicationDirection:null, dataElement:VariableDataPrototypeInSystemInstanceRef [contextComponent:[], contextComposition:null, contextPort:null, targetDataPrototype:null], derived-state:false, eventGroup:[], eventHandler:[], serviceInstance:[], systemSignal:/Signal/CellVoltage05, variationPoint:null].
                   [Warning] DataMapping ignored: ContextPort is missing: SenderReceiverToSignalMapping [communicationDirection:null, dataElement:VariableDataPrototypeInSystemInstanceRef [contextComponent:[], contextComposition:null, contextPort:null, targetDataPrototype:null], derived-state:false, eventGroup:[], eventHandler:[], serviceInstance:[], systemSignal:/Signal/CellVoltage06, variationPoint:null].
                   [Warning] DataMapping ignored: TargetDataPrototypeReference is missing: SenderReceiverToSignalMapping [communicationDirection:null, dataElement:VariableDataPrototypeInSystemInstanceRef [contextComponent:[], contextComposition:null, contextPort:null, targetDataPrototype:null], derived-state:false, eventGroup:[], eventHandler:[], serviceInstance:[], systemSignal:/Signal/CellVoltage06, variationPoint:null].
                   [Warning] DataMapping ignored: ContextPort is missing: SenderReceiverToSignalMapping [communicationDirection:null, dataElement:VariableDataPrototypeInSystemInstanceRef [contextComponent:[], contextComposition:null, contextPort:null, targetDataPrototype:null], derived-state:false, eventGroup:[], eventHandler:[], serviceInstance:[], systemSignal:/Signal/CellVoltage07, variationPoint:null].
                   [Warning] DataMapping ignored: TargetDataPrototypeReference is missing: SenderReceiverToSignalMapping [communicationDirection:null, dataElement:VariableDataPrototypeInSystemInstanceRef [contextComponent:[], contextComposition:null, contextPort:null, targetDataPrototype:null], derived-state:false, eventGroup:[], eventHandler:[], serviceInstance:[], systemSignal:/Signal/CellVoltage07, variationPoint:null].
                   [Warning] DataMapping ignored: ContextPort is missing: SenderReceiverToSignalMapping [communicationDirection:null, dataElement:VariableDataPrototypeInSystemInstanceRef [contextComponent:[], contextComposition:null, contextPort:null, targetDataPrototype:null], derived-state:false, eventGroup:[], eventHandler:[], serviceInstance:[], systemSignal:/Signal/CellVoltage08, variationPoint:null].
                   [Warning] DataMapping ignored: TargetDataPrototypeReference is missing: SenderReceiverToSignalMapping [communicationDirection:null, dataElement:VariableDataPrototypeInSystemInstanceRef [contextComponent:[], contextComposition:null, contextPort:null, targetDataPrototype:null], derived-state:false, eventGroup:[], eventHandler:[], serviceInstance:[], systemSignal:/Signal/CellVoltage08, variationPoint:null].
                   [Warning] DataMapping ignored: ContextPort is missing: SenderReceiverToSignalMapping [communicationDirection:null, dataElement:VariableDataPrototypeInSystemInstanceRef [contextComponent:[], contextComposition:null, contextPort:null, targetDataPrototype:null], derived-state:false, eventGroup:[], eventHandler:[], serviceInstance:[], systemSignal:/Signal/CellVoltage09, variationPoint:null].
                   [Warning] DataMapping ignored: TargetDataPrototypeReference is missing: SenderReceiverToSignalMapping [communicationDirection:null, dataElement:VariableDataPrototypeInSystemInstanceRef [contextComponent:[], contextComposition:null, contextPort:null, targetDataPrototype:null], derived-state:false, eventGroup:[], eventHandler:[], serviceInstance:[], systemSignal:/Signal/CellVoltage09, variationPoint:null].
                   [Warning] DataMapping ignored: ContextPort is missing: SenderReceiverToSignalMapping [communicationDirection:null, dataElement:VariableDataPrototypeInSystemInstanceRef [contextComponent:[], contextComposition:null, contextPort:null, targetDataPrototype:null], derived-state:false, eventGroup:[], eventHandler:[], serviceInstance:[], systemSignal:/Signal/CellVoltage10, variationPoint:null].
                   [Warning] DataMapping ignored: TargetDataPrototypeReference is missing: SenderReceiverToSignalMapping [communicationDirection:null, dataElement:VariableDataPrototypeInSystemInstanceRef [contextComponent:[], contextComposition:null, contextPort:null, targetDataPrototype:null], derived-state:false, eventGroup:[], eventHandler:[], serviceInstance:[], systemSignal:/Signal/CellVoltage10, variationPoint:null].
                   [Warning] DataMapping ignored: ContextPort is missing: SenderReceiverToSignalMapping [communicationDirection:null, dataElement:VariableDataPrototypeInSystemInstanceRef [contextComponent:[], contextComposition:null, contextPort:null, targetDataPrototype:null], derived-state:false, eventGroup:[], eventHandler:[], serviceInstance:[], systemSignal:/Signal/CellVoltage11, variationPoint:null].
                   [Warning] DataMapping ignored: TargetDataPrototypeReference is missing: SenderReceiverToSignalMapping [communicationDirection:null, dataElement:VariableDataPrototypeInSystemInstanceRef [contextComponent:[], contextComposition:null, contextPort:null, targetDataPrototype:null], derived-state:false, eventGroup:[], eventHandler:[], serviceInstance:[], systemSignal:/Signal/CellVoltage11, variationPoint:null].
                   [Warning] DataMapping ignored: ContextPort is missing: SenderReceiverToSignalMapping [communicationDirection:null, dataElement:VariableDataPrototypeInSystemInstanceRef [contextComponent:[], contextComposition:null, contextPort:null, targetDataPrototype:null], derived-state:false, eventGroup:[], eventHandler:[], serviceInstance:[], systemSignal:/Signal/CellVoltage12, variationPoint:null].
                   [Warning] DataMapping ignored: TargetDataPrototypeReference is missing: SenderReceiverToSignalMapping [communicationDirection:null, dataElement:VariableDataPrototypeInSystemInstanceRef [contextComponent:[], contextComposition:null, contextPort:null, targetDataPrototype:null], derived-state:false, eventGroup:[], eventHandler:[], serviceInstance:[], systemSignal:/Signal/CellVoltage12, variationPoint:null].
                   [Warning] DataMapping ignored: ContextPort is missing: SenderReceiverToSignalMapping [communicationDirection:null, dataElement:VariableDataPrototypeInSystemInstanceRef [contextComponent:[], contextComposition:null, contextPort:null, targetDataPrototype:null], derived-state:false, eventGroup:[], eventHandler:[], serviceInstance:[], systemSignal:/Signal/CellVoltage13, variationPoint:null].
                   [Warning] DataMapping ignored: TargetDataPrototypeReference is missing: SenderReceiverToSignalMapping [communicationDirection:null, dataElement:VariableDataPrototypeInSystemInstanceRef [contextComponent:[], contextComposition:null, contextPort:null, targetDataPrototype:null], derived-state:false, eventGroup:[], eventHandler:[], serviceInstance:[], systemSignal:/Signal/CellVoltage13, variationPoint:null].
                   [Warning] DataMapping ignored: ContextPort is missing: SenderReceiverToSignalMapping [communicationDirection:null, dataElement:VariableDataPrototypeInSystemInstanceRef [contextComponent:[], contextComposition:null, contextPort:null, targetDataPrototype:null], derived-state:false, eventGroup:[], eventHandler:[], serviceInstance:[], systemSignal:/Signal/CellVoltage14, variationPoint:null].
                   [Warning] DataMapping ignored: TargetDataPrototypeReference is missing: SenderReceiverToSignalMapping [communicationDirection:null, dataElement:VariableDataPrototypeInSystemInstanceRef [contextComponent:[], contextComposition:null, contextPort:null, targetDataPrototype:null], derived-state:false, eventGroup:[], eventHandler:[], serviceInstance:[], systemSignal:/Signal/CellVoltage14, variationPoint:null].
                   [Warning] DataMapping ignored: ContextPort is missing: SenderReceiverToSignalMapping [communicationDirection:null, dataElement:VariableDataPrototypeInSystemInstanceRef [contextComponent:[], contextComposition:null, contextPort:null, targetDataPrototype:null], derived-state:false, eventGroup:[], eventHandler:[], serviceInstance:[], systemSignal:/Signal/CellVoltage15, variationPoint:null].
                   [Warning] DataMapping ignored: TargetDataPrototypeReference is missing: SenderReceiverToSignalMapping [communicationDirection:null, dataElement:VariableDataPrototypeInSystemInstanceRef [contextComponent:[], contextComposition:null, contextPort:null, targetDataPrototype:null], derived-state:false, eventGroup:[], eventHandler:[], serviceInstance:[], systemSignal:/Signal/CellVoltage15, variationPoint:null].
                   [Warning] DataMapping ignored: ContextPort is missing: SenderReceiverToSignalMapping [communicationDirection:null, dataElement:VariableDataPrototypeInSystemInstanceRef [contextComponent:[], contextComposition:null, contextPort:null, targetDataPrototype:null], derived-state:false, eventGroup:[], eventHandler:[], serviceInstance:[], systemSignal:/Signal/CellVoltage16, variationPoint:null].
                   [Warning] DataMapping ignored: TargetDataPrototypeReference is missing: SenderReceiverToSignalMapping [communicationDirection:null, dataElement:VariableDataPrototypeInSystemInstanceRef [contextComponent:[], contextComposition:null, contextPort:null, targetDataPrototype:null], derived-state:false, eventGroup:[], eventHandler:[], serviceInstance:[], systemSignal:/Signal/CellVoltage16, variationPoint:null].
                   [Warning] DataMapping ignored: ContextPort is missing: SenderReceiverToSignalMapping [communicationDirection:null, dataElement:VariableDataPrototypeInSystemInstanceRef [contextComponent:[], contextComposition:null, contextPort:null, targetDataPrototype:null], derived-state:false, eventGroup:[], eventHandler:[], serviceInstance:[], systemSignal:/Signal/DriverSeatHeatStatus, variationPoint:null].
                   [Warning] DataMapping ignored: TargetDataPrototypeReference is missing: SenderReceiverToSignalMapping [communicationDirection:null, dataElement:VariableDataPrototypeInSystemInstanceRef [contextComponent:[], contextComposition:null, contextPort:null, targetDataPrototype:null], derived-state:false, eventGroup:[], eventHandler:[], serviceInstance:[], systemSignal:/Signal/DriverSeatHeatStatus, variationPoint:null].
                   [Warning] DataMapping ignored: ContextPort is missing: SenderReceiverToSignalMapping [communicationDirection:null, dataElement:VariableDataPrototypeInSystemInstanceRef [contextComponent:[], contextComposition:null, contextPort:null, targetDataPrototype:/myPackage/DoorStatus/data], derived-state:false, eventGroup:[], eventHandler:[], serviceInstance:[], systemSignal:/Signal/DoorStatus, variationPoint:null].
                   [Warning] DataMapping ignored: ContextPort is missing: SenderReceiverToSignalMapping [communicationDirection:null, dataElement:VariableDataPrototypeInSystemInstanceRef [contextComponent:[], contextComposition:null, contextPort:null, targetDataPrototype:/myPackage/DoorStatus/data], derived-state:false, eventGroup:[], eventHandler:[], serviceInstance:[], systemSignal:/Signal/DoorStatus, variationPoint:null].
                   [Warning] DataMapping ignored: ContextPort is missing: SenderReceiverToSignalMapping [communicationDirection:null, dataElement:VariableDataPrototypeInSystemInstanceRef [contextComponent:[], contextComposition:null, contextPort:null, targetDataPrototype:/myPackage/DoorStatus/data], derived-state:false, eventGroup:[], eventHandler:[], serviceInstance:[], systemSignal:/Signal/DoorStatus, variationPoint:null].
                   [Warning] DataMapping ignored: ContextPort is missing: SenderReceiverToSignalMapping [communicationDirection:null, dataElement:VariableDataPrototypeInSystemInstanceRef [contextComponent:[], contextComposition:null, contextPort:null, targetDataPrototype:/PortInterfaces/port01/Element1], derived-state:false, eventGroup:[], eventHandler:[], serviceInstance:[], systemSignal:null, variationPoint:null].
                   [Warning] DataMapping ignored: System Signal is missing: SenderReceiverToSignalMapping [communicationDirection:null, dataElement:VariableDataPrototypeInSystemInstanceRef [contextComponent:[], contextComposition:null, contextPort:null, targetDataPrototype:/PortInterfaces/port01/Element1], derived-state:false, eventGroup:[], eventHandler:[], serviceInstance:[], systemSignal:null, variationPoint:null].
                   [Warning] DataMapping ignored: ContextPort is missing: SenderReceiverToSignalMapping [communicationDirection:null, dataElement:VariableDataPrototypeInSystemInstanceRef [contextComponent:[], contextComposition:null, contextPort:null, targetDataPrototype:null], derived-state:false, eventGroup:[], eventHandler:[], serviceInstance:[], systemSignal:null, variationPoint:null].
                   [Warning] DataMapping ignored: TargetDataPrototypeReference is missing: SenderReceiverToSignalMapping [communicationDirection:null, dataElement:VariableDataPrototypeInSystemInstanceRef [contextComponent:[], contextComposition:null, contextPort:null, targetDataPrototype:null], derived-state:false, eventGroup:[], eventHandler:[], serviceInstance:[], systemSignal:null, variationPoint:null].
                   [Warning] DataMapping ignored: System Signal is missing: SenderReceiverToSignalMapping [communicationDirection:null, dataElement:VariableDataPrototypeInSystemInstanceRef [contextComponent:[], contextComposition:null, contextPort:null, targetDataPrototype:null], derived-state:false, eventGroup:[], eventHandler:[], serviceInstance:[], systemSignal:null, variationPoint:null].
                   [Warning] DataMapping ignored: ContextPort is missing: SenderReceiverToSignalMapping [communicationDirection:null, dataElement:VariableDataPrototypeInSystemInstanceRef [contextComponent:[], contextComposition:null, contextPort:null, targetDataPrototype:null], derived-state:false, eventGroup:[], eventHandler:[], serviceInstance:[], systemSignal:/Signal/CellVoltage01, variationPoint:null].
                   [Warning] DataMapping ignored: TargetDataPrototypeReference is missing: SenderReceiverToSignalMapping [communicationDirection:null, dataElement:VariableDataPrototypeInSystemInstanceRef [contextComponent:[], contextComposition:null, contextPort:null, targetDataPrototype:null], derived-state:false, eventGroup:[], eventHandler:[], serviceInstance:[], systemSignal:/Signal/CellVoltage01, variationPoint:null].
                   [Warning] DataMapping ignored: ContextPort is missing: SenderReceiverToSignalMapping [communicationDirection:null, dataElement:VariableDataPrototypeInSystemInstanceRef [contextComponent:[], contextComposition:null, contextPort:null, targetDataPrototype:null], derived-state:false, eventGroup:[], eventHandler:[], serviceInstance:[], systemSignal:/Signal/CellVoltage02, variationPoint:null].
                   [Warning] DataMapping ignored: TargetDataPrototypeReference is missing: SenderReceiverToSignalMapping [communicationDirection:null, dataElement:VariableDataPrototypeInSystemInstanceRef [contextComponent:[], contextComposition:null, contextPort:null, targetDataPrototype:null], derived-state:false, eventGroup:[], eventHandler:[], serviceInstance:[], systemSignal:/Signal/CellVoltage02, variationPoint:null].
                   [Warning] DataMapping ignored: ContextPort is missing: SenderReceiverToSignalMapping [communicationDirection:null, dataElement:VariableDataPrototypeInSystemInstanceRef [contextComponent:[], contextComposition:null, contextPort:null, targetDataPrototype:null], derived-state:false, eventGroup:[], eventHandler:[], serviceInstance:[], systemSignal:/Signal/CellVoltage03, variationPoint:null].
                   [Warning] DataMapping ignored: TargetDataPrototypeReference is missing: SenderReceiverToSignalMapping [communicationDirection:null, dataElement:VariableDataPrototypeInSystemInstanceRef [contextComponent:[], contextComposition:null, contextPort:null, targetDataPrototype:null], derived-state:false, eventGroup:[], eventHandler:[], serviceInstance:[], systemSignal:/Signal/CellVoltage03, variationPoint:null].
                   [Warning] DataMapping ignored: ContextPort is missing: SenderReceiverToSignalMapping [communicationDirection:null, dataElement:VariableDataPrototypeInSystemInstanceRef [contextComponent:[], contextComposition:null, contextPort:null, targetDataPrototype:null], derived-state:false, eventGroup:[], eventHandler:[], serviceInstance:[], systemSignal:/Signal/CellVoltage04, variationPoint:null].
                   [Warning] DataMapping ignored: TargetDataPrototypeReference is missing: SenderReceiverToSignalMapping [communicationDirection:null, dataElement:VariableDataPrototypeInSystemInstanceRef [contextComponent:[], contextComposition:null, contextPort:null, targetDataPrototype:null], derived-state:false, eventGroup:[], eventHandler:[], serviceInstance:[], systemSignal:/Signal/CellVoltage04, variationPoint:null].
                   [Warning] DataMapping ignored: ContextPort is missing: SenderReceiverToSignalMapping [communicationDirection:null, dataElement:VariableDataPrototypeInSystemInstanceRef [contextComponent:[], contextComposition:null, contextPort:null, targetDataPrototype:null], derived-state:false, eventGroup:[], eventHandler:[], serviceInstance:[], systemSignal:/Signal/CellVoltage05, variationPoint:null].
                   [Warning] DataMapping ignored: TargetDataPrototypeReference is missing: SenderReceiverToSignalMapping [communicationDirection:null, dataElement:VariableDataPrototypeInSystemInstanceRef [contextComponent:[], contextComposition:null, contextPort:null, targetDataPrototype:null], derived-state:false, eventGroup:[], eventHandler:[], serviceInstance:[], systemSignal:/Signal/CellVoltage05, variationPoint:null].
                   [Warning] DataMapping ignored: ContextPort is missing: SenderReceiverToSignalMapping [communicationDirection:null, dataElement:VariableDataPrototypeInSystemInstanceRef [contextComponent:[], contextComposition:null, contextPort:null, targetDataPrototype:null], derived-state:false, eventGroup:[], eventHandler:[], serviceInstance:[], systemSignal:/Signal/CellVoltage06, variationPoint:null].
                   [Warning] DataMapping ignored: TargetDataPrototypeReference is missing: SenderReceiverToSignalMapping [communicationDirection:null, dataElement:VariableDataPrototypeInSystemInstanceRef [contextComponent:[], contextComposition:null, contextPort:null, targetDataPrototype:null], derived-state:false, eventGroup:[], eventHandler:[], serviceInstance:[], systemSignal:/Signal/CellVoltage06, variationPoint:null].
                   [Warning] DataMapping ignored: ContextPort is missing: SenderReceiverToSignalMapping [communicationDirection:null, dataElement:VariableDataPrototypeInSystemInstanceRef [contextComponent:[], contextComposition:null, contextPort:null, targetDataPrototype:null], derived-state:false, eventGroup:[], eventHandler:[], serviceInstance:[], systemSignal:/Signal/CellVoltage07, variationPoint:null].
                   [Warning] DataMapping ignored: TargetDataPrototypeReference is missing: SenderReceiverToSignalMapping [communicationDirection:null, dataElement:VariableDataPrototypeInSystemInstanceRef [contextComponent:[], contextComposition:null, contextPort:null, targetDataPrototype:null], derived-state:false, eventGroup:[], eventHandler:[], serviceInstance:[], systemSignal:/Signal/CellVoltage07, variationPoint:null].
                   [Warning] DataMapping ignored: ContextPort is missing: SenderReceiverToSignalMapping [communicationDirection:null, dataElement:VariableDataPrototypeInSystemInstanceRef [contextComponent:[], contextComposition:null, contextPort:null, targetDataPrototype:null], derived-state:false, eventGroup:[], eventHandler:[], serviceInstance:[], systemSignal:/Signal/CellVoltage08, variationPoint:null].
                   [Warning] DataMapping ignored: TargetDataPrototypeReference is missing: SenderReceiverToSignalMapping [communicationDirection:null, dataElement:VariableDataPrototypeInSystemInstanceRef [contextComponent:[], contextComposition:null, contextPort:null, targetDataPrototype:null], derived-state:false, eventGroup:[], eventHandler:[], serviceInstance:[], systemSignal:/Signal/CellVoltage08, variationPoint:null].
                   [Warning] DataMapping ignored: ContextPort is missing: SenderReceiverToSignalMapping [communicationDirection:null, dataElement:VariableDataPrototypeInSystemInstanceRef [contextComponent:[], contextComposition:null, contextPort:null, targetDataPrototype:null], derived-state:false, eventGroup:[], eventHandler:[], serviceInstance:[], systemSignal:/Signal/CellVoltage09, variationPoint:null].
                   [Warning] DataMapping ignored: TargetDataPrototypeReference is missing: SenderReceiverToSignalMapping [communicationDirection:null, dataElement:VariableDataPrototypeInSystemInstanceRef [contextComponent:[], contextComposition:null, contextPort:null, targetDataPrototype:null], derived-state:false, eventGroup:[], eventHandler:[], serviceInstance:[], systemSignal:/Signal/CellVoltage09, variationPoint:null].
                   [Warning] DataMapping ignored: ContextPort is missing: SenderReceiverToSignalMapping [communicationDirection:null, dataElement:VariableDataPrototypeInSystemInstanceRef [contextComponent:[], contextComposition:null, contextPort:null, targetDataPrototype:null], derived-state:false, eventGroup:[], eventHandler:[], serviceInstance:[], systemSignal:/Signal/CellVoltage10, variationPoint:null].
                   [Warning] DataMapping ignored: TargetDataPrototypeReference is missing: SenderReceiverToSignalMapping [communicationDirection:null, dataElement:VariableDataPrototypeInSystemInstanceRef [contextComponent:[], contextComposition:null, contextPort:null, targetDataPrototype:null], derived-state:false, eventGroup:[], eventHandler:[], serviceInstance:[], systemSignal:/Signal/CellVoltage10, variationPoint:null].
                   [Warning] DataMapping ignored: ContextPort is missing: SenderReceiverToSignalMapping [communicationDirection:null, dataElement:VariableDataPrototypeInSystemInstanceRef [contextComponent:[], contextComposition:null, contextPort:null, targetDataPrototype:null], derived-state:false, eventGroup:[], eventHandler:[], serviceInstance:[], systemSignal:/Signal/CellVoltage11, variationPoint:null].
                   [Warning] DataMapping ignored: TargetDataPrototypeReference is missing: SenderReceiverToSignalMapping [communicationDirection:null, dataElement:VariableDataPrototypeInSystemInstanceRef [contextComponent:[], contextComposition:null, contextPort:null, targetDataPrototype:null], derived-state:false, eventGroup:[], eventHandler:[], serviceInstance:[], systemSignal:/Signal/CellVoltage11, variationPoint:null].
                   [Warning] DataMapping ignored: ContextPort is missing: SenderReceiverToSignalMapping [communicationDirection:null, dataElement:VariableDataPrototypeInSystemInstanceRef [contextComponent:[], contextComposition:null, contextPort:null, targetDataPrototype:null], derived-state:false, eventGroup:[], eventHandler:[], serviceInstance:[], systemSignal:/Signal/CellVoltage12, variationPoint:null].
                   [Warning] DataMapping ignored: TargetDataPrototypeReference is missing: SenderReceiverToSignalMapping [communicationDirection:null, dataElement:VariableDataPrototypeInSystemInstanceRef [contextComponent:[], contextComposition:null, contextPort:null, targetDataPrototype:null], derived-state:false, eventGroup:[], eventHandler:[], serviceInstance:[], systemSignal:/Signal/CellVoltage12, variationPoint:null].
                   [Warning] DataMapping ignored: ContextPort is missing: SenderReceiverToSignalMapping [communicationDirection:null, dataElement:VariableDataPrototypeInSystemInstanceRef [contextComponent:[], contextComposition:null, contextPort:null, targetDataPrototype:null], derived-state:false, eventGroup:[], eventHandler:[], serviceInstance:[], systemSignal:/Signal/CellVoltage13, variationPoint:null].
                   [Warning] DataMapping ignored: TargetDataPrototypeReference is missing: SenderReceiverToSignalMapping [communicationDirection:null, dataElement:VariableDataPrototypeInSystemInstanceRef [contextComponent:[], contextComposition:null, contextPort:null, targetDataPrototype:null], derived-state:false, eventGroup:[], eventHandler:[], serviceInstance:[], systemSignal:/Signal/CellVoltage13, variationPoint:null].
                   [Warning] DataMapping ignored: ContextPort is missing: SenderReceiverToSignalMapping [communicationDirection:null, dataElement:VariableDataPrototypeInSystemInstanceRef [contextComponent:[], contextComposition:null, contextPort:null, targetDataPrototype:null], derived-state:false, eventGroup:[], eventHandler:[], serviceInstance:[], systemSignal:/Signal/CellVoltage14, variationPoint:null].
                   [Warning] DataMapping ignored: TargetDataPrototypeReference is missing: SenderReceiverToSignalMapping [communicationDirection:null, dataElement:VariableDataPrototypeInSystemInstanceRef [contextComponent:[], contextComposition:null, contextPort:null, targetDataPrototype:null], derived-state:false, eventGroup:[], eventHandler:[], serviceInstance:[], systemSignal:/Signal/CellVoltage14, variationPoint:null].
                   [Warning] DataMapping ignored: ContextPort is missing: SenderReceiverToSignalMapping [communicationDirection:null, dataElement:VariableDataPrototypeInSystemInstanceRef [contextComponent:[], contextComposition:null, contextPort:null, targetDataPrototype:null], derived-state:false, eventGroup:[], eventHandler:[], serviceInstance:[], systemSignal:/Signal/CellVoltage15, variationPoint:null].
                   [Warning] DataMapping ignored: TargetDataPrototypeReference is missing: SenderReceiverToSignalMapping [communicationDirection:null, dataElement:VariableDataPrototypeInSystemInstanceRef [contextComponent:[], contextComposition:null, contextPort:null, targetDataPrototype:null], derived-state:false, eventGroup:[], eventHandler:[], serviceInstance:[], systemSignal:/Signal/CellVoltage15, variationPoint:null].
                   [Warning] DataMapping ignored: ContextPort is missing: SenderReceiverToSignalMapping [communicationDirection:null, dataElement:VariableDataPrototypeInSystemInstanceRef [contextComponent:[], contextComposition:null, contextPort:null, targetDataPrototype:null], derived-state:false, eventGroup:[], eventHandler:[], serviceInstance:[], systemSignal:/Signal/CellVoltage16, variationPoint:null].
                   [Warning] DataMapping ignored: TargetDataPrototypeReference is missing: SenderReceiverToSignalMapping [communicationDirection:null, dataElement:VariableDataPrototypeInSystemInstanceRef [contextComponent:[], contextComposition:null, contextPort:null, targetDataPrototype:null], derived-state:false, eventGroup:[], eventHandler:[], serviceInstance:[], systemSignal:/Signal/CellVoltage16, variationPoint:null].
                   [Warning] DataMapping ignored: ContextPort is missing: SenderReceiverToSignalMapping [communicationDirection:null, dataElement:VariableDataPrototypeInSystemInstanceRef [contextComponent:[], contextComposition:null, contextPort:null, targetDataPrototype:null], derived-state:false, eventGroup:[], eventHandler:[], serviceInstance:[], systemSignal:/Signal/DriverSeatHeatStatus, variationPoint:null].
                   [Warning] DataMapping ignored: TargetDataPrototypeReference is missing: SenderReceiverToSignalMapping [communicationDirection:null, dataElement:VariableDataPrototypeInSystemInstanceRef [contextComponent:[], contextComposition:null, contextPort:null, targetDataPrototype:null], derived-state:false, eventGroup:[], eventHandler:[], serviceInstance:[], systemSignal:/Signal/DriverSeatHeatStatus, variationPoint:null].
                   [Warning] DataMapping ignored: ContextPort is missing: SenderReceiverToSignalMapping [communicationDirection:null, dataElement:VariableDataPrototypeInSystemInstanceRef [contextComponent:[], contextComposition:null, contextPort:null, targetDataPrototype:/myPackage/DoorStatus/data], derived-state:false, eventGroup:[], eventHandler:[], serviceInstance:[], systemSignal:/Signal/DoorStatus, variationPoint:null].
                   [Warning] DataMapping ignored: ContextPort is missing: SenderReceiverToSignalMapping [communicationDirection:null, dataElement:VariableDataPrototypeInSystemInstanceRef [contextComponent:[], contextComposition:null, contextPort:null, targetDataPrototype:/myPackage/DoorStatus/data], derived-state:false, eventGroup:[], eventHandler:[], serviceInstance:[], systemSignal:/Signal/DoorStatus, variationPoint:null].
                   [Warning] DataMapping ignored: ContextPort is missing: SenderReceiverToSignalMapping [communicationDirection:null, dataElement:VariableDataPrototypeInSystemInstanceRef [contextComponent:[], contextComposition:null, contextPort:null, targetDataPrototype:/myPackage/DoorStatus/data], derived-state:false, eventGroup:[], eventHandler:[], serviceInstance:[], systemSignal:/Signal/DoorStatus, variationPoint:null].
 21:25:21 - Action 'Align differences after successful update' started.
 21:25:22 - Action 'Align differences after successful update' successfully finished.
 21:25:22 - Action 'Clean up update data' started.
 21:25:22 - Action 'Clean up update data' successfully finished.
21:25:23 - Workflow 'Update workflow.' finished.
