[11:39:14] INFO   ----> Process of diagnostic specification
[11:39:14] INFO   DDM-Version: 14.0.0 (RELEASE)
[11:39:14] INFO   Importing ODX file D:\Vehicle-Embedded-System\MCAL Module Development and VCU Control\S32K144_Start_new_IAR\Inputfiles\ForTraining.cdd, ECU: New_ECU_1, variant: CommonDiagnostics
[11:39:15] INFO   Selecting ECU 'New_ECU_1'  Variant 'CommonDiagnostics'  Protocol UDS.
[11:39:15] INFO   Selecting Manufacturer 'Vector'.
[11:39:15] INFO   'Vector' was selected and 'Vector' was detected.
[11:39:15] INFO   Importing Database information.
[11:39:15] INFO   ----> Importing Variants
[11:39:15] INFO   <---- Importing Variants
[11:39:15] INFO   ----> Importing StateGroups
[11:39:15] INFO   Importing StateMachine information.
[11:39:15] INFO   <---- Importing StateGroups
[11:39:15] INFO   ----> Importing Services
[11:39:15] INFO   Importing Service '1001'.
[11:39:15] INFO   Importing Service '1002'.
[11:39:15] INFO   Importing Service '1003'.
[11:39:15] INFO   Importing Service '1101'.
[11:39:15] INFO   Importing Service '14'.
[11:39:15] INFO   Importing Service '1901'.
[11:39:15] INFO   Importing Service '1902'.
[11:39:15] INFO   Importing Service '1906'.
[11:39:15] INFO   Importing Service '221000'.
[11:39:15] INFO   Importing Service '2701'.
[11:39:15] INFO   Importing Service '2702'.
[11:39:15] INFO   Importing Service '2E1000'.
[11:39:15] INFO   Importing Service '3E00'.
[11:39:15] INFO   Importing Service '8501'.
[11:39:15] INFO   Importing Service '8502'.
[11:39:15] INFO   <---- Importing Services
[11:39:15] INFO   ----> Importing FaultMemory
[11:39:15] INFO   Importing FaultMemory.
[11:39:15] WARN   Could not extract DTC format.
[11:39:15] INFO   AddSnapshotRecords for DTC 2
[11:39:15] WARN   Could not find SnapshotRecords for DTC (0x2). 
[11:39:15] INFO   <---- Importing FaultMemory
[11:39:15] INFO   ----> Importing FreezeFrame
[11:39:15] INFO   <---- Importing FreezeFrame
[11:39:15] INFO   ----> Importing DiagSettings
[11:39:15] INFO   Importing DiagSettings
[11:39:15] WARN   TimeBr > 100: Setting to 100
[11:39:15] WARN   TimeCs > 100: Setting to 100
[11:39:15] INFO   <---- Importing DiagSettings
[11:39:15] INFO   ----> Importing DataCompProps
[11:39:15] INFO   <---- Importing DataCompProps
[11:39:15] INFO   ODX Import finished successfully.
[11:39:15] INFO   Shaping imported model
[11:39:15] INFO   Adding shaper script to remove freeze frame 0x00
[11:39:15] INFO   >>>>>>>>>>>>>>>> SHAPING preparation >>>>>>>>>>>>>>>>
[11:39:15] INFO   <<<<<<<<<<<<<<<< SHAPING ready after 0s (0ms) <<<<<<<<<<<<<<<<
[11:39:15] INFO   >>>>>>>>>>>>>>>> SHAPING started >>>>>>>>>>>>>>>>
[11:39:15] INFO   >>>>>>>>>>>>>>>> ShapingStep ServiceSelection >>>>>>>>>>>>>>>>
[11:39:15] INFO   <<<<<<<<<<<<<<<< ShapingStep ServiceSelection( completed in 0s (0ms) <<<<<<<<<<<<<<<<
[11:39:15] INFO   >>>>>>>>>>>>>>>> ShapingStep DataPreparation >>>>>>>>>>>>>>>>
[11:39:15] NOTE     - Shape Data Comp Collections
[11:39:15] INFO   At Ecu 
[11:39:15] INFO     - Fix Unsigned Boolean
[11:39:15] INFO     - Convert XInt24/XInt64 to Byte-Array
[11:39:15] INFO     - Set Compu-Scale Symbols
[11:39:15] INFO   <<<<<<<<<<<<<<<< ShapingStep DataPreparation( completed in 0s (0ms) <<<<<<<<<<<<<<<<
[11:39:15] INFO   >>>>>>>>>>>>>>>> ShapingStep ServiceDefinition >>>>>>>>>>>>>>>>
[11:39:15] INFO   Finding duplicated services... 
[11:39:15] INFO   Destroying duplicated services... 
[11:39:15] INFO   At Service 0x22 SubService 0x1000 
[11:39:15] INFO     - Applying service definition shaping to protocol component [RecordDataIdentifier]
[11:39:15] INFO     - Service has now new definition: 0x22 0x1000 Diag_RWDI_LightOnOffCounter_Read
[11:39:15] INFO     - Applying service definition shaping to protocol component [RecordDataIdentifier]
[11:39:15] INFO     - Service has now new definition: 0x22 0x1000 Diag_RWDI_LightOnOffCounter_Read
[11:39:15] INFO   At Service 0x2e SubService 0x1000 
[11:39:15] INFO     - Applying service definition shaping to protocol component [RecordDataIdentifier]
[11:39:15] INFO     - Service has now new definition: 0x2e 0x1000 Diag_RWDI_LightOnOffCounter_Write
[11:39:15] INFO     - Applying service definition shaping to protocol component [RecordDataIdentifier]
[11:39:15] INFO     - Service has now new definition: 0x2e 0x1000 Diag_RWDI_LightOnOffCounter_Write
[11:39:15] INFO   <<<<<<<<<<<<<<<< ShapingStep ServiceDefinition( completed in 0s (0ms) <<<<<<<<<<<<<<<<
[11:39:15] INFO   >>>>>>>>>>>>>>>> ShapingStep DataDefinition >>>>>>>>>>>>>>>>
[11:39:15] INFO   Service: 0x2e 0x1000 Diag_RWDI_LightOnOffCounter_Write shared data components linked to: Service: 0x22 0x1000 Diag_RWDI_LightOnOffCounter_Read !!!
[11:39:15] INFO   At Service 0x19 SubService 0x1 (atomic) 
[11:39:15] INFO     - Attribute 'FaultmemoryData' changed from 'N/A' to 'TESTFAULT'
[11:39:15] INFO   At Service 0x10 SubService 0x1 (atomic) 
[11:39:15] INFO     - Attribute 'FaultmemoryData' changed from 'N/A' to 'TESTFAULT'
[11:39:15] INFO   At Service 0x10 SubService 0x1 (atomic) 
[11:39:15] INFO     - Attribute 'FaultmemoryData' changed from 'N/A' to 'TESTFAULT'
[11:39:15] INFO   At Service 0x10 SubService 0x2 (atomic) 
[11:39:15] INFO     - Attribute 'FaultmemoryData' changed from 'N/A' to 'TESTFAULT'
[11:39:15] INFO   At Service 0x10 SubService 0x2 (atomic) 
[11:39:15] INFO     - Attribute 'FaultmemoryData' changed from 'N/A' to 'TESTFAULT'
[11:39:15] INFO   At Service 0x10 SubService 0x3 (atomic) 
[11:39:15] INFO     - Attribute 'FaultmemoryData' changed from 'N/A' to 'TESTFAULT'
[11:39:15] INFO   At Service 0x10 SubService 0x3 (atomic) 
[11:39:15] INFO     - Attribute 'FaultmemoryData' changed from 'N/A' to 'TESTFAULT'
[11:39:15] INFO   At Service 0x22 SubService 0x1000 (atomic) 
[11:39:15] INFO     - Attribute 'FaultmemoryData' changed from 'N/A' to 'TESTFAULT'
[11:39:15] INFO   At Service 0x27 SubService 0x1 (atomic) 
[11:39:15] INFO     - Attribute 'FaultmemoryData' changed from 'N/A' to 'TESTFAULT'
[11:39:15] INFO   At Service 0x27 SubService 0x2 (atomic) 
[11:39:15] INFO     - Attribute 'FaultmemoryData' changed from 'N/A' to 'TESTFAULT'
[11:39:15] NOTE     - Building Service Dids
[11:39:15] NOTE     - Building Routines
[11:39:15] NOTE     - Shape Routine Parameter Names
[11:39:15] INFO   <<<<<<<<<<<<<<<< ShapingStep DataDefinition( completed in 0s (0ms) <<<<<<<<<<<<<<<<
[11:39:15] INFO   >>>>>>>>>>>>>>>> ShapingStep DataIdentifier >>>>>>>>>>>>>>>>
[11:39:15] INFO   <<<<<<<<<<<<<<<< ShapingStep DataIdentifier( completed in 0s (0ms) <<<<<<<<<<<<<<<<
[11:39:15] INFO   >>>>>>>>>>>>>>>> ShapingStep Service >>>>>>>>>>>>>>>>
[11:39:15] INFO   At Service 0x10 
[11:39:15] INFO     - Qualifier changed from 'DefaultSession_Start' to 'DiagSessionControl'
[11:39:15] INFO     - Service action qualifier set to 'SessionControl'
[11:39:15] INFO   At Service 0x10 SubService 0x1 
[11:39:15] INFO     - SubService action qualifier set to 'StartSession'
[11:39:15] INFO   At Service 0x10 SubService 0x2 
[11:39:15] INFO     - SubService action qualifier set to 'StartSession'
[11:39:15] INFO   At Service 0x10 SubService 0x3 
[11:39:15] INFO     - SubService action qualifier set to 'StartSession'
[11:39:15] INFO   At Service 0x10 SubService 0x1 
[11:39:15] INFO     - Qualifier changed from 'DefaultSession_Start' to 'Default'
[11:39:15] INFO   At Service 0x10 SubService 0x2 
[11:39:15] INFO     - Qualifier changed from 'ProgrammingSession_Start' to 'Programming'
[11:39:15] INFO   At Service 0x10 SubService 0x3 
[11:39:15] INFO     - Qualifier changed from 'ExtendedDiagnosticSession_Start' to 'Extended'
[11:39:15] INFO   At Service 0x11 
[11:39:15] INFO     - Qualifier changed from 'ECU_Reset_HardReset_Process' to 'EcuReset'
[11:39:15] INFO   At Service 0x11 SubService 0x1 
[11:39:15] INFO     - SubService action qualifier set to 'EcuReset'
[11:39:15] INFO   At Service 0x11 SubService 0x1 
[11:39:15] INFO     - Qualifier changed from 'ECU_Reset_HardReset_Process' to 'Hard'
[11:39:15] INFO   At Service 0x14 
[11:39:15] INFO     - Qualifier changed from 'FaultMemory_Clear' to 'ClearDiagInfo'
[11:39:15] INFO   At Service 0x14 SubService 
[11:39:15] INFO     - SubService action qualifier set to 'Clear'
[11:39:15] INFO     - Qualifier changed from 'FaultMemory_Clear' to 'ClearDiagInfo'
[11:39:15] INFO   At Service 0x19 
[11:39:15] INFO     - Qualifier changed from 'FaultMemory_ReadAllIdentified' to 'ReadDtcInfo'
[11:39:15] INFO   At Service 0x19 SubService 0x2 
[11:39:15] INFO     - SubService action qualifier set to 'ReadDtc'
[11:39:15] INFO   At Service 0x19 SubService 0x1 
[11:39:15] INFO     - SubService action qualifier set to 'ReadDtc'
[11:39:15] INFO   At Service 0x19 SubService 0x6 
[11:39:15] INFO     - SubService action qualifier set to 'ReadDtc'
[11:39:15] INFO   At Service 0x19 SubService 0x1 
[11:39:15] INFO     - Qualifier changed from 'FaultMemory_ReadNumber' to 'RNODTCBSM'
[11:39:15] INFO   At Service 0x19 SubService 0x2 
[11:39:15] INFO     - Qualifier changed from 'FaultMemory_ReadAllIdentified' to 'RDTCBSM'
[11:39:15] INFO   At Service 0x19 SubService 0x6 
[11:39:15] INFO     - Qualifier changed from 'FaultMemory_Read_extended' to 'RDTCEDRBDN'
[11:39:15] INFO   At Service 0x22 
[11:39:15] INFO     - Qualifier changed from 'Diag_RWDI_LightOnOffCounter_Read' to 'ReadDataById'
[11:39:15] INFO     - Service action qualifier set to 'Read'
[11:39:15] INFO   At Service 0x22 SubService 0x1000 
[11:39:15] INFO     - SubService action qualifier set to 'ReadDid'
[11:39:15] INFO   At Service 0x27 
[11:39:15] INFO     - Qualifier changed from 'Seed_Level1_Request' to 'SecurityAccess'
[11:39:15] INFO     - Service action qualifier set to 'SecurityAccess'
[11:39:15] INFO   At Service 0x27 SubService 0x2 
[11:39:15] INFO     - SubService action qualifier set to 'SendKey'
[11:39:15] INFO   At Service 0x27 SubService 0x1 
[11:39:15] INFO     - SubService action qualifier set to 'GetSeed'
[11:39:15] INFO   At Service 0x2e 
[11:39:15] INFO     - Qualifier changed from 'Diag_RWDI_LightOnOffCounter_Write' to 'WriteDataById'
[11:39:15] INFO     - Service action qualifier set to 'Write'
[11:39:15] INFO   At Service 0x2e SubService 0x1000 
[11:39:15] INFO     - SubService action qualifier set to 'WriteDid'
[11:39:15] INFO   At Service 0x3e 
[11:39:15] INFO     - Qualifier changed from 'TesterPresent_Send' to 'TesterPresent'
[11:39:15] INFO   At Service 0x3e SubService 0x0 
[11:39:15] INFO     - SubService action qualifier set to 'Send'
[11:39:15] INFO     - Qualifier changed from 'TesterPresent_Send' to 'TesterPresent'
[11:39:15] INFO   At Service 0x85 
[11:39:15] INFO     - Qualifier changed from 'ControlDTCSetting_On' to 'ControlDtcSetting'
[11:39:15] INFO   At Service 0x85 SubService 0x1 
[11:39:15] INFO     - SubService action qualifier set to 'ControlDtcSetting'
[11:39:15] INFO   At Service 0x85 SubService 0x2 
[11:39:15] INFO     - SubService action qualifier set to 'ControlDtcSetting'
[11:39:15] INFO   At Service 0x85 SubService 0x1 
[11:39:15] INFO     - Qualifier changed from 'ControlDTCSetting_On' to 'Enable'
[11:39:15] INFO   At Service 0x85 SubService 0x2 
[11:39:15] INFO     - Qualifier changed from 'ControlDTCSetting_Off' to 'Disable'
[11:39:15] INFO   <<<<<<<<<<<<<<<< ShapingStep Service( completed in 0.031s (31ms) <<<<<<<<<<<<<<<<
[11:39:15] INFO   >>>>>>>>>>>>>>>> ShapingStep StateMachine >>>>>>>>>>>>>>>>
[11:39:15] INFO   At Ecu 
[11:39:15] INFO     - Session 'Default' does not have any P2 timings! Created default P2: 50ms
[11:39:15] INFO     - Session 'Default' does not have any P2Ex timings! Created default P2Ex: 5000ms
[11:39:15] INFO     - Session 'Programming' does not have any P2 timings! Created default P2: 50ms
[11:39:15] INFO     - Session 'Programming' does not have any P2Ex timings! Created default P2Ex: 5000ms
[11:39:15] INFO     - Session 'Extended' does not have any P2 timings! Created default P2: 50ms
[11:39:15] INFO     - Session 'Extended' does not have any P2Ex timings! Created default P2Ex: 5000ms
[11:39:15] NOTE     - Building Diagnostic Sessions
[11:39:15] NOTE     -  + Session 'Default' created
[11:39:15] NOTE     -  + Session 'Programming' created
[11:39:15] NOTE     -  + Session 'Extended' created
[11:39:15] NOTE     - Building Diagnostic Securities
[11:39:15] NOTE     -  + Security 'Level_01' created
[11:39:15] NOTE     - Building Access Conditions
[11:39:15] NOTE     -  + Access Cond '|' created
[11:39:15] NOTE     -  + Access Cond '02;03|' created
[11:39:15] NOTE     - Building Access Conditions - finshed
[11:39:15] INFO   <<<<<<<<<<<<<<<< ShapingStep StateMachine( completed in 0.016s (16ms) <<<<<<<<<<<<<<<<
[11:39:15] INFO   >>>>>>>>>>>>>>>> ShapingStep StateMachine2 >>>>>>>>>>>>>>>>
[11:39:15] INFO   <<<<<<<<<<<<<<<< ShapingStep StateMachine2( completed in 0s (0ms) <<<<<<<<<<<<<<<<
[11:39:15] INFO   >>>>>>>>>>>>>>>> ShapingStep Settings >>>>>>>>>>>>>>>>
[11:39:15] INFO   At Ecu 'New_ECU_1' 
[11:39:15] INFO     - Set 'periodic rate slow' to default '1000'
[11:39:15] INFO     - Set 'periodic rate medium' to default '100'
[11:39:15] INFO     - Set 'periodic rate fast' to default '20'
[11:39:15] INFO     - Set 'maximum number of dynamically defined dids' to '5'
[11:39:15] INFO   <<<<<<<<<<<<<<<< ShapingStep Settings( completed in 0s (0ms) <<<<<<<<<<<<<<<<
[11:39:15] INFO   >>>>>>>>>>>>>>>> ShapingStep FaultMemory >>>>>>>>>>>>>>>>
[11:39:15] NOTE     - Building Diagnostic Event Memories
[11:39:15] INFO   At Ecu 
[11:39:15] INFO     -  + Event-Memory 'PrimaryMemory' created
[11:39:15] INFO   At DTC 0x2 
[11:39:15] INFO     - Member Attribute 'DTC_CLASSIFICATION' set to 'NULL'
[11:39:15] INFO     - Member Attribute 'READINESS_GROUP' set to 'NULL'
[11:39:15] INFO     - Qualifier changed from 'DTC_2' to 'DTC_0x000002'
[11:39:15] INFO     - Member Attribute 'DTC_TYPE' set to default value 'Fault'
[11:39:15] INFO     - Member Attribute 'PRIORITY' set to '2'
[11:39:15] INFO     - Member Attribute 'OPERATION_CYCLE' set to 'DEM_IGNITION'
[11:39:15] INFO     - Member Attribute 'AGING_CYCLE' set to 'DEM_IGNITION'
[11:39:15] INFO     - Member Attribute 'AGING_COUNTER' set to '1'
[11:39:15] INFO     - Member Attribute 'HEALING_CYCLE' set to default value 'NULL'
[11:39:15] INFO     - Member Attribute 'HEALING_COUNTER' set to default value 'NULL'
[11:39:15] INFO     - Add to 'EventMemory' value(s) 'Primary'
[11:39:15] INFO     - Member Attribute 'AGING_ALLOWED' set to 'FALSE'
[11:39:15] INFO     - Member Attribute 'DEBOUNCE_SETTING' changed from 'NONE' to 'COUNTER_BASED'
[11:39:15] INFO   At DTC 0x2 Debounce type: 'COUNTER_BASED' 
[11:39:15] INFO     - Counter Debounce Setting 'JUMP_PASSED' set to 'FALSE'
[11:39:15] INFO     - Counter Debounce Setting 'JUMP_FAILED' set to 'FALSE'
[11:39:15] INFO     - Attribute 'THRESHOLD_STORAGE' setting to default value 'NULL'
[11:39:15] INFO     - Attribute 'THRESHOLD_PASSED' setting to default value 'NULL'
[11:39:15] INFO     - Attribute 'THRESHOLD_FAILED' setting to default value 'NULL'
[11:39:15] INFO     - Counter Debounce Setting 'STEP_SIZE_FAILED' set to '1'
[11:39:15] INFO     - Counter Debounce Setting 'STEP_SIZE_PASSED' set to '1'
[11:39:15] INFO   At DTC 0x2 DEBOUNCE_SETTING: COUNTER_BASED 
[11:39:15] INFO     - Counter Debounce Setting 'JUMP_FAILED' changed from 'FALSE' to 'TRUE'
[11:39:15] INFO   At Ecu 'New_ECU_1' 
[11:39:15] INFO     - Set property 'ssrNumeration' to 'calculated'
[11:39:15] INFO     - Set property 'ssrUpdatable' to 'true'
[11:39:15] INFO     - Set property 'ecgNaming' to 'singleElem'
[11:39:15] INFO   <<<<<<<<<<<<<<<< ShapingStep FaultMemory( completed in 0.016s (16ms) <<<<<<<<<<<<<<<<
[11:39:15] INFO   >>>>>>>>>>>>>>>> ShapingStep FaultMemory2 >>>>>>>>>>>>>>>>
[11:39:15] NOTE     - Building DidSets. WWH-OBD supported: false
[11:39:15] INFO   <<<<<<<<<<<<<<<< ShapingStep FaultMemory2( completed in 0s (0ms) <<<<<<<<<<<<<<<<
[11:39:15] INFO   >>>>>>>>>>>>>>>> ShapingStep Obd >>>>>>>>>>>>>>>>
[11:39:15] NOTE     - Deleting OBD Sub-Services for Pids
[11:39:15] INFO   <<<<<<<<<<<<<<<< ShapingStep Obd( completed in 0s (0ms) <<<<<<<<<<<<<<<<
[11:39:15] INFO   >>>>>>>>>>>>>>>> ShapingStep CleanUp >>>>>>>>>>>>>>>>
[11:39:15] INFO   <<<<<<<<<<<<<<<< ShapingStep CleanUp( completed in 0s (0ms) <<<<<<<<<<<<<<<<
[11:39:15] INFO   <<<<<<<<<<<<<<<< SHAPING finished after 0.125s (125ms) <<<<<<<<<<<<<<<<
[11:39:15] INFO   Shaping AR-Export
[11:39:15] INFO   ----> Shaping DescDataModel
[11:39:15] INFO   ----> Shape DID data
[11:39:15] INFO   <---- Finished shaping DID data
[11:39:15] INFO   ----> Shape service data
[11:39:15] INFO   <---- Finished shaping service data
[11:39:15] INFO   <---- Finished shaping DescDataModel 
[11:39:15] INFO   Exporting ECUC module configurations to file: C:\Users\Lenovo\AppData\Local\Temp\DaVinci\Cfg-6484786\DiagnosticsImportService\1779248354637-0\DiagnosticsDescriptionData7953366840245053895.xml
[11:39:15] INFO   ----> Create ECUC from imported diagnostic data.
[11:39:15] NOTE   Using EcucEx-Parameter 'DemDidQualifierMode' = 'R19' (default)
[11:39:15] NOTE   Using EcucEx-Parameter 'DcmQualifierMode' = 'R19' (default)
[11:39:15] INFO   ----> STEP 1: Create ECUC model.
[11:39:15] INFO   Creating Dcm module configuration...
[11:39:15] INFO   Creating Dem module configuration...
[11:39:15] INFO   <---- STEP 1: Finished.
[11:39:15] INFO   ----> STEP 2: Postprocess created ECUC model.
[11:39:15] INFO   ----> Decorate imported object qualifiers/shortnames
[11:39:15] INFO   <---- Finished decorating qualifiers/shortnames
[11:39:15] INFO   ----> Transform imported object qualifiers/shortnames to match AUTOSAR IDENTIFIER pattern restriction (except length limit)
[11:39:15] INFO   <---- Finished transforming shortnames
[11:39:15] INFO   ----> Ensure uniqueness of container shortnames within their scope
[11:39:15] INFO   <---- Finished ensuring uniqueness of container shortnames
[11:39:15] INFO   ----> Truncate shortnames whose length exceeds the 128 character limit for AUTOSAR shortnames
[11:39:15] INFO   <---- Finished truncating shortnames
[11:39:15] INFO   ----> Resolve reference parameters
[11:39:15] INFO   <---- Finished resolving reference parameters
[11:39:15] INFO   <---- STEP 2: Finished.
[11:39:15] INFO   ----> STEP 3: Serialize ECUC model to XML.
[11:39:15] INFO   <---- STEP 3: Finished.
[11:39:15] INFO   <---- Finished creation of ECUC from imported diagnostic data.
[11:39:15] INFO   <---- Process of diagnostic specification.
