###############################################################################
#
# IAR ELF Linker V8.40.2.214/W32 for ARM                  16/Apr/2026  12:48:06
# Copyright 2007-2019 IAR Systems AB.
#
#    Output file  =
#        D:\Vehicle-Embedded-System\VCU
#        CAN\S32K144_Start_new_IAR\Debug\Exe\ASR_S32K144_Start.out
#    Map file     =
#        D:\Vehicle-Embedded-System\VCU
#        CAN\S32K144_Start_new_IAR\Debug\List\ASR_S32K144_Start.map
#    Command line =
#        -f C:\Users\Lenovo\AppData\Local\Temp\EWFA9B.tmp
#        ("D:\Vehicle-Embedded-System\VCU
#        CAN\S32K144_Start_new_IAR\Debug\Obj\BrsAsrMain.o"
#        "D:\Vehicle-Embedded-System\VCU
#        CAN\S32K144_Start_new_IAR\Debug\Obj\BswM.o"
#        "D:\Vehicle-Embedded-System\VCU
#        CAN\S32K144_Start_new_IAR\Debug\Obj\BswM_Callout_Stubs.o"
#        "D:\Vehicle-Embedded-System\VCU
#        CAN\S32K144_Start_new_IAR\Debug\Obj\BswM_Lcfg.o"
#        "D:\Vehicle-Embedded-System\VCU
#        CAN\S32K144_Start_new_IAR\Debug\Obj\BswM_PBcfg.o"
#        "D:\Vehicle-Embedded-System\VCU
#        CAN\S32K144_Start_new_IAR\Debug\Obj\Can.o"
#        "D:\Vehicle-Embedded-System\VCU
#        CAN\S32K144_Start_new_IAR\Debug\Obj\Can_Irq.o"
#        "D:\Vehicle-Embedded-System\VCU
#        CAN\S32K144_Start_new_IAR\Debug\Obj\Can_Lcfg.o"
#        "D:\Vehicle-Embedded-System\VCU
#        CAN\S32K144_Start_new_IAR\Debug\Obj\Can_PBcfg.o"
#        "D:\Vehicle-Embedded-System\VCU
#        CAN\S32K144_Start_new_IAR\Debug\Obj\CanIf.o"
#        "D:\Vehicle-Embedded-System\VCU
#        CAN\S32K144_Start_new_IAR\Debug\Obj\CanIf_Lcfg.o"
#        "D:\Vehicle-Embedded-System\VCU
#        CAN\S32K144_Start_new_IAR\Debug\Obj\CanIf_PBcfg.o"
#        "D:\Vehicle-Embedded-System\VCU
#        CAN\S32K144_Start_new_IAR\Debug\Obj\CanSM.o"
#        "D:\Vehicle-Embedded-System\VCU
#        CAN\S32K144_Start_new_IAR\Debug\Obj\CanSM_Lcfg.o"
#        "D:\Vehicle-Embedded-System\VCU
#        CAN\S32K144_Start_new_IAR\Debug\Obj\CanTp.o"
#        "D:\Vehicle-Embedded-System\VCU
#        CAN\S32K144_Start_new_IAR\Debug\Obj\CanTp_Lcfg.o"
#        "D:\Vehicle-Embedded-System\VCU
#        CAN\S32K144_Start_new_IAR\Debug\Obj\CanTp_PBcfg.o"
#        "D:\Vehicle-Embedded-System\VCU
#        CAN\S32K144_Start_new_IAR\Debug\Obj\CddSbc.o"
#        "D:\Vehicle-Embedded-System\VCU
#        CAN\S32K144_Start_new_IAR\Debug\Obj\Com.o"
#        "D:\Vehicle-Embedded-System\VCU
#        CAN\S32K144_Start_new_IAR\Debug\Obj\Com_Lcfg.o"
#        "D:\Vehicle-Embedded-System\VCU
#        CAN\S32K144_Start_new_IAR\Debug\Obj\Com_PBcfg.o"
#        "D:\Vehicle-Embedded-System\VCU
#        CAN\S32K144_Start_new_IAR\Debug\Obj\ComM.o"
#        "D:\Vehicle-Embedded-System\VCU
#        CAN\S32K144_Start_new_IAR\Debug\Obj\ComM_Lcfg.o"
#        "D:\Vehicle-Embedded-System\VCU
#        CAN\S32K144_Start_new_IAR\Debug\Obj\ComM_PBcfg.o"
#        "D:\Vehicle-Embedded-System\VCU
#        CAN\S32K144_Start_new_IAR\Debug\Obj\CtLedTask.o"
#        "D:\Vehicle-Embedded-System\VCU
#        CAN\S32K144_Start_new_IAR\Debug\Obj\Dcm.o"
#        "D:\Vehicle-Embedded-System\VCU
#        CAN\S32K144_Start_new_IAR\Debug\Obj\Dcm_Callout_Stubs.o"
#        "D:\Vehicle-Embedded-System\VCU
#        CAN\S32K144_Start_new_IAR\Debug\Obj\Dcm_Lcfg.o"
#        "D:\Vehicle-Embedded-System\VCU
#        CAN\S32K144_Start_new_IAR\Debug\Obj\Dcm_PBcfg.o"
#        "D:\Vehicle-Embedded-System\VCU
#        CAN\S32K144_Start_new_IAR\Debug\Obj\Dem.o"
#        "D:\Vehicle-Embedded-System\VCU
#        CAN\S32K144_Start_new_IAR\Debug\Obj\Dem_Lcfg.o"
#        "D:\Vehicle-Embedded-System\VCU
#        CAN\S32K144_Start_new_IAR\Debug\Obj\Dem_PBcfg.o"
#        "D:\Vehicle-Embedded-System\VCU
#        CAN\S32K144_Start_new_IAR\Debug\Obj\Det.o"
#        "D:\Vehicle-Embedded-System\VCU
#        CAN\S32K144_Start_new_IAR\Debug\Obj\Det_Cfg.o"
#        "D:\Vehicle-Embedded-System\VCU
#        CAN\S32K144_Start_new_IAR\Debug\Obj\Dio.o"
#        "D:\Vehicle-Embedded-System\VCU
#        CAN\S32K144_Start_new_IAR\Debug\Obj\Dio_Cfg.o"
#        "D:\Vehicle-Embedded-System\VCU
#        CAN\S32K144_Start_new_IAR\Debug\Obj\Dio_Gpio.o"
#        "D:\Vehicle-Embedded-System\VCU
#        CAN\S32K144_Start_new_IAR\Debug\Obj\EcuM.o"
#        "D:\Vehicle-Embedded-System\VCU
#        CAN\S32K144_Start_new_IAR\Debug\Obj\EcuM_Callout_Stubs.o"
#        "D:\Vehicle-Embedded-System\VCU
#        CAN\S32K144_Start_new_IAR\Debug\Obj\EcuM_Cfg.o"
#        "D:\Vehicle-Embedded-System\VCU
#        CAN\S32K144_Start_new_IAR\Debug\Obj\EcuM_Init_Cfg.o"
#        "D:\Vehicle-Embedded-System\VCU
#        CAN\S32K144_Start_new_IAR\Debug\Obj\EcuM_Init_PBcfg.o"
#        "D:\Vehicle-Embedded-System\VCU
#        CAN\S32K144_Start_new_IAR\Debug\Obj\EcuM_PBcfg.o"
#        "D:\Vehicle-Embedded-System\VCU
#        CAN\S32K144_Start_new_IAR\Debug\Obj\Mcu.o"
#        "D:\Vehicle-Embedded-System\VCU
#        CAN\S32K144_Start_new_IAR\Debug\Obj\Mcu_Cfg.o"
#        "D:\Vehicle-Embedded-System\VCU
#        CAN\S32K144_Start_new_IAR\Debug\Obj\Mcu_CMU.o"
#        "D:\Vehicle-Embedded-System\VCU
#        CAN\S32K144_Start_new_IAR\Debug\Obj\Mcu_CMU_Irq.o"
#        "D:\Vehicle-Embedded-System\VCU
#        CAN\S32K144_Start_new_IAR\Debug\Obj\Mcu_CortexM4.o"
#        "D:\Vehicle-Embedded-System\VCU
#        CAN\S32K144_Start_new_IAR\Debug\Obj\Mcu_IPW.o"
#        "D:\Vehicle-Embedded-System\VCU
#        CAN\S32K144_Start_new_IAR\Debug\Obj\Mcu_IPW_Irq.o"
#        "D:\Vehicle-Embedded-System\VCU
#        CAN\S32K144_Start_new_IAR\Debug\Obj\Mcu_PBcfg.o"
#        "D:\Vehicle-Embedded-System\VCU
#        CAN\S32K144_Start_new_IAR\Debug\Obj\Mcu_PCC.o"
#        "D:\Vehicle-Embedded-System\VCU
#        CAN\S32K144_Start_new_IAR\Debug\Obj\Mcu_PMC.o"
#        "D:\Vehicle-Embedded-System\VCU
#        CAN\S32K144_Start_new_IAR\Debug\Obj\Mcu_PMC_Irq.o"
#        "D:\Vehicle-Embedded-System\VCU
#        CAN\S32K144_Start_new_IAR\Debug\Obj\Mcu_RCM.o"
#        "D:\Vehicle-Embedded-System\VCU
#        CAN\S32K144_Start_new_IAR\Debug\Obj\Mcu_SCG.o"
#        "D:\Vehicle-Embedded-System\VCU
#        CAN\S32K144_Start_new_IAR\Debug\Obj\Mcu_SIM.o"
#        "D:\Vehicle-Embedded-System\VCU
#        CAN\S32K144_Start_new_IAR\Debug\Obj\Mcu_SMC.o"
#        "D:\Vehicle-Embedded-System\VCU
#        CAN\S32K144_Start_new_IAR\Debug\Obj\Nm.o"
#        "D:\Vehicle-Embedded-System\VCU
#        CAN\S32K144_Start_new_IAR\Debug\Obj\Os_AccessCheck.o"
#        "D:\Vehicle-Embedded-System\VCU
#        CAN\S32K144_Start_new_IAR\Debug\Obj\Os_AccessCheck_Lcfg.o"
#        "D:\Vehicle-Embedded-System\VCU
#        CAN\S32K144_Start_new_IAR\Debug\Obj\Os_Alarm.o"
#        "D:\Vehicle-Embedded-System\VCU
#        CAN\S32K144_Start_new_IAR\Debug\Obj\Os_Alarm_Lcfg.o"
#        "D:\Vehicle-Embedded-System\VCU
#        CAN\S32K144_Start_new_IAR\Debug\Obj\Os_Application.o"
#        "D:\Vehicle-Embedded-System\VCU
#        CAN\S32K144_Start_new_IAR\Debug\Obj\Os_Application_Lcfg.o"
#        "D:\Vehicle-Embedded-System\VCU
#        CAN\S32K144_Start_new_IAR\Debug\Obj\Os_Barrier.o"
#        "D:\Vehicle-Embedded-System\VCU
#        CAN\S32K144_Start_new_IAR\Debug\Obj\Os_Barrier_Lcfg.o"
#        "D:\Vehicle-Embedded-System\VCU
#        CAN\S32K144_Start_new_IAR\Debug\Obj\Os_Bit.o"
#        "D:\Vehicle-Embedded-System\VCU
#        CAN\S32K144_Start_new_IAR\Debug\Obj\Os_BitArray.o"
#        "D:\Vehicle-Embedded-System\VCU
#        CAN\S32K144_Start_new_IAR\Debug\Obj\Os_Callout_Stubs.o"
#        "D:\Vehicle-Embedded-System\VCU
#        CAN\S32K144_Start_new_IAR\Debug\Obj\Os_Core.o"
#        "D:\Vehicle-Embedded-System\VCU
#        CAN\S32K144_Start_new_IAR\Debug\Obj\Os_Core_Lcfg.o"
#        "D:\Vehicle-Embedded-System\VCU
#        CAN\S32K144_Start_new_IAR\Debug\Obj\Os_Counter.o"
#        "D:\Vehicle-Embedded-System\VCU
#        CAN\S32K144_Start_new_IAR\Debug\Obj\Os_Counter_Lcfg.o"
#        "D:\Vehicle-Embedded-System\VCU
#        CAN\S32K144_Start_new_IAR\Debug\Obj\Os_Deque.o"
#        "D:\Vehicle-Embedded-System\VCU
#        CAN\S32K144_Start_new_IAR\Debug\Obj\Os_Error.o"
#        "D:\Vehicle-Embedded-System\VCU
#        CAN\S32K144_Start_new_IAR\Debug\Obj\Os_Error_Lcfg.o"
#        "D:\Vehicle-Embedded-System\VCU
#        CAN\S32K144_Start_new_IAR\Debug\Obj\Os_Event.o"
#        "D:\Vehicle-Embedded-System\VCU
#        CAN\S32K144_Start_new_IAR\Debug\Obj\Os_Fifo.o"
#        "D:\Vehicle-Embedded-System\VCU
#        CAN\S32K144_Start_new_IAR\Debug\Obj\Os_Fifo08.o"
#        "D:\Vehicle-Embedded-System\VCU
#        CAN\S32K144_Start_new_IAR\Debug\Obj\Os_Fifo16.o"
#        "D:\Vehicle-Embedded-System\VCU
#        CAN\S32K144_Start_new_IAR\Debug\Obj\Os_Fifo32.o"
#        "D:\Vehicle-Embedded-System\VCU
#        CAN\S32K144_Start_new_IAR\Debug\Obj\Os_FifoRef.o"
#        "D:\Vehicle-Embedded-System\VCU
#        CAN\S32K144_Start_new_IAR\Debug\Obj\Os_Hal_Compiler_Arm.o"
#        "D:\Vehicle-Embedded-System\VCU
#        CAN\S32K144_Start_new_IAR\Debug\Obj\Os_Hal_Compiler_Iar.o"
#        "D:\Vehicle-Embedded-System\VCU
#        CAN\S32K144_Start_new_IAR\Debug\Obj\Os_Hal_Context_Lcfg.o"
#        "D:\Vehicle-Embedded-System\VCU
#        CAN\S32K144_Start_new_IAR\Debug\Obj\Os_Hal_Context_v7m.o"
#        "D:\Vehicle-Embedded-System\VCU
#        CAN\S32K144_Start_new_IAR\Debug\Obj\Os_Hal_ContextAsm.o"
#        "D:\Vehicle-Embedded-System\VCU
#        CAN\S32K144_Start_new_IAR\Debug\Obj\Os_Hal_Core.o"
#        "D:\Vehicle-Embedded-System\VCU
#        CAN\S32K144_Start_new_IAR\Debug\Obj\Os_Hal_Core_Lcfg.o"
#        "D:\Vehicle-Embedded-System\VCU
#        CAN\S32K144_Start_new_IAR\Debug\Obj\Os_Hal_Entry.o"
#        "D:\Vehicle-Embedded-System\VCU
#        CAN\S32K144_Start_new_IAR\Debug\Obj\Os_Hal_Entry_Lcfg.o"
#        "D:\Vehicle-Embedded-System\VCU
#        CAN\S32K144_Start_new_IAR\Debug\Obj\Os_Hal_EntryAsm_Lcfg.o"
#        "D:\Vehicle-Embedded-System\VCU
#        CAN\S32K144_Start_new_IAR\Debug\Obj\Os_Hal_Interrupt_Lcfg.o"
#        "D:\Vehicle-Embedded-System\VCU
#        CAN\S32K144_Start_new_IAR\Debug\Obj\Os_Hal_Kernel_Lcfg.o"
#        "D:\Vehicle-Embedded-System\VCU
#        CAN\S32K144_Start_new_IAR\Debug\Obj\Os_Hal_MemoryProtection_Lcfg.o"
#        "D:\Vehicle-Embedded-System\VCU
#        CAN\S32K144_Start_new_IAR\Debug\Obj\Os_Hal_Timer_Lcfg.o"
#        "D:\Vehicle-Embedded-System\VCU
#        CAN\S32K144_Start_new_IAR\Debug\Obj\Os_Hook.o"
#        "D:\Vehicle-Embedded-System\VCU
#        CAN\S32K144_Start_new_IAR\Debug\Obj\Os_Hook_Lcfg.o"
#        "D:\Vehicle-Embedded-System\VCU
#        CAN\S32K144_Start_new_IAR\Debug\Obj\Os_Interrupt.o"
#        "D:\Vehicle-Embedded-System\VCU
#        CAN\S32K144_Start_new_IAR\Debug\Obj\Os_Ioc.o"
#        "D:\Vehicle-Embedded-System\VCU
#        CAN\S32K144_Start_new_IAR\Debug\Obj\Os_Ioc_Lcfg.o"
#        "D:\Vehicle-Embedded-System\VCU
#        CAN\S32K144_Start_new_IAR\Debug\Obj\Os_Isr.o"
#        "D:\Vehicle-Embedded-System\VCU
#        CAN\S32K144_Start_new_IAR\Debug\Obj\Os_Isr_Lcfg.o"
#        "D:\Vehicle-Embedded-System\VCU
#        CAN\S32K144_Start_new_IAR\Debug\Obj\Os_Job.o"
#        "D:\Vehicle-Embedded-System\VCU
#        CAN\S32K144_Start_new_IAR\Debug\Obj\Os_Lock.o"
#        "D:\Vehicle-Embedded-System\VCU
#        CAN\S32K144_Start_new_IAR\Debug\Obj\Os_MemoryProtection.o"
#        "D:\Vehicle-Embedded-System\VCU
#        CAN\S32K144_Start_new_IAR\Debug\Obj\Os_MemoryProtection_Lcfg.o"
#        "D:\Vehicle-Embedded-System\VCU
#        CAN\S32K144_Start_new_IAR\Debug\Obj\Os_Peripheral.o"
#        "D:\Vehicle-Embedded-System\VCU
#        CAN\S32K144_Start_new_IAR\Debug\Obj\Os_Peripheral_Lcfg.o"
#        "D:\Vehicle-Embedded-System\VCU
#        CAN\S32K144_Start_new_IAR\Debug\Obj\Os_PriorityQueue.o"
#        "D:\Vehicle-Embedded-System\VCU
#        CAN\S32K144_Start_new_IAR\Debug\Obj\Os_Resource.o"
#        "D:\Vehicle-Embedded-System\VCU
#        CAN\S32K144_Start_new_IAR\Debug\Obj\Os_Resource_Lcfg.o"
#        "D:\Vehicle-Embedded-System\VCU
#        CAN\S32K144_Start_new_IAR\Debug\Obj\Os_Scheduler.o"
#        "D:\Vehicle-Embedded-System\VCU
#        CAN\S32K144_Start_new_IAR\Debug\Obj\Os_Scheduler_Lcfg.o"
#        "D:\Vehicle-Embedded-System\VCU
#        CAN\S32K144_Start_new_IAR\Debug\Obj\Os_ScheduleTable.o"
#        "D:\Vehicle-Embedded-System\VCU
#        CAN\S32K144_Start_new_IAR\Debug\Obj\Os_ScheduleTable_Lcfg.o"
#        "D:\Vehicle-Embedded-System\VCU
#        CAN\S32K144_Start_new_IAR\Debug\Obj\Os_ServiceFunction.o"
#        "D:\Vehicle-Embedded-System\VCU
#        CAN\S32K144_Start_new_IAR\Debug\Obj\Os_ServiceFunction_Lcfg.o"
#        "D:\Vehicle-Embedded-System\VCU
#        CAN\S32K144_Start_new_IAR\Debug\Obj\Os_Spinlock.o"
#        "D:\Vehicle-Embedded-System\VCU
#        CAN\S32K144_Start_new_IAR\Debug\Obj\Os_Spinlock_Lcfg.o"
#        "D:\Vehicle-Embedded-System\VCU
#        CAN\S32K144_Start_new_IAR\Debug\Obj\Os_Stack.o"
#        "D:\Vehicle-Embedded-System\VCU
#        CAN\S32K144_Start_new_IAR\Debug\Obj\Os_Stack_Lcfg.o"
#        "D:\Vehicle-Embedded-System\VCU
#        CAN\S32K144_Start_new_IAR\Debug\Obj\Os_Task.o"
#        "D:\Vehicle-Embedded-System\VCU
#        CAN\S32K144_Start_new_IAR\Debug\Obj\Os_Task_Lcfg.o"
#        "D:\Vehicle-Embedded-System\VCU
#        CAN\S32K144_Start_new_IAR\Debug\Obj\Os_Thread.o"
#        "D:\Vehicle-Embedded-System\VCU
#        CAN\S32K144_Start_new_IAR\Debug\Obj\Os_Timer.o"
#        "D:\Vehicle-Embedded-System\VCU
#        CAN\S32K144_Start_new_IAR\Debug\Obj\Os_TimingProtection.o"
#        "D:\Vehicle-Embedded-System\VCU
#        CAN\S32K144_Start_new_IAR\Debug\Obj\Os_TimingProtection_Lcfg.o"
#        "D:\Vehicle-Embedded-System\VCU
#        CAN\S32K144_Start_new_IAR\Debug\Obj\Os_Trace.o"
#        "D:\Vehicle-Embedded-System\VCU
#        CAN\S32K144_Start_new_IAR\Debug\Obj\Os_Trace_Lcfg.o"
#        "D:\Vehicle-Embedded-System\VCU
#        CAN\S32K144_Start_new_IAR\Debug\Obj\Os_Trap.o"
#        "D:\Vehicle-Embedded-System\VCU
#        CAN\S32K144_Start_new_IAR\Debug\Obj\Os_XSignal.o"
#        "D:\Vehicle-Embedded-System\VCU
#        CAN\S32K144_Start_new_IAR\Debug\Obj\Os_XSignal_Lcfg.o"
#        "D:\Vehicle-Embedded-System\VCU
#        CAN\S32K144_Start_new_IAR\Debug\Obj\OsAppTask.o"
#        "D:\Vehicle-Embedded-System\VCU
#        CAN\S32K144_Start_new_IAR\Debug\Obj\PduR.o"
#        "D:\Vehicle-Embedded-System\VCU
#        CAN\S32K144_Start_new_IAR\Debug\Obj\PduR_Bm.o"
#        "D:\Vehicle-Embedded-System\VCU
#        CAN\S32K144_Start_new_IAR\Debug\Obj\PduR_Fm.o"
#        "D:\Vehicle-Embedded-System\VCU
#        CAN\S32K144_Start_new_IAR\Debug\Obj\PduR_Lcfg.o"
#        "D:\Vehicle-Embedded-System\VCU
#        CAN\S32K144_Start_new_IAR\Debug\Obj\PduR_Lock.o"
#        "D:\Vehicle-Embedded-System\VCU
#        CAN\S32K144_Start_new_IAR\Debug\Obj\PduR_McQ.o"
#        "D:\Vehicle-Embedded-System\VCU
#        CAN\S32K144_Start_new_IAR\Debug\Obj\PduR_PBcfg.o"
#        "D:\Vehicle-Embedded-System\VCU
#        CAN\S32K144_Start_new_IAR\Debug\Obj\PduR_RmIf.o"
#        "D:\Vehicle-Embedded-System\VCU
#        CAN\S32K144_Start_new_IAR\Debug\Obj\PduR_RmTp.o"
#        "D:\Vehicle-Embedded-System\VCU
#        CAN\S32K144_Start_new_IAR\Debug\Obj\PduR_RmTp_TxInst.o"
#        "D:\Vehicle-Embedded-System\VCU
#        CAN\S32K144_Start_new_IAR\Debug\Obj\PduR_Sm.o"
#        "D:\Vehicle-Embedded-System\VCU
#        CAN\S32K144_Start_new_IAR\Debug\Obj\Port.o"
#        "D:\Vehicle-Embedded-System\VCU
#        CAN\S32K144_Start_new_IAR\Debug\Obj\Port_Cfg.o"
#        "D:\Vehicle-Embedded-System\VCU
#        CAN\S32K144_Start_new_IAR\Debug\Obj\Port_Ipw.o"
#        "D:\Vehicle-Embedded-System\VCU
#        CAN\S32K144_Start_new_IAR\Debug\Obj\Port_PBcfg.o"
#        "D:\Vehicle-Embedded-System\VCU
#        CAN\S32K144_Start_new_IAR\Debug\Obj\Port_Port_Ci.o"
#        "D:\Vehicle-Embedded-System\VCU
#        CAN\S32K144_Start_new_IAR\Debug\Obj\Rte.o"
#        "D:\Vehicle-Embedded-System\VCU
#        CAN\S32K144_Start_new_IAR\Debug\Obj\Spi.o"
#        "D:\Vehicle-Embedded-System\VCU
#        CAN\S32K144_Start_new_IAR\Debug\Obj\Spi_Cfg.o"
#        "D:\Vehicle-Embedded-System\VCU
#        CAN\S32K144_Start_new_IAR\Debug\Obj\Spi_LPspi.o"
#        "D:\Vehicle-Embedded-System\VCU
#        CAN\S32K144_Start_new_IAR\Debug\Obj\Spi_LPspi_Irq.o"
#        "D:\Vehicle-Embedded-System\VCU
#        CAN\S32K144_Start_new_IAR\Debug\Obj\Spi_PBcfg.o"
#        "D:\Vehicle-Embedded-System\VCU
#        CAN\S32K144_Start_new_IAR\Debug\Obj\startup.o"
#        "D:\Vehicle-Embedded-System\VCU
#        CAN\S32K144_Start_new_IAR\Debug\Obj\startup_S32K148.o"
#        "D:\Vehicle-Embedded-System\VCU
#        CAN\S32K144_Start_new_IAR\Debug\Obj\system_S32K148.o"
#        "D:\Vehicle-Embedded-System\VCU
#        CAN\S32K144_Start_new_IAR\Debug\Obj\vstdlib.o" --no_out_extension -o
#        "D:\Vehicle-Embedded-System\VCU
#        CAN\S32K144_Start_new_IAR\Debug\Exe\ASR_S32K144_Start.out" --map
#        "D:\Vehicle-Embedded-System\VCU
#        CAN\S32K144_Start_new_IAR\Debug\List\ASR_S32K144_Start.map" --config
#        "D:\Vehicle-Embedded-System\VCU
#        CAN\S32K144_Start_new_IAR\Appl\S32K148Asr.icf" --semihosting --entry
#        __iar_program_start --vfe --utf8_text_in --text_out utf8)
#
###############################################################################

*******************************************************************************
*** RUNTIME MODEL ATTRIBUTES
***

CppFlavor       = *
__SystemLibrary = DLib
__dlib_version  = 6


*******************************************************************************
*** HEAP SELECTION
***

The basic heap was selected because no calls to memory allocation
functions were found in the application outside of system library
functions, and there are calls to deallocation functions in the
application.


*******************************************************************************
*** PLACEMENT SUMMARY
***

"P1":  place in [from 0x400 to 0x40f] { section FlashConfig };
define block OS_EXCVEC_CORE0_CODE_BLOCK
   with alignment = 8 { section .OS_EXCVEC_CORE0_CODE };
define block OS_EXCVEC_CORE0_CODE
   with fixed order {
      section OS_EXCVEC_CORE0_CODE_START_SEC, block OS_EXCVEC_CORE0_CODE_BLOCK,
      section OS_EXCVEC_CORE0_CODE_LIMIT_SEC };
"PROGRAM_FLASH__OS_EXCVEC_CORE0_CODE":
       place in [from 0x500 to 0x8'0000] { block OS_EXCVEC_CORE0_CODE };
define block OS_EXCVEC_CORE0_CONST_BLOCK
   with alignment = 8 { section .OS_EXCVEC_CORE0_CONST };
define block OS_EXCVEC_CORE0_CONST_FAST_BLOCK
   with alignment = 8 { section .OS_EXCVEC_CORE0_CONST_FAST };
define block OS_EXCVEC_CORE0_CONST
   with fixed order {
      section OS_EXCVEC_CORE0_CONST_START_SEC,
      block OS_EXCVEC_CORE0_CONST_BLOCK,
      block OS_EXCVEC_CORE0_CONST_FAST_BLOCK,
      section OS_EXCVEC_CORE0_CONST_LIMIT_SEC };
"VECTORS__OS_EXCVEC_CORE0_CONST":
       place in [from 0x0 to 0x3ff] { block OS_EXCVEC_CORE0_CONST };
define block OS_INTVEC_CODE_BLOCK
   with alignment = 128 { section .OS_INTVEC_CODE };
define block OS_INTVEC_CODE
   with fixed order, alignment = 128 {
      section OS_INTVEC_CODE_START_SEC, block OS_INTVEC_CODE_BLOCK,
      section OS_INTVEC_CODE_LIMIT_SEC };
"PROGRAM_FLASH__OS_INTVEC_CODE":
       place in [from 0x500 to 0x8'0000] { block OS_INTVEC_CODE };
define block OS_INTVEC_CORE0_CODE_BLOCK
   with alignment = 128 { section .OS_INTVEC_CORE0_CODE };
define block OS_INTVEC_CORE0_CODE
   with fixed order, alignment = 128 {
      section OS_INTVEC_CORE0_CODE_START_SEC, block OS_INTVEC_CORE0_CODE_BLOCK,
      section OS_INTVEC_CORE0_CODE_LIMIT_SEC };
"PROGRAM_FLASH__OS_INTVEC_CORE0_CODE":
       place in [from 0x500 to 0x8'0000] { block OS_INTVEC_CORE0_CODE };
define block OS_INTVEC_CORE0_CONST_BLOCK
   with alignment = 128 { section .OS_INTVEC_CORE0_CONST };
define block OS_INTVEC_CORE0_CONST_FAST_BLOCK
   with alignment = 128 { section .OS_INTVEC_CORE0_CONST_FAST };
define block OS_INTVEC_CORE0_CONST
   with fixed order, alignment = 128 {
      section OS_INTVEC_CORE0_CONST_START_SEC,
      block OS_INTVEC_CORE0_CONST_BLOCK,
      block OS_INTVEC_CORE0_CONST_FAST_BLOCK,
      section OS_INTVEC_CORE0_CONST_LIMIT_SEC };
"VECTORS__OS_INTVEC_CORE0_CONST":
       place in [from 0x0 to 0x3ff] { block OS_INTVEC_CORE0_CONST };
define block OS_STACK_DEFAULT_APPL_TASK_VAR_NOINIT_BLOCK
   with alignment = 32 { section .OS_STACK_DEFAULT_APPL_TASK_VAR_NOINIT };
define block OS_STACK_DEFAULT_BSW_ASYNC_TASK_VAR_NOINIT_BLOCK
   with alignment = 32 { section .OS_STACK_DEFAULT_BSW_ASYNC_TASK_VAR_NOINIT };
define block OS_STACK_OSCORE0_ERROR_VAR_NOINIT_BLOCK
   with alignment = 32 { section .OS_STACK_OSCORE0_ERROR_VAR_NOINIT };
define block OS_STACK_OSCORE0_INIT_VAR_NOINIT_BLOCK
   with alignment = 32 { section .OS_STACK_OSCORE0_INIT_VAR_NOINIT };
define block OS_STACK_OSCORE0_ISR_CORE_VAR_NOINIT_BLOCK
   with alignment = 32 { section .OS_STACK_OSCORE0_ISR_CORE_VAR_NOINIT };
define block OS_STACK_OSCORE0_KERNEL_VAR_NOINIT_BLOCK
   with alignment = 32 { section .OS_STACK_OSCORE0_KERNEL_VAR_NOINIT };
define block OS_STACK_OSCORE0_PROTECTION_VAR_NOINIT_BLOCK
   with alignment = 32 { section .OS_STACK_OSCORE0_PROTECTION_VAR_NOINIT };
define block OS_STACK_OSCORE0_TASK_PRIO10_VAR_NOINIT_BLOCK
   with alignment = 32 { section .OS_STACK_OSCORE0_TASK_PRIO10_VAR_NOINIT };
define block OS_STACK_OSCORE0_TASK_PRIO30_VAR_NOINIT_BLOCK
   with alignment = 32 { section .OS_STACK_OSCORE0_TASK_PRIO30_VAR_NOINIT };
define block OS_STACK_OSCORE0_TASK_PRIO40_VAR_NOINIT_BLOCK
   with alignment = 32 { section .OS_STACK_OSCORE0_TASK_PRIO40_VAR_NOINIT };
define block OS_STACK_OSCORE0_TASK_PRIO4294967295_VAR_NOINIT_BLOCK
   with alignment = 32 {
      section .OS_STACK_OSCORE0_TASK_PRIO4294967295_VAR_NOINIT };
define block OS_STACK_OSCORE0_TASK_PRIO45_VAR_NOINIT_BLOCK
   with alignment = 32 { section .OS_STACK_OSCORE0_TASK_PRIO45_VAR_NOINIT };
define block OS_STACK_OSCORE0_TASK_PRIO5_VAR_NOINIT_BLOCK
   with alignment = 32 { section .OS_STACK_OSCORE0_TASK_PRIO5_VAR_NOINIT };
define block OS_STACK_OSCORE0_TASK_PRIO50_VAR_NOINIT_BLOCK
   with alignment = 32 { section .OS_STACK_OSCORE0_TASK_PRIO50_VAR_NOINIT };
define block OS_STACK_OSCORE0_TASK_PRIO100_VAR_NOINIT_BLOCK
   with alignment = 32 { section .OS_STACK_OSCORE0_TASK_PRIO100_VAR_NOINIT };
define block OS_STACK_OSTASK_APP_VAR_NOINIT_BLOCK
   with alignment = 8 { section .OS_STACK_OSTASK_APP_VAR_NOINIT };
define block OS_STACK_OSTASK_BSW_SCHM_VAR_NOINIT_BLOCK
   with alignment = 8 { section .OS_STACK_OSTASK_BSW_SCHM_VAR_NOINIT };
define block OS_STACKS_CORE0_NOINIT
   with fixed order, alignment = 4 {
      section OS_STACKS_CORE0_NOINIT_START_SEC,
      block OS_STACK_DEFAULT_APPL_TASK_VAR_NOINIT_BLOCK,
      block OS_STACK_DEFAULT_BSW_ASYNC_TASK_VAR_NOINIT_BLOCK,
      block OS_STACK_OSCORE0_ERROR_VAR_NOINIT_BLOCK,
      block OS_STACK_OSCORE0_INIT_VAR_NOINIT_BLOCK,
      block OS_STACK_OSCORE0_ISR_CORE_VAR_NOINIT_BLOCK,
      block OS_STACK_OSCORE0_KERNEL_VAR_NOINIT_BLOCK,
      block OS_STACK_OSCORE0_PROTECTION_VAR_NOINIT_BLOCK,
      block OS_STACK_OSCORE0_TASK_PRIO10_VAR_NOINIT_BLOCK,
      block OS_STACK_OSCORE0_TASK_PRIO30_VAR_NOINIT_BLOCK,
      block OS_STACK_OSCORE0_TASK_PRIO40_VAR_NOINIT_BLOCK,
      block OS_STACK_OSCORE0_TASK_PRIO4294967295_VAR_NOINIT_BLOCK,
      block OS_STACK_OSCORE0_TASK_PRIO45_VAR_NOINIT_BLOCK,
      block OS_STACK_OSCORE0_TASK_PRIO5_VAR_NOINIT_BLOCK,
      block OS_STACK_OSCORE0_TASK_PRIO50_VAR_NOINIT_BLOCK,
      block OS_STACK_OSCORE0_TASK_PRIO100_VAR_NOINIT_BLOCK,
      block OS_STACK_OSTASK_APP_VAR_NOINIT_BLOCK,
      block OS_STACK_OSTASK_BSW_SCHM_VAR_NOINIT_BLOCK,
      section OS_STACKS_CORE0_NOINIT_LIMIT_SEC };
"INTERNAL_RAM__OS_STACKS_CORE0_NOINIT":
       place in [from 0x1fff'8000 to 0x2000'0000] {
          block OS_STACKS_CORE0_NOINIT };
define block OS_SystemApplication_OsCore0_VAR_FAST_NOCACHE_NOINIT_BLOCK
   with alignment = 8 {
      section .OS_SystemApplication_OsCore0_VAR_FAST_NOCACHE_NOINIT };
define block OS_SystemApplication_OsCore0_VAR_FAST_NOINIT_BLOCK
   with alignment = 8 { section .OS_SystemApplication_OsCore0_VAR_FAST_NOINIT };
define block OS_SystemApplication_OsCore0_VAR_NOCACHE_NOINIT_BLOCK
   with alignment = 8 {
      section .OS_SystemApplication_OsCore0_VAR_NOCACHE_NOINIT };
define block OS_SystemApplication_OsCore0_VAR_NOINIT_BLOCK
   with alignment = 8 { section .OS_SystemApplication_OsCore0_VAR_NOINIT };
define block OS_SystemApplication_OsCore0_NOINIT
   with fixed order, alignment = 4 {
      section OS_SystemApplication_OsCore0_NOINIT_START_SEC,
      block OS_SystemApplication_OsCore0_VAR_FAST_NOCACHE_NOINIT_BLOCK,
      block OS_SystemApplication_OsCore0_VAR_FAST_NOINIT_BLOCK,
      block OS_SystemApplication_OsCore0_VAR_NOCACHE_NOINIT_BLOCK,
      block OS_SystemApplication_OsCore0_VAR_NOINIT_BLOCK,
      section OS_SystemApplication_OsCore0_NOINIT_LIMIT_SEC };
"INTERNAL_RAM__OS_SystemApplication_OsCore0_NOINIT":
       place in [from 0x1fff'8000 to 0x2000'0000] {
          block OS_SystemApplication_OsCore0_NOINIT };
define block Startup_Code_Core0 with alignment = 8 { section .brsStartup };
define block Startup_Code
   with fixed order, alignment = 4 {
      section Startup_Code_START_SEC, block Startup_Code_Core0,
      section Startup_Code_LIMIT_SEC };
"PROGRAM_FLASH__Startup_Code":
       place in [from 0x500 to 0x8'0000] { block Startup_Code };
define block CSTACK with size = 2K, alignment = 8 { };
define block Startup_Stack
   with fixed order, alignment = 4 {
      section Startup_Stack_START_SEC, block CSTACK,
      section Startup_Stack_LIMIT_SEC };
"INTERNAL_RAM__Startup_Stack":
       place in [from 0x1fff'8000 to 0x2000'0000] { block Startup_Stack };
define block DEFAULT_CODE_BLOCK with alignment = 8 { section .text };
define block OS_Default_Init_Task_CODE_BLOCK
   with alignment = 8 { section .OS_Default_Init_Task_CODE };
define block OS_ERRORHOOK_CODE_BLOCK
   with alignment = 8 { section .OS_ERRORHOOK_CODE };
define block Code_Default
   with fixed order, alignment = 4 {
      section Code_Default_START_SEC, block DEFAULT_CODE_BLOCK,
      block OS_Default_Init_Task_CODE_BLOCK, block OS_ERRORHOOK_CODE_BLOCK,
      section Code_Default_LIMIT_SEC };
"PROGRAM_FLASH__Code_Default":
       place in [from 0x500 to 0x8'0000] { block Code_Default };
define block OS_Adc_Adc12bsarv2_EndGroupConvUnit0_CODE_BLOCK
   with alignment = 8 { section .OS_Adc_Adc12bsarv2_EndGroupConvUnit0_CODE };
define block OS_Adc_Adc12bsarv2_EndGroupConvUnit1_CODE_BLOCK
   with alignment = 8 { section .OS_Adc_Adc12bsarv2_EndGroupConvUnit1_CODE };
define block OS_Application_10ms_Task_CODE_BLOCK
   with alignment = 8 { section .OS_Application_10ms_Task_CODE };
define block OS_Application_2ms_Task_CODE_BLOCK
   with alignment = 8 { section .OS_Application_2ms_Task_CODE };
define block OS_Application_500ms_Task_CODE_BLOCK
   with alignment = 8 { section .OS_Application_500ms_Task_CODE };
define block OS_CODE_BLOCK with alignment = 8 { section .OS_CODE };
define block OS_CanBusOffIsr_0_CODE_BLOCK
   with alignment = 8 { section .OS_CanBusOffIsr_0_CODE };
define block OS_CanMailboxIsr_0_CODE_BLOCK
   with alignment = 8 { section .OS_CanMailboxIsr_0_CODE };
define block OS_Default_BSW_10ms_Task_CODE_BLOCK
   with alignment = 8 { section .OS_Default_BSW_10ms_Task_CODE };
define block OS_Default_BSW_20ms_Task_CODE_BLOCK
   with alignment = 8 { section .OS_Default_BSW_20ms_Task_CODE };
define block OS_Default_BSW_5ms_Task_CODE_BLOCK
   with alignment = 8 { section .OS_Default_BSW_5ms_Task_CODE };
define block OS_Default_BSW_ServiceDispatcher_CODE_BLOCK
   with alignment = 8 { section .OS_Default_BSW_ServiceDispatcher_CODE };
define block OS_FTM_0_CH_0_CH_1_ISR_CODE_BLOCK
   with alignment = 8 { section .OS_FTM_0_CH_0_CH_1_ISR_CODE };
define block OS_FTM_0_CH_2_CH_3_ISR_CODE_BLOCK
   with alignment = 8 { section .OS_FTM_0_CH_2_CH_3_ISR_CODE };
define block OS_ICU_PORT_CI_A_EXT_IRQ_ISR_CODE_BLOCK
   with alignment = 8 { section .OS_ICU_PORT_CI_A_EXT_IRQ_ISR_CODE };
define block OS_ICU_PORT_CI_B_EXT_IRQ_ISR_CODE_BLOCK
   with alignment = 8 { section .OS_ICU_PORT_CI_B_EXT_IRQ_ISR_CODE };
define block OS_OS_COREINITHOOK_CODE_BLOCK
   with alignment = 8 { section .OS_OS_COREINITHOOK_CODE };
define block OS_StartApplication_Appl_Init_Task_CODE_BLOCK
   with alignment = 8 { section .OS_StartApplication_Appl_Init_Task_CODE };
define block OS_StartApplication_NVM_Task_CODE_BLOCK
   with alignment = 8 { section .OS_StartApplication_NVM_Task_CODE };
define block OS_CODE
   with fixed order, alignment = 4 {
      section OS_CODE_START_SEC,
      block OS_Adc_Adc12bsarv2_EndGroupConvUnit0_CODE_BLOCK,
      block OS_Adc_Adc12bsarv2_EndGroupConvUnit1_CODE_BLOCK,
      block OS_Application_10ms_Task_CODE_BLOCK,
      block OS_Application_2ms_Task_CODE_BLOCK,
      block OS_Application_500ms_Task_CODE_BLOCK, block OS_CODE_BLOCK,
      block OS_CanBusOffIsr_0_CODE_BLOCK, block OS_CanMailboxIsr_0_CODE_BLOCK,
      block OS_Default_BSW_10ms_Task_CODE_BLOCK,
      block OS_Default_BSW_20ms_Task_CODE_BLOCK,
      block OS_Default_BSW_5ms_Task_CODE_BLOCK,
      block OS_Default_BSW_ServiceDispatcher_CODE_BLOCK,
      block OS_FTM_0_CH_0_CH_1_ISR_CODE_BLOCK,
      block OS_FTM_0_CH_2_CH_3_ISR_CODE_BLOCK,
      block OS_ICU_PORT_CI_A_EXT_IRQ_ISR_CODE_BLOCK,
      block OS_ICU_PORT_CI_B_EXT_IRQ_ISR_CODE_BLOCK,
      block OS_OS_COREINITHOOK_CODE_BLOCK,
      block OS_StartApplication_Appl_Init_Task_CODE_BLOCK,
      block OS_StartApplication_NVM_Task_CODE_BLOCK, section OS_CODE_LIMIT_SEC,
      section .mcal_text };
"PROGRAM_FLASH__OS_CODE":
       place in [from 0x500 to 0x8'0000] { block OS_CODE };
define block OS_CONST_BLOCK with alignment = 8 { section .OS_CONST };
define block OS_CONST_FAST_BLOCK with alignment = 8 { section .OS_CONST_FAST };
define block OS_CORE0_CONST_BLOCK
   with alignment = 8 { section .OS_CORE0_CONST };
define block OS_CORE0_CONST_FAST_BLOCK
   with alignment = 8 { section .OS_CORE0_CONST_FAST };
define block OS_GLOBALSHARED_CONST_BLOCK
   with alignment = 8 { section .OS_GLOBALSHARED_CONST };
define block OS_GLOBALSHARED_CONST_FAST_BLOCK
   with alignment = 8 { section .OS_GLOBALSHARED_CONST_FAST };
define block OS_INTVEC_CONST_BLOCK
   with alignment = 8 { section .OS_INTVEC_CONST };
define block OS_INTVEC_CONST_FAST_BLOCK
   with alignment = 8 { section .OS_INTVEC_CONST_FAST };
define block OS_SystemApplication_OsCore0_CONST_BLOCK
   with alignment = 8 { section .OS_SystemApplication_OsCore0_CONST };
define block OS_SystemApplication_OsCore0_CONST_FAST_BLOCK
   with alignment = 8 { section .OS_SystemApplication_OsCore0_CONST_FAST };
define block OS_CONST
   with fixed order, alignment = 4 {
      section OS_CONST_START_SEC, block OS_CONST_BLOCK,
      block OS_CONST_FAST_BLOCK, block OS_CORE0_CONST_BLOCK,
      block OS_CORE0_CONST_FAST_BLOCK, block OS_GLOBALSHARED_CONST_BLOCK,
      block OS_GLOBALSHARED_CONST_FAST_BLOCK, block OS_INTVEC_CONST_BLOCK,
      block OS_INTVEC_CONST_FAST_BLOCK,
      block OS_SystemApplication_OsCore0_CONST_BLOCK,
      block OS_SystemApplication_OsCore0_CONST_FAST_BLOCK,
      section OS_CONST_LIMIT_SEC, section .mcal_const,
      section .mcal_const_cfg };
"PROGRAM_FLASH__OS_CONST":
       place in [from 0x500 to 0x8'0000] { block OS_CONST };
define block OS_CORE0_VAR_FAST_NOCACHE_NOINIT_BLOCK
   with alignment = 8 { section .OS_CORE0_VAR_FAST_NOCACHE_NOINIT };
define block OS_CORE0_VAR_FAST_NOINIT_BLOCK
   with alignment = 8 { section .OS_CORE0_VAR_FAST_NOINIT };
define block OS_CORE0_VAR_NOCACHE_NOINIT_BLOCK
   with alignment = 8 { section .OS_CORE0_VAR_NOCACHE_NOINIT };
define block OS_CORE0_VAR_NOINIT_BLOCK
   with alignment = 8 { section .OS_CORE0_VAR_NOINIT };
define block OS_DATA_CORE0_NOINIT
   with fixed order, alignment = 4 {
      section OS_DATA_CORE0_NOINIT_START_SEC,
      block OS_CORE0_VAR_FAST_NOCACHE_NOINIT_BLOCK,
      block OS_CORE0_VAR_FAST_NOINIT_BLOCK,
      block OS_CORE0_VAR_NOCACHE_NOINIT_BLOCK, block OS_CORE0_VAR_NOINIT_BLOCK,
      section OS_DATA_CORE0_NOINIT_LIMIT_SEC };
"INTERNAL_RAM__OS_DATA_CORE0_NOINIT":
       place in [from 0x1fff'8000 to 0x2000'0000] {
          block OS_DATA_CORE0_NOINIT };
define block OS_BARRIER_CORE0_VAR_FAST_NOCACHE_NOINIT_BLOCK
   with alignment = 8 { section .OS_BARRIER_CORE0_VAR_FAST_NOCACHE_NOINIT };
define block OS_BARRIER_CORE0_VAR_FAST_NOINIT_BLOCK
   with alignment = 8 { section .OS_BARRIER_CORE0_VAR_FAST_NOINIT };
define block OS_BARRIER_CORE0_VAR_NOCACHE_NOINIT_BLOCK
   with alignment = 8 { section .OS_BARRIER_CORE0_VAR_NOCACHE_NOINIT };
define block OS_BARRIER_CORE0_VAR_NOINIT_BLOCK
   with alignment = 8 { section .OS_BARRIER_CORE0_VAR_NOINIT };
define block OS_CORESTATUS_CORE0_VAR_FAST_NOCACHE_NOINIT_BLOCK
   with alignment = 8 { section .OS_CORESTATUS_CORE0_VAR_FAST_NOCACHE_NOINIT };
define block OS_CORESTATUS_CORE0_VAR_FAST_NOINIT_BLOCK
   with alignment = 8 { section .OS_CORESTATUS_CORE0_VAR_FAST_NOINIT };
define block OS_CORESTATUS_CORE0_VAR_NOCACHE_NOINIT_BLOCK
   with alignment = 8 { section .OS_CORESTATUS_CORE0_VAR_NOCACHE_NOINIT };
define block OS_CORESTATUS_CORE0_VAR_NOINIT_BLOCK
   with alignment = 8 { section .OS_CORESTATUS_CORE0_VAR_NOINIT };
define block OS_GLOBALSHARED_VAR_FAST_NOCACHE_NOINIT_BLOCK
   with alignment = 8 { section .OS_GLOBALSHARED_VAR_FAST_NOCACHE_NOINIT };
define block OS_GLOBALSHARED_VAR_FAST_NOINIT_BLOCK
   with alignment = 8 { section .OS_GLOBALSHARED_VAR_FAST_NOINIT };
define block OS_GLOBALSHARED_VAR_NOCACHE_NOINIT_BLOCK
   with alignment = 8 { section .OS_GLOBALSHARED_VAR_NOCACHE_NOINIT };
define block OS_GLOBALSHARED_VAR_NOINIT_BLOCK
   with alignment = 8 { section .OS_GLOBALSHARED_VAR_NOINIT };
define block OS_PUBLIC_CORE0_VAR_FAST_NOCACHE_NOINIT_BLOCK
   with alignment = 8 { section .OS_PUBLIC_CORE0_VAR_FAST_NOCACHE_NOINIT };
define block OS_PUBLIC_CORE0_VAR_FAST_NOINIT_BLOCK
   with alignment = 8 { section .OS_PUBLIC_CORE0_VAR_FAST_NOINIT };
define block OS_PUBLIC_CORE0_VAR_NOCACHE_NOINIT_BLOCK
   with alignment = 8 { section .OS_PUBLIC_CORE0_VAR_NOCACHE_NOINIT };
define block OS_PUBLIC_CORE0_VAR_NOINIT_BLOCK
   with alignment = 8 { section .OS_PUBLIC_CORE0_VAR_NOINIT };
define block OS_VAR_FAST_NOCACHE_NOINIT_BLOCK
   with alignment = 8 { section .OS_VAR_FAST_NOCACHE_NOINIT };
define block OS_VAR_FAST_NOINIT_BLOCK
   with alignment = 8 { section .OS_VAR_FAST_NOINIT };
define block OS_VAR_NOCACHE_NOINIT_BLOCK
   with alignment = 8 { section .OS_VAR_NOCACHE_NOINIT };
define block OS_VAR_NOINIT_BLOCK with alignment = 8 { section .OS_VAR_NOINIT };
define block OS_DATA_SHARED_NOINIT
   with fixed order, alignment = 4 {
      section OS_DATA_SHARED_NOINIT_START_SEC,
      block OS_BARRIER_CORE0_VAR_FAST_NOCACHE_NOINIT_BLOCK,
      block OS_BARRIER_CORE0_VAR_FAST_NOINIT_BLOCK,
      block OS_BARRIER_CORE0_VAR_NOCACHE_NOINIT_BLOCK,
      block OS_BARRIER_CORE0_VAR_NOINIT_BLOCK,
      block OS_CORESTATUS_CORE0_VAR_FAST_NOCACHE_NOINIT_BLOCK,
      block OS_CORESTATUS_CORE0_VAR_FAST_NOINIT_BLOCK,
      block OS_CORESTATUS_CORE0_VAR_NOCACHE_NOINIT_BLOCK,
      block OS_CORESTATUS_CORE0_VAR_NOINIT_BLOCK,
      block OS_GLOBALSHARED_VAR_FAST_NOCACHE_NOINIT_BLOCK,
      block OS_GLOBALSHARED_VAR_FAST_NOINIT_BLOCK,
      block OS_GLOBALSHARED_VAR_NOCACHE_NOINIT_BLOCK,
      block OS_GLOBALSHARED_VAR_NOINIT_BLOCK,
      block OS_PUBLIC_CORE0_VAR_FAST_NOCACHE_NOINIT_BLOCK,
      block OS_PUBLIC_CORE0_VAR_FAST_NOINIT_BLOCK,
      block OS_PUBLIC_CORE0_VAR_NOCACHE_NOINIT_BLOCK,
      block OS_PUBLIC_CORE0_VAR_NOINIT_BLOCK,
      block OS_VAR_FAST_NOCACHE_NOINIT_BLOCK, block OS_VAR_FAST_NOINIT_BLOCK,
      block OS_VAR_NOCACHE_NOINIT_BLOCK, block OS_VAR_NOINIT_BLOCK,
      section OS_DATA_SHARED_NOINIT_LIMIT_SEC };
"INTERNAL_RAM__OS_DATA_SHARED_NOINIT":
       place in [from 0x1fff'8000 to 0x2000'0000] {
          block OS_DATA_SHARED_NOINIT };
define block OS_BARRIER_CORE0_VAR_BLOCK
   with alignment = 8 { section .OS_BARRIER_CORE0_VAR };
define block OS_BARRIER_CORE0_VAR_FAST_BLOCK
   with alignment = 8 { section .OS_BARRIER_CORE0_VAR_FAST };
define block OS_BARRIER_CORE0_VAR_FAST_NOCACHE_BLOCK
   with alignment = 8 { section .OS_BARRIER_CORE0_VAR_FAST_NOCACHE };
define block OS_BARRIER_CORE0_VAR_NOCACHE_BLOCK
   with alignment = 8 { section .OS_BARRIER_CORE0_VAR_NOCACHE };
define block OS_CORESTATUS_CORE0_VAR_BLOCK
   with alignment = 8 { section .OS_CORESTATUS_CORE0_VAR };
define block OS_CORESTATUS_CORE0_VAR_FAST_BLOCK
   with alignment = 8 { section .OS_CORESTATUS_CORE0_VAR_FAST };
define block OS_CORESTATUS_CORE0_VAR_FAST_NOCACHE_BLOCK
   with alignment = 8 { section .OS_CORESTATUS_CORE0_VAR_FAST_NOCACHE };
define block OS_CORESTATUS_CORE0_VAR_NOCACHE_BLOCK
   with alignment = 8 { section .OS_CORESTATUS_CORE0_VAR_NOCACHE };
define block OS_GLOBALSHARED_VAR_BLOCK
   with alignment = 8 { section .OS_GLOBALSHARED_VAR };
define block OS_GLOBALSHARED_VAR_FAST_BLOCK
   with alignment = 8 { section .OS_GLOBALSHARED_VAR_FAST };
define block OS_GLOBALSHARED_VAR_FAST_NOCACHE_BLOCK
   with alignment = 8 { section .OS_GLOBALSHARED_VAR_FAST_NOCACHE };
define block OS_GLOBALSHARED_VAR_NOCACHE_BLOCK
   with alignment = 8 { section .OS_GLOBALSHARED_VAR_NOCACHE };
define block OS_PUBLIC_CORE0_VAR_BLOCK
   with alignment = 8 { section .OS_PUBLIC_CORE0_VAR };
define block OS_PUBLIC_CORE0_VAR_FAST_BLOCK
   with alignment = 8 { section .OS_PUBLIC_CORE0_VAR_FAST };
define block OS_PUBLIC_CORE0_VAR_FAST_NOCACHE_BLOCK
   with alignment = 8 { section .OS_PUBLIC_CORE0_VAR_FAST_NOCACHE };
define block OS_PUBLIC_CORE0_VAR_NOCACHE_BLOCK
   with alignment = 8 { section .OS_PUBLIC_CORE0_VAR_NOCACHE };
define block OS_VAR_BLOCK with alignment = 8 { section .OS_VAR };
define block OS_VAR_FAST_BLOCK with alignment = 8 { section .OS_VAR_FAST };
define block OS_VAR_FAST_NOCACHE_BLOCK
   with alignment = 8 { section .OS_VAR_FAST_NOCACHE };
define block OS_VAR_NOCACHE_BLOCK
   with alignment = 8 { section .OS_VAR_NOCACHE };
define block OS_DATA_SHARED_INIT
   with fixed order, alignment = 4 {
      section OS_DATA_SHARED_INIT_START_SEC, block OS_BARRIER_CORE0_VAR_BLOCK,
      block OS_BARRIER_CORE0_VAR_FAST_BLOCK,
      block OS_BARRIER_CORE0_VAR_FAST_NOCACHE_BLOCK,
      block OS_BARRIER_CORE0_VAR_NOCACHE_BLOCK,
      block OS_CORESTATUS_CORE0_VAR_BLOCK,
      block OS_CORESTATUS_CORE0_VAR_FAST_BLOCK,
      block OS_CORESTATUS_CORE0_VAR_FAST_NOCACHE_BLOCK,
      block OS_CORESTATUS_CORE0_VAR_NOCACHE_BLOCK,
      block OS_GLOBALSHARED_VAR_BLOCK, block OS_GLOBALSHARED_VAR_FAST_BLOCK,
      block OS_GLOBALSHARED_VAR_FAST_NOCACHE_BLOCK,
      block OS_GLOBALSHARED_VAR_NOCACHE_BLOCK, block OS_PUBLIC_CORE0_VAR_BLOCK,
      block OS_PUBLIC_CORE0_VAR_FAST_BLOCK,
      block OS_PUBLIC_CORE0_VAR_FAST_NOCACHE_BLOCK,
      block OS_PUBLIC_CORE0_VAR_NOCACHE_BLOCK, block OS_VAR_BLOCK,
      block OS_VAR_FAST_BLOCK, block OS_VAR_FAST_NOCACHE_BLOCK,
      block OS_VAR_NOCACHE_BLOCK, section OS_DATA_SHARED_INIT_LIMIT_SEC };
"INTERNAL_RAM__OS_DATA_SHARED_INIT":
       place in [from 0x1fff'8000 to 0x2000'0000] { block OS_DATA_SHARED_INIT };
define block OS_BARRIER_CORE0_VAR_FAST_NOCACHE_ZERO_INIT_BLOCK
   with alignment = 8 { section .OS_BARRIER_CORE0_VAR_FAST_NOCACHE_ZERO_INIT };
define block OS_BARRIER_CORE0_VAR_FAST_ZERO_INIT_BLOCK
   with alignment = 8 { section .OS_BARRIER_CORE0_VAR_FAST_ZERO_INIT };
define block OS_BARRIER_CORE0_VAR_NOCACHE_ZERO_INIT_BLOCK
   with alignment = 8 { section .OS_BARRIER_CORE0_VAR_NOCACHE_ZERO_INIT };
define block OS_BARRIER_CORE0_VAR_ZERO_INIT_BLOCK
   with alignment = 8 { section .OS_BARRIER_CORE0_VAR_ZERO_INIT };
define block OS_CORESTATUS_CORE0_VAR_FAST_NOCACHE_ZERO_INIT_BLOCK
   with alignment = 8 {
      section .OS_CORESTATUS_CORE0_VAR_FAST_NOCACHE_ZERO_INIT };
define block OS_CORESTATUS_CORE0_VAR_FAST_ZERO_INIT_BLOCK
   with alignment = 8 { section .OS_CORESTATUS_CORE0_VAR_FAST_ZERO_INIT };
define block OS_CORESTATUS_CORE0_VAR_NOCACHE_ZERO_INIT_BLOCK
   with alignment = 8 { section .OS_CORESTATUS_CORE0_VAR_NOCACHE_ZERO_INIT };
define block OS_CORESTATUS_CORE0_VAR_ZERO_INIT_BLOCK
   with alignment = 8 { section .OS_CORESTATUS_CORE0_VAR_ZERO_INIT };
define block OS_GLOBALSHARED_VAR_FAST_NOCACHE_ZERO_INIT_BLOCK
   with alignment = 8 { section .OS_GLOBALSHARED_VAR_FAST_NOCACHE_ZERO_INIT };
define block OS_GLOBALSHARED_VAR_FAST_ZERO_INIT_BLOCK
   with alignment = 8 { section .OS_GLOBALSHARED_VAR_FAST_ZERO_INIT };
define block OS_GLOBALSHARED_VAR_NOCACHE_ZERO_INIT_BLOCK
   with alignment = 8 { section .OS_GLOBALSHARED_VAR_NOCACHE_ZERO_INIT };
define block OS_GLOBALSHARED_VAR_ZERO_INIT_BLOCK
   with alignment = 8 { section .OS_GLOBALSHARED_VAR_ZERO_INIT };
define block OS_PUBLIC_CORE0_VAR_FAST_NOCACHE_ZERO_INIT_BLOCK
   with alignment = 8 { section .OS_PUBLIC_CORE0_VAR_FAST_NOCACHE_ZERO_INIT };
define block OS_PUBLIC_CORE0_VAR_FAST_ZERO_INIT_BLOCK
   with alignment = 8 { section .OS_PUBLIC_CORE0_VAR_FAST_ZERO_INIT };
define block OS_PUBLIC_CORE0_VAR_NOCACHE_ZERO_INIT_BLOCK
   with alignment = 8 { section .OS_PUBLIC_CORE0_VAR_NOCACHE_ZERO_INIT };
define block OS_PUBLIC_CORE0_VAR_ZERO_INIT_BLOCK
   with alignment = 8 { section .OS_PUBLIC_CORE0_VAR_ZERO_INIT };
define block OS_VAR_FAST_NOCACHE_ZERO_INIT_BLOCK
   with alignment = 8 { section .OS_VAR_FAST_NOCACHE_ZERO_INIT };
define block OS_VAR_FAST_ZERO_INIT_BLOCK
   with alignment = 8 { section .OS_VAR_FAST_ZERO_INIT };
define block OS_VAR_NOCACHE_ZERO_INIT_BLOCK
   with alignment = 8 { section .OS_VAR_NOCACHE_ZERO_INIT };
define block OS_VAR_ZERO_INIT_BLOCK
   with alignment = 8 { section .OS_VAR_ZERO_INIT };
define block OS_DATA_SHARED_ZERO_INIT
   with fixed order, alignment = 4 {
      section OS_DATA_SHARED_ZERO_INIT_START_SEC,
      block OS_BARRIER_CORE0_VAR_FAST_NOCACHE_ZERO_INIT_BLOCK,
      block OS_BARRIER_CORE0_VAR_FAST_ZERO_INIT_BLOCK,
      block OS_BARRIER_CORE0_VAR_NOCACHE_ZERO_INIT_BLOCK,
      block OS_BARRIER_CORE0_VAR_ZERO_INIT_BLOCK,
      block OS_CORESTATUS_CORE0_VAR_FAST_NOCACHE_ZERO_INIT_BLOCK,
      block OS_CORESTATUS_CORE0_VAR_FAST_ZERO_INIT_BLOCK,
      block OS_CORESTATUS_CORE0_VAR_NOCACHE_ZERO_INIT_BLOCK,
      block OS_CORESTATUS_CORE0_VAR_ZERO_INIT_BLOCK,
      block OS_GLOBALSHARED_VAR_FAST_NOCACHE_ZERO_INIT_BLOCK,
      block OS_GLOBALSHARED_VAR_FAST_ZERO_INIT_BLOCK,
      block OS_GLOBALSHARED_VAR_NOCACHE_ZERO_INIT_BLOCK,
      block OS_GLOBALSHARED_VAR_ZERO_INIT_BLOCK,
      block OS_PUBLIC_CORE0_VAR_FAST_NOCACHE_ZERO_INIT_BLOCK,
      block OS_PUBLIC_CORE0_VAR_FAST_ZERO_INIT_BLOCK,
      block OS_PUBLIC_CORE0_VAR_NOCACHE_ZERO_INIT_BLOCK,
      block OS_PUBLIC_CORE0_VAR_ZERO_INIT_BLOCK,
      block OS_VAR_FAST_NOCACHE_ZERO_INIT_BLOCK,
      block OS_VAR_FAST_ZERO_INIT_BLOCK, block OS_VAR_NOCACHE_ZERO_INIT_BLOCK,
      block OS_VAR_ZERO_INIT_BLOCK, section OS_DATA_SHARED_ZERO_INIT_LIMIT_SEC,
      section .mcal_bss, section .mcal_data };
"INTERNAL_RAM__OS_DATA_SHARED_ZERO_INIT":
       place in [from 0x1fff'8000 to 0x2000'0000] {
          block OS_DATA_SHARED_ZERO_INIT };
define block DEFAULT_RODATA_BLOCK with alignment = 8 { section .rodata };
define block DEFAULT_INTVEC_BLOCK with alignment = 8 { section .intvec };
define block DEFAULT_INIT_TABLE_BLOCK
   with alignment = 8 { section .iar.init_table };
define block DEFAULT_DATA_ROM_INIT_BLOCK
   with alignment = 8 { section .data_init };
define block Const_Default
   with fixed order, alignment = 4 {
      section Const_Default_START_SEC, block DEFAULT_RODATA_BLOCK,
      block DEFAULT_INTVEC_BLOCK, block DEFAULT_INIT_TABLE_BLOCK,
      block DEFAULT_DATA_ROM_INIT_BLOCK, section Const_Default_LIMIT_SEC };
"PROGRAM_FLASH__Const_Default":
       place in [from 0x500 to 0x8'0000] { block Const_Default };
define block DEFAULT_BSS_BLOCK with alignment = 8 { section .bss };
define block DEFAULT_DATA_INIT_BLOCK with alignment = 8 { section .data };
define block Data_Default
   with fixed order, alignment = 4 {
      section Data_Default_START_SEC, block DEFAULT_BSS_BLOCK,
      block DEFAULT_DATA_INIT_BLOCK, section Data_Default_LIMIT_SEC };
"INTERNAL_RAM__Data_Default":
       place in [from 0x1fff'8000 to 0x2000'0000] { block Data_Default };
define block function_in_ram_BLOCK
   with alignment = 4 { section .function_in_ram };
define block Data_Default_INIT
   with fixed order, alignment = 4 {
      section Data_Default_INIT_START_SEC, block function_in_ram_BLOCK,
      section Data_Default_INIT_LIMIT_SEC };
"INTERNAL_RAM__Data_Default_INIT":
       place in [from 0x1fff'8000 to 0x2000'0000] { block Data_Default_INIT };
define block HEAP with size = 2K, alignment = 8 { };
define block Heap_Default
   with fixed order, alignment = 4 {
      section Heap_Default_START_SEC, block HEAP,
      section Heap_Default_LIMIT_SEC };
"INTERNAL_RAM__Heap_Default":
       place in [from 0x1fff'8000 to 0x2000'0000] { block Heap_Default };
do not initialize {
   section .OS_STACK_APPLICATION_10MS_TASK_VAR_NOINIT,
   section .OS_STACK_APPLICATION_500MS_TASK_VAR_NOINIT,
   section .OS_STACK_DEFAULT_BSW_10MS_TASK_VAR_NOINIT,
   section .OS_STACK_DEFAULT_BSW_20MS_TASK_VAR_NOINIT,
   section .OS_STACK_OSCORE0_ERROR_VAR_NOINIT,
   section .OS_STACK_OSCORE0_INIT_VAR_NOINIT,
   section .OS_STACK_OSCORE0_ISR_CORE_VAR_NOINIT,
   section .OS_STACK_OSCORE0_KERNEL_VAR_NOINIT,
   section .OS_STACK_OSCORE0_TASK_PRIO40_VAR_NOINIT,
   section .OS_STACK_OSCORE0_TASK_PRIO4294967295_VAR_NOINIT,
   section .OS_STACK_OSCORE0_TASK_PRIO45_VAR_NOINIT,
   section .OS_STACK_OSCORE0_TASK_PRIO50_VAR_NOINIT,
   section .OS_STACK_OSCORE0_TASK_PRIO5_VAR_NOINIT,
   section .OS_STACK_OSCORE0_TASK_PRIO60_VAR_NOINIT,
   section .OS_STACK_STARTAPPLICATION_NVM_TASK_VAR_NOINIT,
   section .OS_SystemApplication_OsCore0_VAR_FAST_NOCACHE_NOINIT,
   section .OS_SystemApplication_OsCore0_VAR_FAST_NOINIT,
   section .OS_SystemApplication_OsCore0_VAR_NOCACHE_NOINIT,
   section .OS_SystemApplication_OsCore0_VAR_NOINIT,
   section .OS_CORE0_VAR_FAST_NOCACHE_NOINIT,
   section .OS_CORE0_VAR_FAST_NOINIT, section .OS_CORE0_VAR_NOCACHE_NOINIT,
   section .OS_CORE0_VAR_NOINIT,
   section .OS_BARRIER_CORE0_VAR_FAST_NOCACHE_NOINIT,
   section .OS_BARRIER_CORE0_VAR_FAST_NOCACHE_ZERO_INIT,
   section .OS_BARRIER_CORE0_VAR_FAST_NOINIT,
   section .OS_BARRIER_CORE0_VAR_FAST_ZERO_INIT,
   section .OS_BARRIER_CORE0_VAR_NOCACHE_NOINIT,
   section .OS_BARRIER_CORE0_VAR_NOCACHE_ZERO_INIT,
   section .OS_BARRIER_CORE0_VAR_NOINIT,
   section .OS_BARRIER_CORE0_VAR_ZERO_INIT,
   section .OS_CORESTATUS_CORE0_VAR_FAST_NOCACHE_NOINIT,
   section .OS_CORESTATUS_CORE0_VAR_FAST_NOCACHE_ZERO_INIT,
   section .OS_CORESTATUS_CORE0_VAR_FAST_NOINIT,
   section .OS_CORESTATUS_CORE0_VAR_FAST_ZERO_INIT,
   section .OS_CORESTATUS_CORE0_VAR_NOCACHE_NOINIT,
   section .OS_CORESTATUS_CORE0_VAR_NOCACHE_ZERO_INIT,
   section .OS_CORESTATUS_CORE0_VAR_NOINIT,
   section .OS_CORESTATUS_CORE0_VAR_ZERO_INIT,
   section .OS_GLOBALSHARED_VAR_FAST_NOCACHE_NOINIT,
   section .OS_GLOBALSHARED_VAR_FAST_NOCACHE_ZERO_INIT,
   section .OS_GLOBALSHARED_VAR_FAST_NOINIT,
   section .OS_GLOBALSHARED_VAR_FAST_ZERO_INIT,
   section .OS_GLOBALSHARED_VAR_NOCACHE_NOINIT,
   section .OS_GLOBALSHARED_VAR_NOCACHE_ZERO_INIT,
   section .OS_GLOBALSHARED_VAR_NOINIT, section .OS_GLOBALSHARED_VAR_ZERO_INIT,
   section .OS_PUBLIC_CORE0_VAR_FAST_NOCACHE_NOINIT,
   section .OS_PUBLIC_CORE0_VAR_FAST_NOCACHE_ZERO_INIT,
   section .OS_PUBLIC_CORE0_VAR_FAST_NOINIT,
   section .OS_PUBLIC_CORE0_VAR_FAST_ZERO_INIT,
   section .OS_PUBLIC_CORE0_VAR_NOCACHE_NOINIT,
   section .OS_PUBLIC_CORE0_VAR_NOCACHE_ZERO_INIT,
   section .OS_PUBLIC_CORE0_VAR_NOINIT, section .OS_PUBLIC_CORE0_VAR_ZERO_INIT,
   section .OS_VAR_FAST_NOCACHE_NOINIT, section .OS_VAR_FAST_NOCACHE_ZERO_INIT,
   section .OS_VAR_FAST_NOINIT, section .OS_VAR_FAST_ZERO_INIT,
   section .OS_VAR_NOCACHE_NOINIT, section .OS_VAR_NOCACHE_ZERO_INIT,
   section .OS_VAR_NOINIT, section .OS_VAR_ZERO_INIT, section .bss, rw };
keep { section OS_EXCVEC_CORE0_CODE_START_SEC };
keep { section OS_EXCVEC_CORE0_CODE_LIMIT_SEC };
keep { section OS_EXCVEC_CORE0_CONST_START_SEC };
keep { section OS_EXCVEC_CORE0_CONST_LIMIT_SEC };
keep { section OS_INTVEC_CODE_START_SEC };
keep { section OS_INTVEC_CODE_LIMIT_SEC };
keep { section OS_INTVEC_CORE0_CODE_START_SEC };
keep { section OS_INTVEC_CORE0_CODE_LIMIT_SEC };
keep { section OS_INTVEC_CORE0_CONST_START_SEC };
keep { section OS_INTVEC_CORE0_CONST_LIMIT_SEC };
keep { section OS_STACKS_CORE0_NOINIT_START_SEC };
keep { section OS_STACKS_CORE0_NOINIT_LIMIT_SEC };
keep { section OS_SystemApplication_OsCore0_NOINIT_START_SEC };
keep { section OS_SystemApplication_OsCore0_NOINIT_LIMIT_SEC };
keep { section Startup_Code_START_SEC };
keep { section Startup_Code_LIMIT_SEC };
keep { section Startup_Stack_START_SEC };
keep { section Startup_Stack_LIMIT_SEC };
keep { section Code_Default_START_SEC };
keep { section Code_Default_LIMIT_SEC };
keep { section OS_CODE_START_SEC };
keep { section OS_CODE_LIMIT_SEC };
keep { section OS_CONST_START_SEC };
keep { section OS_CONST_LIMIT_SEC };
keep { section OS_DATA_CORE0_NOINIT_START_SEC };
keep { section OS_DATA_CORE0_NOINIT_LIMIT_SEC };
keep { section OS_DATA_SHARED_NOINIT_START_SEC };
keep { section OS_DATA_SHARED_NOINIT_LIMIT_SEC };
keep { section OS_DATA_SHARED_INIT_START_SEC };
keep { section OS_DATA_SHARED_INIT_LIMIT_SEC };
keep { section OS_DATA_SHARED_ZERO_INIT_START_SEC };
keep { section OS_DATA_SHARED_ZERO_INIT_LIMIT_SEC };
keep { section Const_Default_START_SEC };
keep { section Const_Default_LIMIT_SEC };
keep { section Data_Default_START_SEC };
keep { section Data_Default_LIMIT_SEC };
keep { section Data_Default_INIT_START_SEC };
keep { section Data_Default_INIT_LIMIT_SEC };
keep { section Heap_Default_START_SEC };
keep { section Heap_Default_LIMIT_SEC };

No sections matched the following patterns:

  section .APPLHEADER                                            in "P4"
  section .APPLVECT                                              in "P3"
  section .BMHDRHEADER                                           in "P5"
  section .CAL_DATA_SEC                                          in "P2"
  section .OS_Adc_Adc12bsarv2_EndGroupConvUnit0_CODE             in block OS_Adc_Adc12bsarv2_EndGroupConvUnit0_CODE_BLOCK
  section .OS_Adc_Adc12bsarv2_EndGroupConvUnit1_CODE             in block OS_Adc_Adc12bsarv2_EndGroupConvUnit1_CODE_BLOCK
  section .OS_Application_10ms_Task_CODE                         in block OS_Application_10ms_Task_CODE_BLOCK
  section .OS_Application_2ms_Task_CODE                          in block OS_Application_2ms_Task_CODE_BLOCK
  section .OS_Application_500ms_Task_CODE                        in block OS_Application_500ms_Task_CODE_BLOCK
  section .OS_BARRIER_CORE0_VAR                                  in block OS_BARRIER_CORE0_VAR_BLOCK
  section .OS_BARRIER_CORE0_VAR_FAST                             in block OS_BARRIER_CORE0_VAR_FAST_BLOCK
  section .OS_BARRIER_CORE0_VAR_FAST_NOCACHE                     in block OS_BARRIER_CORE0_VAR_FAST_NOCACHE_BLOCK
  section .OS_BARRIER_CORE0_VAR_FAST_NOCACHE_NOINIT              in block OS_BARRIER_CORE0_VAR_FAST_NOCACHE_NOINIT_BLOCK
  section .OS_BARRIER_CORE0_VAR_FAST_NOCACHE_ZERO_INIT           in block OS_BARRIER_CORE0_VAR_FAST_NOCACHE_ZERO_INIT_BLOCK
  section .OS_BARRIER_CORE0_VAR_FAST_NOCACHE_init                in block OS_BARRIER_CORE0_VAR_FAST_NOCACHE_init_BLOCK
  section .OS_BARRIER_CORE0_VAR_FAST_NOINIT                      in block OS_BARRIER_CORE0_VAR_FAST_NOINIT_BLOCK
  section .OS_BARRIER_CORE0_VAR_FAST_ZERO_INIT                   in block OS_BARRIER_CORE0_VAR_FAST_ZERO_INIT_BLOCK
  section .OS_BARRIER_CORE0_VAR_FAST_init                        in block OS_BARRIER_CORE0_VAR_FAST_init_BLOCK
  section .OS_BARRIER_CORE0_VAR_NOCACHE                          in block OS_BARRIER_CORE0_VAR_NOCACHE_BLOCK
  section .OS_BARRIER_CORE0_VAR_NOCACHE_ZERO_INIT                in block OS_BARRIER_CORE0_VAR_NOCACHE_ZERO_INIT_BLOCK
  section .OS_BARRIER_CORE0_VAR_NOCACHE_init                     in block OS_BARRIER_CORE0_VAR_NOCACHE_init_BLOCK
  section .OS_BARRIER_CORE0_VAR_NOINIT                           in block OS_BARRIER_CORE0_VAR_NOINIT_BLOCK
  section .OS_BARRIER_CORE0_VAR_ZERO_INIT                        in block OS_BARRIER_CORE0_VAR_ZERO_INIT_BLOCK
  section .OS_BARRIER_CORE0_VAR_init                             in block OS_BARRIER_CORE0_VAR_init_BLOCK
  section .OS_CONST_FAST                                         in block OS_CONST_FAST_BLOCK
  section .OS_CORE0_CONST_FAST                                   in block OS_CORE0_CONST_FAST_BLOCK
  section .OS_CORE0_VAR_FAST_NOCACHE_NOINIT                      in block OS_CORE0_VAR_FAST_NOCACHE_NOINIT_BLOCK
  section .OS_CORE0_VAR_NOCACHE_NOINIT                           in block OS_CORE0_VAR_NOCACHE_NOINIT_BLOCK
  section .OS_CORESTATUS_CORE0_VAR                               in block OS_CORESTATUS_CORE0_VAR_BLOCK
  section .OS_CORESTATUS_CORE0_VAR_FAST                          in block OS_CORESTATUS_CORE0_VAR_FAST_BLOCK
  section .OS_CORESTATUS_CORE0_VAR_FAST_NOCACHE                  in block OS_CORESTATUS_CORE0_VAR_FAST_NOCACHE_BLOCK
  section .OS_CORESTATUS_CORE0_VAR_FAST_NOCACHE_NOINIT           in block OS_CORESTATUS_CORE0_VAR_FAST_NOCACHE_NOINIT_BLOCK
  section .OS_CORESTATUS_CORE0_VAR_FAST_NOCACHE_ZERO_INIT        in block OS_CORESTATUS_CORE0_VAR_FAST_NOCACHE_ZERO_INIT_BLOCK
  section .OS_CORESTATUS_CORE0_VAR_FAST_NOCACHE_init             in block OS_CORESTATUS_CORE0_VAR_FAST_NOCACHE_init_BLOCK
  section .OS_CORESTATUS_CORE0_VAR_FAST_NOINIT                   in block OS_CORESTATUS_CORE0_VAR_FAST_NOINIT_BLOCK
  section .OS_CORESTATUS_CORE0_VAR_FAST_ZERO_INIT                in block OS_CORESTATUS_CORE0_VAR_FAST_ZERO_INIT_BLOCK
  section .OS_CORESTATUS_CORE0_VAR_FAST_init                     in block OS_CORESTATUS_CORE0_VAR_FAST_init_BLOCK
  section .OS_CORESTATUS_CORE0_VAR_NOCACHE                       in block OS_CORESTATUS_CORE0_VAR_NOCACHE_BLOCK
  section .OS_CORESTATUS_CORE0_VAR_NOCACHE_ZERO_INIT             in block OS_CORESTATUS_CORE0_VAR_NOCACHE_ZERO_INIT_BLOCK
  section .OS_CORESTATUS_CORE0_VAR_NOCACHE_init                  in block OS_CORESTATUS_CORE0_VAR_NOCACHE_init_BLOCK
  section .OS_CORESTATUS_CORE0_VAR_NOINIT                        in block OS_CORESTATUS_CORE0_VAR_NOINIT_BLOCK
  section .OS_CORESTATUS_CORE0_VAR_ZERO_INIT                     in block OS_CORESTATUS_CORE0_VAR_ZERO_INIT_BLOCK
  section .OS_CORESTATUS_CORE0_VAR_init                          in block OS_CORESTATUS_CORE0_VAR_init_BLOCK
  section .OS_CanBusOffIsr_0_CODE                                in block OS_CanBusOffIsr_0_CODE_BLOCK
  section .OS_CanMailboxIsr_0_CODE                               in block OS_CanMailboxIsr_0_CODE_BLOCK
  section .OS_Default_BSW_10ms_Task_CODE                         in block OS_Default_BSW_10ms_Task_CODE_BLOCK
  section .OS_Default_BSW_20ms_Task_CODE                         in block OS_Default_BSW_20ms_Task_CODE_BLOCK
  section .OS_Default_BSW_5ms_Task_CODE                          in block OS_Default_BSW_5ms_Task_CODE_BLOCK
  section .OS_Default_BSW_ServiceDispatcher_CODE                 in block OS_Default_BSW_ServiceDispatcher_CODE_BLOCK
  section .OS_Default_Init_Task_CODE                             in block OS_Default_Init_Task_CODE_BLOCK
  section .OS_ERRORHOOK_CODE                                     in block OS_ERRORHOOK_CODE_BLOCK
  section .OS_EXCVEC_CORE0_CODE                                  in block OS_EXCVEC_CORE0_CODE_BLOCK
  section .OS_EXCVEC_CORE0_CONST                                 in block OS_EXCVEC_CORE0_CONST_BLOCK
  section .OS_EXCVEC_CORE0_CONST_FAST                            in block OS_EXCVEC_CORE0_CONST_FAST_BLOCK
  section .OS_FTM_0_CH_0_CH_1_ISR_CODE                           in block OS_FTM_0_CH_0_CH_1_ISR_CODE_BLOCK
  section .OS_FTM_0_CH_2_CH_3_ISR_CODE                           in block OS_FTM_0_CH_2_CH_3_ISR_CODE_BLOCK
  section .OS_GLOBALSHARED_CONST                                 in block OS_GLOBALSHARED_CONST_BLOCK
  section .OS_GLOBALSHARED_CONST_FAST                            in block OS_GLOBALSHARED_CONST_FAST_BLOCK
  section .OS_GLOBALSHARED_VAR                                   in block OS_GLOBALSHARED_VAR_BLOCK
  section .OS_GLOBALSHARED_VAR_FAST                              in block OS_GLOBALSHARED_VAR_FAST_BLOCK
  section .OS_GLOBALSHARED_VAR_FAST_NOCACHE                      in block OS_GLOBALSHARED_VAR_FAST_NOCACHE_BLOCK
  section .OS_GLOBALSHARED_VAR_FAST_NOCACHE_NOINIT               in block OS_GLOBALSHARED_VAR_FAST_NOCACHE_NOINIT_BLOCK
  section .OS_GLOBALSHARED_VAR_FAST_NOCACHE_ZERO_INIT            in block OS_GLOBALSHARED_VAR_FAST_NOCACHE_ZERO_INIT_BLOCK
  section .OS_GLOBALSHARED_VAR_FAST_NOCACHE_init                 in block OS_GLOBALSHARED_VAR_FAST_NOCACHE_init_BLOCK
  section .OS_GLOBALSHARED_VAR_FAST_NOINIT                       in block OS_GLOBALSHARED_VAR_FAST_NOINIT_BLOCK
  section .OS_GLOBALSHARED_VAR_FAST_ZERO_INIT                    in block OS_GLOBALSHARED_VAR_FAST_ZERO_INIT_BLOCK
  section .OS_GLOBALSHARED_VAR_FAST_init                         in block OS_GLOBALSHARED_VAR_FAST_init_BLOCK
  section .OS_GLOBALSHARED_VAR_NOCACHE                           in block OS_GLOBALSHARED_VAR_NOCACHE_BLOCK
  section .OS_GLOBALSHARED_VAR_NOCACHE_NOINIT                    in block OS_GLOBALSHARED_VAR_NOCACHE_NOINIT_BLOCK
  section .OS_GLOBALSHARED_VAR_NOCACHE_ZERO_INIT                 in block OS_GLOBALSHARED_VAR_NOCACHE_ZERO_INIT_BLOCK
  section .OS_GLOBALSHARED_VAR_NOCACHE_init                      in block OS_GLOBALSHARED_VAR_NOCACHE_init_BLOCK
  section .OS_GLOBALSHARED_VAR_NOINIT                            in block OS_GLOBALSHARED_VAR_NOINIT_BLOCK
  section .OS_GLOBALSHARED_VAR_ZERO_INIT                         in block OS_GLOBALSHARED_VAR_ZERO_INIT_BLOCK
  section .OS_GLOBALSHARED_VAR_init                              in block OS_GLOBALSHARED_VAR_init_BLOCK
  section .OS_ICU_PORT_CI_A_EXT_IRQ_ISR_CODE                     in block OS_ICU_PORT_CI_A_EXT_IRQ_ISR_CODE_BLOCK
  section .OS_ICU_PORT_CI_B_EXT_IRQ_ISR_CODE                     in block OS_ICU_PORT_CI_B_EXT_IRQ_ISR_CODE_BLOCK
  section .OS_INTVEC_CODE                                        in block OS_INTVEC_CODE_BLOCK
  section .OS_INTVEC_CONST                                       in block OS_INTVEC_CONST_BLOCK
  section .OS_INTVEC_CONST_FAST                                  in block OS_INTVEC_CONST_FAST_BLOCK
  section .OS_INTVEC_CORE0_CONST_FAST                            in block OS_INTVEC_CORE0_CONST_FAST_BLOCK
  section .OS_OS_COREINITHOOK_CODE                               in block OS_OS_COREINITHOOK_CODE_BLOCK
  section .OS_PUBLIC_CORE0_VAR                                   in block OS_PUBLIC_CORE0_VAR_BLOCK
  section .OS_PUBLIC_CORE0_VAR_FAST                              in block OS_PUBLIC_CORE0_VAR_FAST_BLOCK
  section .OS_PUBLIC_CORE0_VAR_FAST_NOCACHE                      in block OS_PUBLIC_CORE0_VAR_FAST_NOCACHE_BLOCK
  section .OS_PUBLIC_CORE0_VAR_FAST_NOCACHE_NOINIT               in block OS_PUBLIC_CORE0_VAR_FAST_NOCACHE_NOINIT_BLOCK
  section .OS_PUBLIC_CORE0_VAR_FAST_NOCACHE_ZERO_INIT            in block OS_PUBLIC_CORE0_VAR_FAST_NOCACHE_ZERO_INIT_BLOCK
  section .OS_PUBLIC_CORE0_VAR_FAST_NOCACHE_init                 in block OS_PUBLIC_CORE0_VAR_FAST_NOCACHE_init_BLOCK
  section .OS_PUBLIC_CORE0_VAR_FAST_NOINIT                       in block OS_PUBLIC_CORE0_VAR_FAST_NOINIT_BLOCK
  section .OS_PUBLIC_CORE0_VAR_FAST_ZERO_INIT                    in block OS_PUBLIC_CORE0_VAR_FAST_ZERO_INIT_BLOCK
  section .OS_PUBLIC_CORE0_VAR_FAST_init                         in block OS_PUBLIC_CORE0_VAR_FAST_init_BLOCK
  section .OS_PUBLIC_CORE0_VAR_NOCACHE                           in block OS_PUBLIC_CORE0_VAR_NOCACHE_BLOCK
  section .OS_PUBLIC_CORE0_VAR_NOCACHE_NOINIT                    in block OS_PUBLIC_CORE0_VAR_NOCACHE_NOINIT_BLOCK
  section .OS_PUBLIC_CORE0_VAR_NOCACHE_ZERO_INIT                 in block OS_PUBLIC_CORE0_VAR_NOCACHE_ZERO_INIT_BLOCK
  section .OS_PUBLIC_CORE0_VAR_NOCACHE_init                      in block OS_PUBLIC_CORE0_VAR_NOCACHE_init_BLOCK
  section .OS_PUBLIC_CORE0_VAR_NOINIT                            in block OS_PUBLIC_CORE0_VAR_NOINIT_BLOCK
  section .OS_PUBLIC_CORE0_VAR_ZERO_INIT                         in block OS_PUBLIC_CORE0_VAR_ZERO_INIT_BLOCK
  section .OS_PUBLIC_CORE0_VAR_init                              in block OS_PUBLIC_CORE0_VAR_init_BLOCK
  section .OS_STACK_DEFAULT_APPL_TASK_VAR_NOINIT                 in block OS_STACK_DEFAULT_APPL_TASK_VAR_NOINIT_BLOCK
  section .OS_STACK_DEFAULT_BSW_ASYNC_TASK_VAR_NOINIT            in block OS_STACK_DEFAULT_BSW_ASYNC_TASK_VAR_NOINIT_BLOCK
  section .OS_STACK_OSCORE0_PROTECTION_VAR_NOINIT                in block OS_STACK_OSCORE0_PROTECTION_VAR_NOINIT_BLOCK
  section .OS_STACK_OSCORE0_TASK_PRIO10_VAR_NOINIT               in block OS_STACK_OSCORE0_TASK_PRIO10_VAR_NOINIT_BLOCK
  section .OS_STACK_OSCORE0_TASK_PRIO30_VAR_NOINIT               in block OS_STACK_OSCORE0_TASK_PRIO30_VAR_NOINIT_BLOCK
  section .OS_STACK_OSCORE0_TASK_PRIO40_VAR_NOINIT               in block OS_STACK_OSCORE0_TASK_PRIO40_VAR_NOINIT_BLOCK
  section .OS_STACK_OSCORE0_TASK_PRIO45_VAR_NOINIT               in block OS_STACK_OSCORE0_TASK_PRIO45_VAR_NOINIT_BLOCK
  section .OS_STACK_OSCORE0_TASK_PRIO50_VAR_NOINIT               in block OS_STACK_OSCORE0_TASK_PRIO50_VAR_NOINIT_BLOCK
  section .OS_STACK_OSCORE0_TASK_PRIO5_VAR_NOINIT                in block OS_STACK_OSCORE0_TASK_PRIO5_VAR_NOINIT_BLOCK
  section .OS_StartApplication_Appl_Init_Task_CODE               in block OS_StartApplication_Appl_Init_Task_CODE_BLOCK
  section .OS_StartApplication_NVM_Task_CODE                     in block OS_StartApplication_NVM_Task_CODE_BLOCK
  section .OS_SystemApplication_OsCore0_CONST                    in block OS_SystemApplication_OsCore0_CONST_BLOCK
  section .OS_SystemApplication_OsCore0_CONST_FAST               in block OS_SystemApplication_OsCore0_CONST_FAST_BLOCK
  section .OS_SystemApplication_OsCore0_VAR_FAST_NOCACHE_NOINIT  in block OS_SystemApplication_OsCore0_VAR_FAST_NOCACHE_NOINIT_BLOCK
  section .OS_SystemApplication_OsCore0_VAR_FAST_NOINIT          in block OS_SystemApplication_OsCore0_VAR_FAST_NOINIT_BLOCK
  section .OS_SystemApplication_OsCore0_VAR_NOCACHE_NOINIT       in block OS_SystemApplication_OsCore0_VAR_NOCACHE_NOINIT_BLOCK
  section .OS_SystemApplication_OsCore0_VAR_NOINIT               in block OS_SystemApplication_OsCore0_VAR_NOINIT_BLOCK
  section .OS_VAR                                                in block OS_VAR_BLOCK
  section .OS_VAR_FAST                                           in block OS_VAR_FAST_BLOCK
  section .OS_VAR_FAST_NOCACHE                                   in block OS_VAR_FAST_NOCACHE_BLOCK
  section .OS_VAR_FAST_NOCACHE_NOINIT                            in block OS_VAR_FAST_NOCACHE_NOINIT_BLOCK
  section .OS_VAR_FAST_NOCACHE_ZERO_INIT                         in block OS_VAR_FAST_NOCACHE_ZERO_INIT_BLOCK
  section .OS_VAR_FAST_NOCACHE_init                              in block OS_VAR_FAST_NOCACHE_init_BLOCK
  section .OS_VAR_FAST_NOINIT                                    in block OS_VAR_FAST_NOINIT_BLOCK
  section .OS_VAR_FAST_ZERO_INIT                                 in block OS_VAR_FAST_ZERO_INIT_BLOCK
  section .OS_VAR_FAST_init                                      in block OS_VAR_FAST_init_BLOCK
  section .OS_VAR_NOCACHE                                        in block OS_VAR_NOCACHE_BLOCK
  section .OS_VAR_NOCACHE_ZERO_INIT                              in block OS_VAR_NOCACHE_ZERO_INIT_BLOCK
  section .OS_VAR_NOCACHE_init                                   in block OS_VAR_NOCACHE_init_BLOCK
  section .OS_VAR_NOINIT                                         in block OS_VAR_NOINIT_BLOCK
  section .OS_VAR_ZERO_INIT                                      in block OS_VAR_ZERO_INIT_BLOCK
  section .OS_VAR_init                                           in block OS_VAR_init_BLOCK
  section .brsStartup                                            in block Startup_Code_Core0
  section .data                                                  in block DEFAULT_DATA_INIT_BLOCK
  section .data_init                                             in block DEFAULT_DATA_ROM_INIT_BLOCK
  section .function_in_ram                                       in block function_in_ram_BLOCK
  section .function_in_ram_init                                  in block function_in_ram_init_BLOCK
  section .iar.init_table                                        in block DEFAULT_INIT_TABLE_BLOCK
  section .mcal_bss                                              in block OS_DATA_SHARED_ZERO_INIT
  section .mcal_const                                            in block OS_CONST
  section .mcal_const_cfg                                        in block OS_CONST
  section .mcal_data                                             in block OS_DATA_SHARED_ZERO_INIT
  section .mcal_text                                             in block OS_CODE


  Section                 Kind               Address      Size  Object
  -------                 ----               -------      ----  ------
"VECTORS__OS_EXCVEC_CORE0_CONST":                          0x0
  OS_EXCVEC_CORE0_CONST                          0x0       0x0  <Block>
    OS_EXCVEC_CORE0_CONST_START_SEC
                          uninit                 0x0       0x0  <internal module>
    OS_EXCVEC_CORE0_CONST_LIMIT_SEC
                          uninit                 0x0       0x0  <internal module>

"VECTORS__OS_INTVEC_CORE0_CONST":                        0x3c0
  OS_INTVEC_CORE0_CONST                          0x0     0x3c0  <Block>
    OS_INTVEC_CORE0_CONST_START_SEC
                          uninit                 0x0       0x0  <internal module>
    OS_INTVEC_CORE0_CONST_BLOCK
                                                 0x0     0x3c0  <Block>
      .OS_INTVEC_CORE0_CONST
                          const                  0x0     0x3c0  Os_Hal_Entry_Lcfg.o [1]
    OS_INTVEC_CORE0_CONST_LIMIT_SEC
                          uninit               0x3c0       0x0  <internal module>
                                             - 0x3c0     0x3c0

"P1":                                                     0x10
  FlashConfig             ro code              0x400      0x10  startup_S32K148.o [1]
                                             - 0x410      0x10

"PROGRAM_FLASH__OS_EXCVEC_CORE0_CODE":                     0x0
  OS_EXCVEC_CORE0_CODE                         0x500       0x0  <Block>
    OS_EXCVEC_CORE0_CODE_START_SEC
                          uninit               0x500       0x0  <internal module>
    OS_EXCVEC_CORE0_CODE_LIMIT_SEC
                          uninit               0x500       0x0  <internal module>

"PROGRAM_FLASH__OS_INTVEC_CODE":                           0x0
  OS_INTVEC_CODE                               0x500       0x0  <Block>
    OS_INTVEC_CODE_START_SEC
                          uninit               0x500       0x0  <internal module>
    OS_INTVEC_CODE_LIMIT_SEC
                          uninit               0x500       0x0  <internal module>

"PROGRAM_FLASH__OS_INTVEC_CORE0_CODE":                   0x128
  OS_INTVEC_CORE0_CODE                         0x500     0x128  <Block>
    OS_INTVEC_CORE0_CODE_START_SEC
                          uninit               0x500       0x0  <internal module>
    OS_INTVEC_CORE0_CODE_BLOCK
                                               0x500     0x128  <Block>
      .OS_INTVEC_CORE0_CODE
                          ro code              0x500     0x128  Os_Hal_EntryAsm_Lcfg.o [1]
    OS_INTVEC_CORE0_CODE_LIMIT_SEC
                          uninit               0x628       0x0  <internal module>
                                             - 0x628     0x128

"PROGRAM_FLASH__Startup_Code":                             0x0
  Startup_Code                                 0x628       0x0  <Block>
    Startup_Code_START_SEC
                          uninit               0x628       0x0  <internal module>
    Startup_Code_LIMIT_SEC
                          uninit               0x628       0x0  <internal module>

"PROGRAM_FLASH__Code_Default":                        0x1'355c
  Code_Default                                 0x628  0x1'355c  <Block>
    Code_Default_START_SEC
                          uninit               0x628       0x0  <internal module>
    DEFAULT_CODE_BLOCK                         0x628  0x1'355c  <Block>
      .text               ro code              0x628      0xa4  BrsAsrMain.o [1]
      .text               ro code              0x6cc     0x270  EcuM.o [1]
      .text               ro code              0x93c    0x1150  Can.o [1]
      .text               ro code             0x1a8c     0x5b8  ComM.o [1]
      .text               ro code             0x2044      0x88  EcuM_Callout_Stubs.o [1]
      .text               ro code             0x20cc      0x28  Det.o [1]
      .text               ro code             0x20f4     0x658  BswM.o [1]
      .text               ro code             0x274c     0x238  Rte.o [1]
      .text               ro code             0x2984     0xb50  CanIf.o [1]
      .text               ro code             0x34d4      0x28  ComM_Lcfg.o [1]
      .text               ro code             0x34fc    0x3c28  Dcm.o [1]
      .text               ro code             0x7124     0x6ec  CanSM.o [1]
      .text               ro code             0x7810    0x1584  CanTp.o [1]
      .text               ro code             0x8d94     0xee0  Com.o [1]
      .text               ro code             0x9c74     0x3b4  PduR.o [1]
      .text               ro code             0xa028    0x7582  Dem.o [1]
      .text               ro code           0x1'15aa       0x2  startup_S32K148.o [1]
      .text               ro code           0x1'15ac      0x8c  Mcu.o [1]
      .text               ro code           0x1'1638      0x28  Port.o [1]
      .text               ro code           0x1'1660     0x3a0  Spi.o [1]
      .text               ro code           0x1'1a00     0x690  BswM_Lcfg.o [1]
      .text               ro code           0x1'2090      0x40  CtLedTask.o [1]
      .text               ro code           0x1'20d0      0x50  CddSbc.o [1]
      .text               ro code           0x1'2120     0x5bc  vstdlib.o [1]
      .text               ro code           0x1'26dc      0xd8  PduR_Lcfg.o [1]
      .text               ro code           0x1'27b4       0xa  Dcm_Callout_Stubs.o [1]
      .text               ro code           0x1'27be       0x2  startup_S32K148.o [1]
      .text               ro code           0x1'27c0     0x188  PduR_RmIf.o [1]
      .text               ro code           0x1'2948     0x1bc  PduR_RmTp.o [1]
      .text               ro code           0x1'2b04      0xa6  ABImemcpy.o [4]
      .text               ro code           0x1'2baa       0x2  startup_S32K148.o [1]
      .text               ro code           0x1'2bac      0xd0  Mcu_IPW.o [1]
      .text               ro code           0x1'2c7c     0x324  Port_Port_Ci.o [1]
      .text               ro code           0x1'2fa0     0x53c  Spi_LPspi.o [1]
      .text               ro code           0x1'34dc      0x3a  BswM_Callout_Stubs.o [1]
      .text               ro code           0x1'3516       0xc  Dio.o [1]
      .text               ro code           0x1'3522       0x2  startup_S32K148.o [1]
      .text               ro code           0x1'3524      0xb0  PduR_Lock.o [1]
      .text               ro code           0x1'35d4      0xbc  Mcu_SIM.o [1]
      .text               ro code           0x1'3690      0x24  Mcu_RCM.o [1]
      .text               ro code           0x1'36b4      0x34  Mcu_PMC.o [1]
      .text               ro code           0x1'36e8      0x10  Mcu_SMC.o [1]
      .text               ro code           0x1'36f8     0x1c0  Mcu_SCG.o [1]
      .text               ro code           0x1'38b8      0x68  Mcu_PCC.o [1]
      .text               ro code           0x1'3920      0x48  Dio_Gpio.o [1]
      .text               ro code           0x1'3968      0xc4  startup.o [1]
      .text               ro code           0x1'3a2c      0x3c  startup_S32K148.o [1]
      .text               ro code           0x1'3a68      0x48  system_S32K148.o [1]
      .text               ro code           0x1'3ab0      0x22  fpinit_M.o [3]
      .text               ro code           0x1'3ad2       0x2  startup_S32K148.o [1]
      .text               ro code           0x1'3ad4      0x1e  cmain.o [4]
      .text               ro code           0x1'3af2       0x4  low_level_init.o [2]
      .text               ro code           0x1'3af6       0x4  exit.o [2]
      .text               ro code           0x1'3afa       0x2  startup_S32K148.o [1]
      .text               ro code           0x1'3afc       0xa  cexit.o [4]
      .text               ro code           0x1'3b06       0x2  startup_S32K148.o [1]
      .text               ro code           0x1'3b08      0x14  exit.o [5]
      .text               ro code           0x1'3b1c      0x10  Can_Irq.o [1]
      .text               ro code           0x1'3b2c       0x8  Dcm_Lcfg.o [1]
      .text               ro code           0x1'3b34      0x30  Os_Callout_Stubs.o [1]
      .text               ro code           0x1'3b64       0xc  Os_Core.o [1]
      .text               ro code           0x1'3b70       0x2  startup_S32K148.o [1]
      .text               ro code           0x1'3b72       0x2  startup_S32K148.o [1]
      .text               ro code           0x1'3b74       0x4  startup_S32K148.o [1]
      .text               ro code           0x1'3b78       0xc  cstartup_M.o [4]
    Code_Default_LIMIT_SEC
                          uninit            0x1'3b84       0x0  <internal module>
                                          - 0x1'3b84  0x1'355c

"PROGRAM_FLASH__OS_CODE":                             0x1'5250
  OS_CODE                                   0x1'3b84  0x1'5250  <Block>
    OS_CODE_START_SEC     uninit            0x1'3b84       0x0  <internal module>
    OS_CODE_BLOCK                           0x1'3b88  0x1'524c  <Block>
      .OS_CODE            ro code           0x1'3b88     0x182  Os_AccessCheck.o [1]
      .OS_CODE            ro code           0x1'3d0c     0x6ba  Os_Error.o [1]
      .OS_CODE            ro code           0x1'43c8    0x1a68  Os_Task.o [1]
      .OS_CODE            ro code           0x1'5e30    0x16d6  Os_Isr.o [1]
      .OS_CODE            ro code           0x1'7508     0x834  Os_Thread.o [1]
      .OS_CODE            ro code           0x1'7d3c    0x1390  Os_Application.o [1]
      .OS_CODE            ro code           0x1'90cc    0x1022  Os_Core.o [1]
      .OS_CODE            ro code           0x1'a0f0    0x125e  Os_Hook.o [1]
      .OS_CODE            ro code           0x1'b350      0x84  Os_Hal_Core.o [1]
      .OS_CODE            ro code           0x1'b3d4     0x5c4  Os_XSignal.o [1]
      .OS_CODE            ro code           0x1'b998     0x350  Os_TimingProtection.o [1]
      .OS_CODE            ro code           0x1'bce8     0xb76  Os_Interrupt.o [1]
      .OS_CODE            ro code           0x1'c860    0x1e3a  Os_Trap.o [1]
      .OS_CODE            ro code           0x1'e69c    0x1142  Os_Spinlock.o [1]
      .OS_CODE            ro code           0x1'f7e0    0x11c0  Os_Resource.o [1]
      .OS_CODE            ro code           0x2'09a0     0xd1e  Os_ServiceFunction.o [1]
      .OS_CODE            ro code           0x2'16c0     0x176  Os_Hal_Context_v7m.o [1]
      .OS_CODE            ro code           0x2'1838     0x730  Os_Scheduler.o [1]
      .OS_CODE            ro code           0x2'1f68    0x12d4  Os_Counter.o [1]
      .OS_CODE            ro code           0x2'323c     0x984  Os_Alarm.o [1]
      .OS_CODE            ro code           0x2'3bc0     0xfc8  Os_ScheduleTable.o [1]
      .OS_CODE            ro code           0x2'4b88    0x1740  Os_Ioc.o [1]
      .OS_CODE            ro code           0x2'62c8     0x856  Os_Stack.o [1]
      .OS_CODE            ro code           0x2'6b20     0x36c  Os_Barrier.o [1]
      .OS_CODE            ro code           0x2'6e8c    0x1324  Os_Event.o [1]
      .OS_CODE            ro code           0x2'81b0     0x2b6  Os_Peripheral.o [1]
      .OS_CODE            ro code           0x2'8468      0x12  Os_Hal_Compiler_Iar.o [1]
      .OS_CODE            ro code           0x2'847c     0x1d8  Os_Hal_ContextAsm.o [1]
      .OS_CODE            ro code           0x2'8654     0x282  Os_PriorityQueue.o [1]
      .OS_CODE            ro code           0x2'88d8     0x390  Os_Timer.o [1]
      .OS_CODE            ro code           0x2'8c68       0x0  Os_Hal_EntryAsm_Lcfg.o [1]
      .OS_CODE            ro code           0x2'8c68     0x16c  Os_MemoryProtection.o [1]
    OS_CODE_LIMIT_SEC     uninit            0x2'8dd4       0x0  <internal module>
                                          - 0x2'8dd4  0x1'5250

"PROGRAM_FLASH__OS_CONST":                               0x910
  OS_CONST                                  0x2'8dd4     0x910  <Block>
    OS_CONST_START_SEC    uninit            0x2'8dd4       0x0  <internal module>
    OS_CONST_BLOCK                          0x2'8dd8      0xf9  <Block>
      .OS_CONST           const             0x2'8dd8       0x8  Os_AccessCheck_Lcfg.o [1]
      .OS_CONST           const             0x2'8de0      0x18  Os_Alarm_Lcfg.o [1]
      .OS_CONST           const             0x2'8df8       0x8  Os_Application_Lcfg.o [1]
      .OS_CONST           const             0x2'8e00       0x4  Os_Barrier_Lcfg.o [1]
      .OS_CONST           const             0x2'8e04       0x4  Os_Core_Lcfg.o [1]
      .OS_CONST           const             0x2'8e08       0x8  Os_Core_Lcfg.o [1]
      .OS_CONST           const             0x2'8e10      0x28  Os_Core_Lcfg.o [1]
      .OS_CONST           const             0x2'8e38       0x8  Os_Counter_Lcfg.o [1]
      .OS_CONST           const             0x2'8e40       0x8  Os_Error_Lcfg.o [1]
      .OS_CONST           const             0x2'8e48       0x8  Os_Error_Lcfg.o [1]
      .OS_CONST           const             0x2'8e50       0x8  Os_Hal_Context_Lcfg.o [1]
      .OS_CONST           const             0x2'8e58       0x4  Os_Hal_Core_Lcfg.o [1]
      .OS_CONST           const             0x2'8e5c       0x4  Os_Hal_Core_Lcfg.o [1]
      .OS_CONST           const             0x2'8e60      0x10  Os_Hal_Core_Lcfg.o [1]
      .OS_CONST           const             0x2'8e70       0x8  Os_Hal_Kernel_Lcfg.o [1]
      .OS_CONST           const             0x2'8e78       0x8  Os_Hal_Kernel_Lcfg.o [1]
      .OS_CONST           const             0x2'8e80       0x8  Os_Hal_Kernel_Lcfg.o [1]
      .OS_CONST           const             0x2'8e88      0x14  Os_Isr_Lcfg.o [1]
      .OS_CONST           const             0x2'8e9c       0x4  Os_Peripheral_Lcfg.o [1]
      .OS_CONST           const             0x2'8ea0       0x8  Os_Resource_Lcfg.o [1]
      .OS_CONST           const             0x2'8ea8       0x4  Os_ScheduleTable_Lcfg.o [1]
      .OS_CONST           const             0x2'8eac       0x4  Os_ServiceFunction_Lcfg.o [1]
      .OS_CONST           const             0x2'8eb0       0x4  Os_ServiceFunction_Lcfg.o [1]
      .OS_CONST           const             0x2'8eb4       0x4  Os_ServiceFunction_Lcfg.o [1]
      .OS_CONST           const             0x2'8eb8       0x4  Os_Spinlock_Lcfg.o [1]
      .OS_CONST           const             0x2'8ebc      0x14  Os_Task_Lcfg.o [1]
      .OS_CONST           const             0x2'8ed0       0x1  Os_XSignal_Lcfg.o [1]
    OS_CORE0_CONST_BLOCK                    0x2'8ed8     0x80c  <Block>
      .OS_CORE0_CONST     const             0x2'8ed8      0x30  Os_Alarm_Lcfg.o [1]
      .OS_CORE0_CONST     const             0x2'8f08      0x30  Os_Alarm_Lcfg.o [1]
      .OS_CORE0_CONST     const             0x2'8f38      0x30  Os_Alarm_Lcfg.o [1]
      .OS_CORE0_CONST     const             0x2'8f68      0x30  Os_Alarm_Lcfg.o [1]
      .OS_CORE0_CONST     const             0x2'8f98      0x30  Os_Alarm_Lcfg.o [1]
[...]
Request_ESH_PostRunRequest_0_requestedMode
                        0x1fff'bbdf    0x1  Data  Lc  BswM_Lcfg.o [1]
Request_ESH_PostRunRequest_1_requestedMode
                        0x1fff'bbe0    0x1  Data  Lc  BswM_Lcfg.o [1]
Request_ESH_RunRequest_0_requestedMode
                        0x1fff'bbdd    0x1  Data  Lc  BswM_Lcfg.o [1]
Request_ESH_RunRequest_1_requestedMode
                        0x1fff'bbde    0x1  Data  Lc  BswM_Lcfg.o [1]
Reset_Handler              0x1'3a2d         Code  Wk  startup_S32K148.o [1]
ResumeAllInterrupts        0x1'da77   0x2e  Code  Gb  Os_Trap.o [1]
ResumeOSInterrupts         0x1'dad3   0x2e  Code  Gb  Os_Trap.o [1]
Rte_AckFlags            0x1fff'bb38    0x4  Data  Gb  Rte.o [1]
Rte_Call_Dcm_DataServices_Diag_RWDI_LightOnOffCounter_LightOnOffCounter_Value_ConditionCheckRead
                             0x2827    0x8  Code  Gb  Rte.o [1]
Rte_Call_Dcm_DataServices_Diag_RWDI_LightOnOffCounter_LightOnOffCounter_Value_ReadData
                             0x282f    0x8  Code  Gb  Rte.o [1]
Rte_Call_Dcm_DataServices_Diag_RWDI_LightOnOffCounter_LightOnOffCounter_Value_WriteData
                             0x2837    0x8  Code  Gb  Rte.o [1]
Rte_Call_Dcm_SecurityAccess_Level_01_CompareKey
                             0x283f    0x8  Code  Gb  Rte.o [1]
Rte_Call_Dcm_SecurityAccess_Level_01_GetSeed
                             0x2847    0x8  Code  Gb  Rte.o [1]
Rte_Call_DemMaster_0_CBReadData_OccurrenceCounter_OccurenceCounter_ReadData
                             0x284f    0x8  Code  Gb  Rte.o [1]
Rte_Call_DemMaster_0_CBReadData_OdometerValue_OdometerValue_ReadData
                             0x2857    0x8  Code  Gb  Rte.o [1]
Rte_InitMemory               0x27d9    0x2  Code  Gb  Rte.o [1]
Rte_MemClr                   0x274d   0x10  Code  Gb  Rte.o [1]
Rte_ModeMachine_BswM_Switch_ESH_ModeSwitch_BswM_MDGP_ESH_Mode
                        0x1fff'bc0a    0x1  Data  Gb  Rte.o [1]
Rte_Mode_BswM_Notification_ESH_ModeNotification_BswM_MDGP_ESH_Mode
                             0x2897    0x8  Code  Gb  Rte.o [1]
Rte_Read_BswM_Request_ESH_PostRunRequest_0_requestedMode
                             0x2807    0x8  Code  Gb  Rte.o [1]
Rte_Read_BswM_Request_ESH_PostRunRequest_1_requestedMode
                             0x280f    0x8  Code  Gb  Rte.o [1]
Rte_Read_BswM_Request_ESH_RunRequest_0_requestedMode
                             0x2817    0x8  Code  Gb  Rte.o [1]
Rte_Read_BswM_Request_ESH_RunRequest_1_requestedMode
                             0x281f    0x8  Code  Gb  Rte.o [1]
Rte_Start                    0x2785   0x3e  Code  Gb  Rte.o [1]
Rte_SwitchAck_Dcm_DcmEcuReset_DcmEcuReset
                             0x28a9    0x4  Code  Gb  Rte.o [1]
Rte_Switch_BswM_Switch_ESH_ModeSwitch_BswM_MDGP_ESH_Mode
                             0x285f   0x38  Code  Gb  Rte.o [1]
Rte_Switch_Dcm_DcmControlDtcSetting_DcmControlDtcSetting
                             0x28ad    0x8  Code  Gb  Rte.o [1]
Rte_Switch_Dcm_DcmDiagnosticSessionControl_DcmDiagnosticSessionControl
                             0x28b5    0x8  Code  Gb  Rte.o [1]
Rte_Switch_Dcm_DcmEcuReset_DcmEcuReset
                             0x28bd    0x8  Code  Gb  Rte.o [1]
Rte_Write_CtLedTask_Brake_Signal_u8Sig
                             0x27db   0x16  Code  Gb  Rte.o [1]
Rte_Write_CtLedTask_Drive_Standy_u8Sig
                             0x27f1   0x16  Code  Gb  Rte.o [1]
SCG_ClockConfigPB0_0       0x2'9ec8   0x20  Data  Lc  Mcu_PBcfg.o [1]
SIM_ClockConfigPB0_0       0x2'9e5c    0xc  Data  Lc  Mcu_PBcfg.o [1]
SIM_ConfigPB0              0x2'a00c   0x1c  Data  Lc  Mcu_PBcfg.o [1]
SIRC_ClockConfigPB0_0      0x2'9e80   0x18  Data  Lc  Mcu_PBcfg.o [1]
SMC_ConfigPB0              0x2'a02c    0x4  Data  Lc  Mcu_PBcfg.o [1]
SOSC_ClockConfigPB0_0      0x2'9e68   0x18  Data  Lc  Mcu_PBcfg.o [1]
SPLL_ClockConfigPB0_0      0x2'9eb0   0x18  Data  Lc  Mcu_PBcfg.o [1]
Sbc_Test_Runnable          0x1'20d1   0x50  Code  Gb  CddSbc.o [1]
Sbc_Test_Runnable::sbcReadData
                        0x1fff'b81c    0x4  Data  Lc  CddSbc.o [1]
SchM_Deinit                  0x27c3   0x16  Code  Gb  Rte.o [1]
SchM_Enter_CanIf_CANIF_EXCLUSIVE_AREA_0
                              0x68f   0x18  Code  Gb  BrsAsrMain.o [1]
SchM_Enter_CanSM_CANSM_EXCLUSIVE_AREA_1
                              0x6c5    0x2  Code  Gb  BrsAsrMain.o [1]
SchM_Enter_Can_CAN_EXCLUSIVE_AREA_6
                              0x65f   0x18  Code  Gb  BrsAsrMain.o [1]
SchM_Enter_ComM_COMM_EXCLUSIVE_AREA_1
                              0x6c9    0x2  Code  Gb  BrsAsrMain.o [1]
SchM_Exit_CanIf_CANIF_EXCLUSIVE_AREA_0
                              0x6a7   0x18  Code  Gb  BrsAsrMain.o [1]
SchM_Exit_CanSM_CANSM_EXCLUSIVE_AREA_1
                              0x6c7    0x2  Code  Gb  BrsAsrMain.o [1]
SchM_Exit_Can_CAN_EXCLUSIVE_AREA_6
                              0x677   0x18  Code  Gb  BrsAsrMain.o [1]
SchM_Exit_ComM_COMM_EXCLUSIVE_AREA_1
                              0x6cb    0x2  Code  Gb  BrsAsrMain.o [1]
SchM_Init                    0x275d   0x28  Code  Gb  Rte.o [1]
SetRelAlarm                0x1'ddd9   0x5e  Code  Gb  Os_Trap.o [1]
ShutdownOS                 0x1'da11   0x38  Code  Gb  Os_Trap.o [1]
SpiAttributesConfig_PB0
                           0x2'a3a8    0x8  Data  Lc  Spi_PBcfg.o [1]
SpiChannelConfig_PB0       0x2'a344    0xc  Data  Lc  Spi_PBcfg.o [1]
SpiJobConfig_PB0           0x2'a350   0x30  Data  Lc  Spi_PBcfg.o [1]
SpiJob_0_ChannelAssignment_PB
                           0x2'a40a    0x1  Data  Lc  Spi_PBcfg.o [1]
SpiSequenceConfig_PB0      0x2'a380   0x10  Data  Lc  Spi_PBcfg.o [1]
SpiSequence_0_SBC_JobAssignment_PB
                           0x2'a3fe    0x2  Data  Lc  Spi_PBcfg.o [1]
Spi_Init                   0x1'1661   0xf2  Code  Gb  Spi.o [1]
Spi_LPspi_DeInit           0x1'307b   0x32  Code  Gb  Spi_LPspi.o [1]
Spi_LPspi_Init             0x1'2fa1   0xda  Code  Gb  Spi_LPspi.o [1]
Spi_LPspi_SyncTransmit     0x1'30ad  0x118  Code  Gb  Spi_LPspi.o [1]
Spi_LPspi_SyncTransmitJob
                           0x1'31c5  0x176  Code  Lc  Spi_LPspi.o [1]
Spi_LPspi_SyncTransmitRX
                           0x1'33a9  0x112  Code  Lc  Spi_LPspi.o [1]
Spi_LPspi_SyncTransmitState
                        0x1fff'bb4c   0x2c  Data  Lc  Spi_LPspi.o [1]
Spi_LPspi_SyncTransmitTX
                           0x1'333b   0x6e  Code  Lc  Spi_LPspi.o [1]
Spi_LPspi_aDeviceState  0x1fff'bb7c   0x38  Data  Gb  Spi_LPspi.o [1]
Spi_LPspi_au32BaseAddrs
                           0x2'a310   0x34  Data  Gb  Spi_LPspi.o [1]
Spi_LPspi_u32ReadDiscard
                        0x1fff'bb78    0x4  Data  Lc  Spi_LPspi.o [1]
Spi_PBCfgVariantPredefined
                           0x2'a3b8   0x1c  Data  Gb  Spi_PBcfg.o [1]
Spi_SetupEB                0x1'1753  0x106  Code  Gb  Spi.o [1]
Spi_SyncTransmit           0x1'1859  0x188  Code  Gb  Spi.o [1]
Spi_aSpiChannelState    0x1fff'bb40    0x4  Data  Gb  Spi.o [1]
Spi_aSpiHWUnitQueueArray
                        0x1fff'bc0b    0x1  Data  Lc  Spi.o [1]
Spi_aSpiJobState        0x1fff'bc0d    0x1  Data  Gb  Spi.o [1]
Spi_aSpiSequenceState   0x1fff'bc0c    0x1  Data  Gb  Spi.o [1]
Spi_au32SpiSeqUsedHWUnits
                        0x1fff'bb44    0x4  Data  Lc  Spi.o [1]
Spi_pcSpiConfigPtr      0x1fff'bb3c    0x4  Data  Gb  Spi.o [1]
Spi_u32SpiBusySyncHWUnitsStatus
                        0x1fff'bb48    0x4  Data  Lc  Spi.o [1]
StartOS                    0x1'da07    0xa  Code  Gb  Os_Trap.o [1]
Startup_Code$$Base            0x628          --   Gb  - Linker created -
Startup_Code$$Limit           0x628          --   Gb  - Linker created -
Startup_Stack$$Base     0x1fff'a800          --   Gb  - Linker created -
Startup_Stack$$Limit    0x1fff'b000          --   Gb  - Linker created -
SuspendAllInterrupts       0x1'da49   0x2e  Code  Gb  Os_Trap.o [1]
SuspendOSInterrupts        0x1'daa5   0x2e  Code  Gb  Os_Trap.o [1]
SystemInit                 0x1'3a69   0x2e  Code  Gb  system_S32K148.o [1]
TerminateTask              0x1'dba3   0x3c  Code  Gb  Os_Trap.o [1]
VStdLib_Loc_MemCpy_32_Aligned
                           0x1'2351   0x84  Code  Lc  vstdlib.o [1]
VStdLib_Loc_MemCpy_32_Unaligned
                           0x1'2419  0x204  Code  Lc  vstdlib.o [1]
VStdLib_Loc_MemCpy_8_3     0x1'2255   0x1c  Code  Lc  vstdlib.o [1]
VStdLib_Loc_MemCpy_8_31
                           0x1'2271   0xe0  Code  Lc  vstdlib.o [1]
VStdLib_Loc_MemCpy_8_PartialWord
                           0x1'23d5   0x44  Code  Lc  vstdlib.o [1]
VStdLib_Loc_MemSet_32_Aligned
                           0x1'21d9   0x7c  Code  Lc  vstdlib.o [1]
VStdLib_Loc_MemSet_8_3     0x1'2121   0x16  Code  Lc  vstdlib.o [1]
VStdLib_Loc_MemSet_8_31
                           0x1'2137   0xa2  Code  Lc  vstdlib.o [1]
VStdLib_MemCpy             0x1'2667   0x5e  Code  Gb  vstdlib.o [1]
VStdLib_MemCpy_s           0x1'26c5   0x18  Code  Gb  vstdlib.o [1]
VStdLib_MemSet             0x1'261d   0x4a  Code  Gb  vstdlib.o [1]
WaitEvent                  0x1'dc97   0x4c  Code  Gb  Os_Trap.o [1]
_Code_Default_LIMIT        0x1'3b84         Data  Gb  <internal module>
_Code_Default_START           0x628         Data  Gb  <internal module>
_Const_Default_LIMIT       0x2'a810         Data  Gb  <internal module>
_Const_Default_START       0x2'96e4         Data  Gb  <internal module>
_Data_Default_INIT_LIMIT
                        0x1fff'bc10         Data  Gb  <internal module>
_Data_Default_INIT_START
                        0x1fff'bc10         Data  Gb  <internal module>
_Data_Default_LIMIT     0x1fff'bc0e         Data  Gb  <internal module>
_Data_Default_START     0x1fff'b6fc         Data  Gb  <internal module>
_Data_Default_VAR_ALL_LIMIT
                        0x1fff'bc10         Data  Gb  <internal module>
_Data_Default_VAR_ALL_START
                        0x1fff'b6fc         Data  Gb  <internal module>
_Heap_Default_LIMIT     0x1fff'bc10         Data  Gb  <internal module>
_Heap_Default_START     0x1fff'bc10         Data  Gb  <internal module>
_Heap_Default_VAR_ALL_LIMIT
                        0x1fff'bc10         Data  Gb  <internal module>
_Heap_Default_VAR_ALL_START
                        0x1fff'bc10         Data  Gb  <internal module>
_OS_CODE_LIMIT             0x2'8dd4         Data  Gb  <internal module>
_OS_CODE_START             0x1'3b84         Data  Gb  <internal module>
_OS_CONST_LIMIT            0x2'96e4         Data  Gb  <internal module>
_OS_CONST_START            0x2'8dd4         Data  Gb  <internal module>
_OS_DATA_CORE0_NOINIT_LIMIT
                        0x1fff'b6d9         Data  Gb  <internal module>
_OS_DATA_CORE0_NOINIT_START
                        0x1fff'b000         Data  Gb  <internal module>
_OS_DATA_CORE0_VAR_ALL_LIMIT
                        0x1fff'b6d9         Data  Gb  <internal module>
_OS_DATA_CORE0_VAR_ALL_START
                        0x1fff'b000         Data  Gb  <internal module>
_OS_DATA_SHARED_INIT_LIMIT
                        0x1fff'b6fc         Data  Gb  <internal module>
_OS_DATA_SHARED_INIT_START
                        0x1fff'b6fc         Data  Gb  <internal module>
_OS_DATA_SHARED_NOINIT_LIMIT
                        0x1fff'b6fc         Data  Gb  <internal module>
_OS_DATA_SHARED_NOINIT_START
                        0x1fff'b6dc         Data  Gb  <internal module>
_OS_DATA_SHARED_VAR_ALL_LIMIT
                        0x1fff'b6fc         Data  Gb  <internal module>
_OS_DATA_SHARED_VAR_ALL_START
                        0x1fff'b6dc         Data  Gb  <internal module>
_OS_DATA_SHARED_ZERO_INIT_LIMIT
                        0x1fff'b6fc         Data  Gb  <internal module>
_OS_DATA_SHARED_ZERO_INIT_START
                        0x1fff'b6fc         Data  Gb  <internal module>
_OS_EXCVEC_CORE0_CODE_LIMIT
                              0x500         Data  Gb  <internal module>
_OS_EXCVEC_CORE0_CODE_START
                              0x500         Data  Gb  <internal module>
_OS_EXCVEC_CORE0_CONST_LIMIT
                                0x0         Data  Gb  <internal module>
_OS_EXCVEC_CORE0_CONST_START
                                0x0         Data  Gb  <internal module>
_OS_INTVEC_CODE_LIMIT         0x500         Data  Gb  <internal module>
_OS_INTVEC_CODE_START         0x500         Data  Gb  <internal module>
_OS_INTVEC_CORE0_CODE_LIMIT
                              0x628         Data  Gb  <internal module>
_OS_INTVEC_CORE0_CODE_START
                              0x500         Data  Gb  <internal module>
_OS_INTVEC_CORE0_CONST_LIMIT
                              0x3c0         Data  Gb  <internal module>
_OS_INTVEC_CORE0_CONST_START
                                0x0         Data  Gb  <internal module>
_OS_STACKS_CORE0_NOINIT_LIMIT
                        0x1fff'a800         Data  Gb  <internal module>
_OS_STACKS_CORE0_NOINIT_START
                        0x1fff'8000         Data  Gb  <internal module>
_OS_STACKS_CORE0_VAR_ALL_LIMIT
                        0x1fff'a800         Data  Gb  <internal module>
_OS_STACKS_CORE0_VAR_ALL_START
                        0x1fff'8000         Data  Gb  <internal module>
_OS_SystemApplication_OsCore0_NOINIT_LIMIT
                        0x1fff'a800         Data  Gb  <internal module>
_OS_SystemApplication_OsCore0_NOINIT_START
                        0x1fff'a800         Data  Gb  <internal module>
_OS_SystemApplication_OsCore0_VAR_ALL_LIMIT
                        0x1fff'a800         Data  Gb  <internal module>
_OS_SystemApplication_OsCore0_VAR_ALL_START
                        0x1fff'a800         Data  Gb  <internal module>
_Startup_Code_LIMIT           0x628         Data  Gb  <internal module>
_Startup_Code_START           0x628         Data  Gb  <internal module>
_Startup_Stack_LIMIT    0x1fff'b000         Data  Gb  <internal module>
_Startup_Stack_START    0x1fff'a800         Data  Gb  <internal module>
_Startup_Stack_VAR_ALL_LIMIT
                        0x1fff'b000         Data  Gb  <internal module>
_Startup_Stack_VAR_ALL_START
                        0x1fff'a800         Data  Gb  <internal module>
__CODE_RAM$$Base                0x0          --   Gb  - Linker created -
__CODE_ROM$$Base                0x0          --   Gb  - Linker created -
__CODE_ROM$$Limit               0x0          --   Gb  - Linker created -
__Code_Default_LIMIT       0x1'3b84         Data  Gb  <internal module>
__Code_Default_START          0x628         Data  Gb  <internal module>
__Const_Default_LIMIT      0x2'a810         Data  Gb  <internal module>
__Const_Default_START      0x2'96e4         Data  Gb  <internal module>
__Data_Default_INIT_LIMIT
                        0x1fff'bc10         Data  Gb  <internal module>
__Data_Default_INIT_START
                        0x1fff'bc10         Data  Gb  <internal module>
__Data_Default_LIMIT    0x1fff'bc0e         Data  Gb  <internal module>
__Data_Default_START    0x1fff'b6fc         Data  Gb  <internal module>
__Heap_Default_LIMIT    0x1fff'bc10         Data  Gb  <internal module>
__Heap_Default_START    0x1fff'bc10         Data  Gb  <internal module>
__OS_CODE_LIMIT            0x2'8dd4         Data  Gb  <internal module>
__OS_CODE_START            0x1'3b84         Data  Gb  <internal module>
__OS_CONST_LIMIT           0x2'96e4         Data  Gb  <internal module>
__OS_CONST_START           0x2'8dd4         Data  Gb  <internal module>
__OS_DATA_CORE0_NOINIT_LIMIT
                        0x1fff'b6d9         Data  Gb  <internal module>
__OS_DATA_CORE0_NOINIT_START
                        0x1fff'b000         Data  Gb  <internal module>
__OS_DATA_SHARED_INIT_LIMIT
                        0x1fff'b6fc         Data  Gb  <internal module>
__OS_DATA_SHARED_INIT_START
                        0x1fff'b6fc         Data  Gb  <internal module>
__OS_DATA_SHARED_NOINIT_LIMIT
                        0x1fff'b6fc         Data  Gb  <internal module>
__OS_DATA_SHARED_NOINIT_START
                        0x1fff'b6dc         Data  Gb  <internal module>
__OS_DATA_SHARED_ZERO_INIT_LIMIT
                        0x1fff'b6fc         Data  Gb  <internal module>
__OS_DATA_SHARED_ZERO_INIT_START
                        0x1fff'b6fc         Data  Gb  <internal module>
__OS_EXCVEC_CORE0_CODE_LIMIT
                              0x500         Data  Gb  <internal module>
__OS_EXCVEC_CORE0_CODE_START
                              0x500         Data  Gb  <internal module>
__OS_EXCVEC_CORE0_CONST_LIMIT
                                0x0         Data  Gb  <internal module>
__OS_EXCVEC_CORE0_CONST_START
                                0x0         Data  Gb  <internal module>
__OS_INTVEC_CODE_LIMIT        0x500         Data  Gb  <internal module>
__OS_INTVEC_CODE_START        0x500         Data  Gb  <internal module>
__OS_INTVEC_CORE0_CODE_LIMIT
                              0x628         Data  Gb  <internal module>
__OS_INTVEC_CORE0_CODE_START
                              0x500         Data  Gb  <internal module>
__OS_INTVEC_CORE0_CONST_LIMIT
                              0x3c0         Data  Gb  <internal module>
__OS_INTVEC_CORE0_CONST_START
                                0x0         Data  Gb  <internal module>
__OS_STACKS_CORE0_NOINIT_LIMIT
                        0x1fff'a800         Data  Gb  <internal module>
__OS_STACKS_CORE0_NOINIT_START
                        0x1fff'8000         Data  Gb  <internal module>
__OS_SystemApplication_OsCore0_NOINIT_LIMIT
                        0x1fff'a800         Data  Gb  <internal module>
__OS_SystemApplication_OsCore0_NOINIT_START
                        0x1fff'a800         Data  Gb  <internal module>
__RAM_VECTOR_TABLE_SIZE {Abs}
                              0x400         Data  Gb  <internal module>
__Startup_Code_LIMIT          0x628         Data  Gb  <internal module>
__Startup_Code_START          0x628         Data  Gb  <internal module>
__Startup_Stack_LIMIT   0x1fff'b000         Data  Gb  <internal module>
__Startup_Stack_START   0x1fff'a800         Data  Gb  <internal module>
__VECTOR_RAM {Abs}      0x1fff'8000         Data  Gb  <internal module>
__VECTOR_TABLE {Abs}            0x0         Data  Gb  <internal module>
__Vectors                  0x2'a410          --   Gb  startup_S32K148.o [1]
__Vectors_End              0x2'a810         Data  Gb  startup_S32K148.o [1]
__Vectors_Size {Abs}          0x400          --   Gb  startup_S32K148.o [1]
__aeabi_memcpy             0x1'2b05         Code  Gb  ABImemcpy.o [4]
__aeabi_memcpy4            0x1'2b25         Code  Gb  ABImemcpy.o [4]
__aeabi_memcpy8            0x1'2b25         Code  Gb  ABImemcpy.o [4]
__cmain                    0x1'3ad5         Code  Gb  cmain.o [4]
__exit                     0x1'3b09   0x14  Code  Gb  exit.o [5]
__iar_init_vfp             0x1'3ab1         Code  Gb  fpinit_M.o [3]
__iar_program_start        0x1'3b79         Code  Gb  cstartup_M.o [4]
__low_level_init           0x1'3af3    0x4  Code  Gb  low_level_init.o [2]
__vector_table             0x2'a410         Data  Gb  startup_S32K148.o [1]
__vector_table_0x1c        0x2'a42c         Data  Gb  startup_S32K148.o [1]
_call_main                 0x1'3ae1         Code  Gb  cmain.o [4]
_exit                      0x1'3afd         Code  Gb  cexit.o [4]
_main                      0x1'3aef         Code  Gb  cmain.o [4]
a                       0x1fff'b818    0x4  Data  Gb  CddSbc.o [1]
canConfigInitFlag       0x1fff'bbeb    0x1  Data  Lc  Can.o [1]
canRxTaskActive         0x1fff'bbea    0x1  Data  Lc  Can.o [1]
detModuleInit           0x1fff'bc01    0x1  Data  Lc  Det.o [1]
exit                       0x1'3af7    0x4  Code  Gb  exit.o [2]
init_data_bss              0x1'3969   0xc4  Code  Gb  startup.o [1]
main                          0x64d   0x12  Code  Gb  BrsAsrMain.o [1]
result                  0x1fff'bbef    0x1  Data  Lc  CddSbc.o [1]


[1] = D:\Vehicle-Embedded-System\VCU CAN\S32K144_Start_new_IAR\Debug\Obj
[2] = dl7M_tln.a
[3] = m7M_tls.a
[4] = rt7M_tl.a
[5] = shb_l.a

  167'136 bytes of readonly  code memory
    6'632 bytes of readonly  data memory
   15'359 bytes of readwrite data memory

Errors: none
Warnings: none
