2026-07-14 - 16:50:21
Workflow 'Update workflow.' started.
              Using DaVinci Configurator  5.18.37 SP1 (x86_64).
 16:50:21 - Action 'Validate workflow environment' started.
 16:50:21 - Action 'Validate dpa file' started.
 16:50:22 - Action 'Validate dpa file' successfully finished.
 16:50:22 - Action 'SLP conformance check' started.
 16:50:22 - Action 'SLP conformance check' successfully finished.
 16:50:22 - Action 'Validate workflow environment' successfully finished.
 16:50:22 - Action 'Create copy of the Project' started.
              Copy project 'D:\Vehicle-Embedded-System\VCU\CBD1800257_D01_S32K1xx\Applications\S32K144_Start_new_IAR' to 'C:\Users\32032\AppData\Local\Temp\DaVinci\Cfg-7594298\Workflow\1784019022390-0'...
              Adjusting DPA file of copied project...
 16:50:22 - Action 'Create copy of the Project' successfully finished.
 16:50:22 - Action 'Close Project' started.
 16:50:23 - Action 'Close Project' successfully finished.
 16:50:28 - Action 'Prepare DaVinci Developer update data' started.
 16:50:28 - Action 'Prepare DaVinci Developer update data' successfully finished.
 16:50:28 - Action 'Prepare System Extract' started.
 16:50:28 - Action 'Preprocessing System Extract' started.
 16:50:28 - Action 'Preprocessing System Extract' successfully finished.
 16:50:28 - Action 'Create OEM Communication Extract' started.
 16:50:28 - Action 'Create OEM Communication Extract' successfully finished.
 16:50:28 - Action 'Prepare System Extract' successfully finished.
 16:50:28 - Action 'Updating the project' started.
 16:50:30 - Action 'Create ECU configuration' started.
              [Warning] COM52013: No transmission mode declared for the ISignalIPdu.
                          Extract Path: /PDU/VCUHV_Send_oCAN00
                          Ecuc    Path: /Com/ComConfig/VCUHV_Send_oCAN00_b4e3e134_Tx/ComTxIPdu.
 16:50:33 - Action 'Create ECU configuration' successfully finished with warnings.
                 [Warning] COM52013: No transmission mode declared for the ISignalIPdu.
                     Extract Path: /PDU/VCUHV_Send_oCAN00
                     Ecuc    Path: /Com/ComConfig/VCUHV_Send_oCAN00_b4e3e134_Tx/ComTxIPdu.
 16:50:33 - Action 'Update ECU configuration' started.
 16:50:33 - Action 'Update ECU configuration' started.
 16:50:37 - Action 'Update ECU configuration' successfully finished.
 16:50:37 - Action 'Update ECU configuration' successfully finished.
 16:50:37 - Action 'Updating the project' finished.
 16:50:37 - Action 'Adapt project file' started.
 16:50:37 - Action 'Adapt project file' successfully finished.
 16:50:37 - Action 'Generate update report' started.
 16:50:43 - Action 'Generate update report' successfully finished.
 16:50:43 - Action 'Execute Solving Actions' started.
              Executing Auto-Solving-Actions...
              Auto-Solving-Actions done.
              Executing update specific Preferred-Solving-Actions...
              Update specific Preferred-Solving-Actions done.
 16:50:45 - Action 'Execute Solving Actions' successfully finished.
 16:50:45 - Action 'Update DaVinci Developer Workspace' started.
              14 Jul 2026 16:50:53 - Opening workspace 'C:\Users\32032\AppData\Local\Temp\DaVinci\Cfg-7594298\Workflow\1784019022390-0\Config\Developer\S32K144_Start.dcf'...
              14 Jul 2026 16:50:57 - Loading file PlatformTypes_AR4.arxml (C:\Users\32032\AppData\Local\Temp\DaVinci\Cfg-7594298\Workflow\1784019022390-0\Config\AUTOSAR\PlatformTypes_AR4.arxml).
              14 Jul 2026 16:50:57 - Loading file BswM_swc.arxml (C:\Users\32032\AppData\Local\Temp\DaVinci\Cfg-7594298\Workflow\1784019022390-0\Config\ServiceComponents\BswM_swc.arxml).
              14 Jul 2026 16:50:57 - Loading file ComM_swc.arxml (C:\Users\32032\AppData\Local\Temp\DaVinci\Cfg-7594298\Workflow\1784019022390-0\Config\ServiceComponents\ComM_swc.arxml).
              14 Jul 2026 16:50:57 - Loading file Dcm_swc.arxml (C:\Users\32032\AppData\Local\Temp\DaVinci\Cfg-7594298\Workflow\1784019022390-0\Config\ServiceComponents\Dcm_swc.arxml).
              14 Jul 2026 16:50:57 - Loading file Dem_swc.arxml (C:\Users\32032\AppData\Local\Temp\DaVinci\Cfg-7594298\Workflow\1784019022390-0\Config\ServiceComponents\Dem_swc.arxml).
              14 Jul 2026 16:50:57 - Loading file Det_swc.arxml (C:\Users\32032\AppData\Local\Temp\DaVinci\Cfg-7594298\Workflow\1784019022390-0\Config\ServiceComponents\Det_swc.arxml).
              14 Jul 2026 16:50:57 - Loading file EcuM_swc.arxml (C:\Users\32032\AppData\Local\Temp\DaVinci\Cfg-7594298\Workflow\1784019022390-0\Config\ServiceComponents\EcuM_swc.arxml).
              14 Jul 2026 16:50:57 - Loading file Os_swc.arxml (C:\Users\32032\AppData\Local\Temp\DaVinci\Cfg-7594298\Workflow\1784019022390-0\Config\ServiceComponents\Os_swc.arxml).
              14 Jul 2026 16:50:57 - Loading file Communication.arxml (C:\Users\32032\AppData\Local\Temp\DaVinci\Cfg-7594298\Workflow\1784019022390-0\Update\DevData\Communication.arxml).
              14 Jul 2026 16:50:57 - Loading file CddSbc.arxml (C:\Users\32032\AppData\Local\Temp\DaVinci\Cfg-7594298\Workflow\1784019022390-0\Config\Developer\CddSbc.arxml).
              14 Jul 2026 16:50:57 - Loading file CtLedTask.arxml (C:\Users\32032\AppData\Local\Temp\DaVinci\Cfg-7594298\Workflow\1784019022390-0\Config\Developer\CtLedTask.arxml).
              14 Jul 2026 16:50:57 - Loading file DataTypes.arxml (C:\Users\32032\AppData\Local\Temp\DaVinci\Cfg-7594298\Workflow\1784019022390-0\Config\Developer\DataTypes.arxml).
              14 Jul 2026 16:50:57 - Loading file Packages.arxml (C:\Users\32032\AppData\Local\Temp\DaVinci\Cfg-7594298\Workflow\1784019022390-0\Config\Developer\Packages.arxml).
              14 Jul 2026 16:50:57 - Loading file PortInterfaces.arxml (C:\Users\32032\AppData\Local\Temp\DaVinci\Cfg-7594298\Workflow\1784019022390-0\Config\Developer\PortInterfaces.arxml).
              14 Jul 2026 16:50:57 - Loading file S32K144_Start.arxml (C:\Users\32032\AppData\Local\Temp\DaVinci\Cfg-7594298\Workflow\1784019022390-0\Config\Developer\S32K144_Start.arxml).
              14 Jul 2026 16:50:57 - Loading file VCUHVACT.arxml (C:\Users\32032\AppData\Local\Temp\DaVinci\Cfg-7594298\Workflow\1784019022390-0\Config\Developer\VCUHVACT.arxml).
              14 Jul 2026 16:50:58 - Opened workspace 'C:\Users\32032\AppData\Local\Temp\DaVinci\Cfg-7594298\Workflow\1784019022390-0\Config\Developer\S32K144_Start.dcf' successfully.
              14 Jul 2026 16:50:59 - Start import.
              14 Jul 2026 16:50:59 - Importing file (C:\Users\32032\AppData\Local\Temp\DaVinci\Cfg-7594298\Workflow\1784019022390-0\Config\System\SystemExtract.arxml).
              14 Jul 2026 16:50:59 - Merging imported data.
              14 Jul 2026 16:51:00 - Finished import.
              14 Jul 2026 16:51:00 - Saving workspace 'C:\Users\32032\AppData\Local\Temp\DaVinci\Cfg-7594298\Workflow\1784019022390-0\Config\Developer\S32K144_Start.dcf'...
              14 Jul 2026 16:51:00 - Saving file DataTypes.arxml (C:\Users\32032\AppData\Local\Temp\DaVinci\Cfg-7594298\Workflow\1784019022390-0\Config\Developer\DataTypes.arxml).
              14 Jul 2026 16:51:00 - Saved workspace 'C:\Users\32032\AppData\Local\Temp\DaVinci\Cfg-7594298\Workflow\1784019022390-0\Config\Developer\S32K144_Start.dcf' successfully.
              14 Jul 2026 16:51:00 - Closing workspace 'C:\Users\32032\AppData\Local\Temp\DaVinci\Cfg-7594298\Workflow\1784019022390-0\Config\Developer\S32K144_Start.dcf'...
              14 Jul 2026 16:51:00 - Closed workspace 'C:\Users\32032\AppData\Local\Temp\DaVinci\Cfg-7594298\Workflow\1784019022390-0\Config\Developer\S32K144_Start.dcf' successfully.
              OK.
 16:51:00 - Action 'Update DaVinci Developer Workspace' successfully finished.
 16:51:00 - Action 'Update RTE configuration' started.
 16:51:01 - Action 'Update RTE configuration' successfully finished.
 16:51:01 - Action 'Align differences after successful update' started.
 16:51:01 - Action 'Align differences after successful update' successfully finished.
 16:51:01 - Action 'Clean up update data' started.
 16:51:01 - Action 'Clean up update data' successfully finished.
16:51:03 - Workflow 'Update workflow.' finished.
